Component: ARM Compiler 5.06 update 7 (build 960) Tool: armlink [4d3601]

==============================================================================

Section Cross References

    system_stm32f10x.o(i.SetSysClock) refers to system_stm32f10x.o(i.SetSysClockTo72) for SetSysClockTo72
    system_stm32f10x.o(i.SystemCoreClockUpdate) refers to system_stm32f10x.o(.data) for SystemCoreClock
    system_stm32f10x.o(i.SystemInit) refers to system_stm32f10x.o(i.SetSysClock) for SetSysClock
    startup_stm32f10x_md.o(RESET) refers to startup_stm32f10x_md.o(STACK) for __initial_sp
    startup_stm32f10x_md.o(RESET) refers to startup_stm32f10x_md.o(.text) for Reset_Handler
    startup_stm32f10x_md.o(RESET) refers to stm32f10x_it_1.o(i.NMI_Handler) for NMI_Handler
    startup_stm32f10x_md.o(RESET) refers to stm32f10x_it_1.o(i.HardFault_Handler) for HardFault_Handler
    startup_stm32f10x_md.o(RESET) refers to stm32f10x_it_1.o(i.MemManage_Handler) for MemManage_Handler
    startup_stm32f10x_md.o(RESET) refers to stm32f10x_it_1.o(i.BusFault_Handler) for BusFault_Handler
    startup_stm32f10x_md.o(RESET) refers to stm32f10x_it_1.o(i.UsageFault_Handler) for UsageFault_Handler
    startup_stm32f10x_md.o(RESET) refers to stm32f10x_it_1.o(i.SVC_Handler) for SVC_Handler
    startup_stm32f10x_md.o(RESET) refers to stm32f10x_it_1.o(i.DebugMon_Handler) for DebugMon_Handler
    startup_stm32f10x_md.o(RESET) refers to stm32f10x_it_1.o(i.PendSV_Handler) for PendSV_Handler
    startup_stm32f10x_md.o(RESET) refers to stm32f10x_it_1.o(i.SysTick_Handler) for SysTick_Handler
    startup_stm32f10x_md.o(RESET) refers to usart.o(i.USART1_IRQHandler) for USART1_IRQHandler
    startup_stm32f10x_md.o(.text) refers to system_stm32f10x.o(i.SystemInit) for SystemInit
    startup_stm32f10x_md.o(.text) refers to entry.o(.ARM.Collect$$$$00000000) for __main
    stm32f10x_adc.o(i.ADC_DeInit) refers to stm32f10x_rcc.o(i.RCC_APB2PeriphResetCmd) for RCC_APB2PeriphResetCmd
    stm32f10x_bkp.o(i.BKP_DeInit) refers to stm32f10x_rcc.o(i.RCC_BackupResetCmd) for RCC_BackupResetCmd
    stm32f10x_can.o(i.CAN_DeInit) refers to stm32f10x_rcc.o(i.RCC_APB1PeriphResetCmd) for RCC_APB1PeriphResetCmd
    stm32f10x_can.o(i.CAN_GetITStatus) refers to stm32f10x_can.o(i.CheckITStatus) for CheckITStatus
    stm32f10x_cec.o(i.CEC_DeInit) refers to stm32f10x_rcc.o(i.RCC_APB1PeriphResetCmd) for RCC_APB1PeriphResetCmd
    stm32f10x_dac.o(i.DAC_DeInit) refers to stm32f10x_rcc.o(i.RCC_APB1PeriphResetCmd) for RCC_APB1PeriphResetCmd
    stm32f10x_flash.o(i.FLASH_EnableWriteProtection) refers to stm32f10x_flash.o(i.FLASH_WaitForLastOperation) for FLASH_WaitForLastOperation
    stm32f10x_flash.o(i.FLASH_EraseAllBank1Pages) refers to stm32f10x_flash.o(i.FLASH_WaitForLastBank1Operation) for FLASH_WaitForLastBank1Operation
    stm32f10x_flash.o(i.FLASH_EraseAllPages) refers to stm32f10x_flash.o(i.FLASH_WaitForLastOperation) for FLASH_WaitForLastOperation
    stm32f10x_flash.o(i.FLASH_EraseOptionBytes) refers to stm32f10x_flash.o(i.FLASH_GetReadOutProtectionStatus) for FLASH_GetReadOutProtectionStatus
    stm32f10x_flash.o(i.FLASH_EraseOptionBytes) refers to stm32f10x_flash.o(i.FLASH_WaitForLastOperation) for FLASH_WaitForLastOperation
    stm32f10x_flash.o(i.FLASH_ErasePage) refers to stm32f10x_flash.o(i.FLASH_WaitForLastOperation) for FLASH_WaitForLastOperation
    stm32f10x_flash.o(i.FLASH_ProgramHalfWord) refers to stm32f10x_flash.o(i.FLASH_WaitForLastOperation) for FLASH_WaitForLastOperation
    stm32f10x_flash.o(i.FLASH_ProgramOptionByteData) refers to stm32f10x_flash.o(i.FLASH_WaitForLastOperation) for FLASH_WaitForLastOperation
    stm32f10x_flash.o(i.FLASH_ProgramWord) refers to stm32f10x_flash.o(i.FLASH_WaitForLastOperation) for FLASH_WaitForLastOperation
    stm32f10x_flash.o(i.FLASH_ReadOutProtection) refers to stm32f10x_flash.o(i.FLASH_WaitForLastOperation) for FLASH_WaitForLastOperation
    stm32f10x_flash.o(i.FLASH_UserOptionByteConfig) refers to stm32f10x_flash.o(i.FLASH_WaitForLastOperation) for FLASH_WaitForLastOperation
    stm32f10x_flash.o(i.FLASH_WaitForLastBank1Operation) refers to stm32f10x_flash.o(i.FLASH_GetBank1Status) for FLASH_GetBank1Status
    stm32f10x_flash.o(i.FLASH_WaitForLastOperation) refers to stm32f10x_flash.o(i.FLASH_GetBank1Status) for FLASH_GetBank1Status
    stm32f10x_gpio.o(i.GPIO_AFIODeInit) refers to stm32f10x_rcc.o(i.RCC_APB2PeriphResetCmd) for RCC_APB2PeriphResetCmd
    stm32f10x_gpio.o(i.GPIO_DeInit) refers to stm32f10x_rcc.o(i.RCC_APB2PeriphResetCmd) for RCC_APB2PeriphResetCmd
    stm32f10x_i2c.o(i.I2C_DeInit) refers to stm32f10x_rcc.o(i.RCC_APB1PeriphResetCmd) for RCC_APB1PeriphResetCmd
    stm32f10x_i2c.o(i.I2C_Init) refers to stm32f10x_rcc.o(i.RCC_GetClocksFreq) for RCC_GetClocksFreq
    stm32f10x_pwr.o(i.PWR_DeInit) refers to stm32f10x_rcc.o(i.RCC_APB1PeriphResetCmd) for RCC_APB1PeriphResetCmd
    stm32f10x_rcc.o(i.RCC_GetClocksFreq) refers to stm32f10x_rcc.o(.data) for APBAHBPrescTable
[...]
    Removing stm32f10x_rcc.o(i.RCC_ClockSecuritySystemCmd), (12 bytes).
    Removing stm32f10x_rcc.o(i.RCC_DeInit), (76 bytes).
    Removing stm32f10x_rcc.o(i.RCC_GetFlagStatus), (60 bytes).
    Removing stm32f10x_rcc.o(i.RCC_GetITStatus), (24 bytes).
    Removing stm32f10x_rcc.o(i.RCC_GetSYSCLKSource), (16 bytes).
    Removing stm32f10x_rcc.o(i.RCC_HCLKConfig), (24 bytes).
    Removing stm32f10x_rcc.o(i.RCC_HSEConfig), (76 bytes).
    Removing stm32f10x_rcc.o(i.RCC_HSICmd), (12 bytes).
    Removing stm32f10x_rcc.o(i.RCC_ITConfig), (32 bytes).
    Removing stm32f10x_rcc.o(i.RCC_LSEConfig), (52 bytes).
    Removing stm32f10x_rcc.o(i.RCC_LSICmd), (12 bytes).
    Removing stm32f10x_rcc.o(i.RCC_MCOConfig), (12 bytes).
    Removing stm32f10x_rcc.o(i.RCC_PCLK1Config), (24 bytes).
    Removing stm32f10x_rcc.o(i.RCC_PCLK2Config), (24 bytes).
    Removing stm32f10x_rcc.o(i.RCC_PLLCmd), (12 bytes).
    Removing stm32f10x_rcc.o(i.RCC_PLLConfig), (28 bytes).
    Removing stm32f10x_rcc.o(i.RCC_RTCCLKCmd), (12 bytes).
    Removing stm32f10x_rcc.o(i.RCC_RTCCLKConfig), (16 bytes).
    Removing stm32f10x_rcc.o(i.RCC_SYSCLKConfig), (24 bytes).
    Removing stm32f10x_rcc.o(i.RCC_USBCLKConfig), (12 bytes).
    Removing stm32f10x_rcc.o(i.RCC_WaitForHSEStartUp), (56 bytes).
    Removing stm32f10x_rtc.o(i.RTC_ClearFlag), (16 bytes).
    Removing stm32f10x_rtc.o(i.RTC_ClearITPendingBit), (16 bytes).
    Removing stm32f10x_rtc.o(i.RTC_EnterConfigMode), (20 bytes).
    Removing stm32f10x_rtc.o(i.RTC_ExitConfigMode), (20 bytes).
    Removing stm32f10x_rtc.o(i.RTC_GetCounter), (20 bytes).
    Removing stm32f10x_rtc.o(i.RTC_GetDivider), (24 bytes).
    Removing stm32f10x_rtc.o(i.RTC_GetFlagStatus), (24 bytes).
    Removing stm32f10x_rtc.o(i.RTC_GetITStatus), (36 bytes).
    Removing stm32f10x_rtc.o(i.RTC_ITConfig), (32 bytes).
    Removing stm32f10x_rtc.o(i.RTC_SetAlarm), (28 bytes).
    Removing stm32f10x_rtc.o(i.RTC_SetCounter), (28 bytes).
    Removing stm32f10x_rtc.o(i.RTC_SetPrescaler), (32 bytes).
    Removing stm32f10x_rtc.o(i.RTC_WaitForLastTask), (20 bytes).
    Removing stm32f10x_rtc.o(i.RTC_WaitForSynchro), (36 bytes).
    Removing stm32f10x_sdio.o(i.SDIO_CEATAITCmd), (16 bytes).
    Removing stm32f10x_sdio.o(i.SDIO_ClearFlag), (12 bytes).
    Removing stm32f10x_sdio.o(i.SDIO_ClearITPendingBit), (12 bytes).
    Removing stm32f10x_sdio.o(i.SDIO_ClockCmd), (12 bytes).
    Removing stm32f10x_sdio.o(i.SDIO_CmdStructInit), (14 bytes).
    Removing stm32f10x_sdio.o(i.SDIO_CommandCompletionCmd), (12 bytes).
    Removing stm32f10x_sdio.o(i.SDIO_DMACmd), (12 bytes).
    Removing stm32f10x_sdio.o(i.SDIO_DataConfig), (48 bytes).
    Removing stm32f10x_sdio.o(i.SDIO_DataStructInit), (20 bytes).
    Removing stm32f10x_sdio.o(i.SDIO_DeInit), (36 bytes).
    Removing stm32f10x_sdio.o(i.SDIO_GetCommandResponse), (12 bytes).
    Removing stm32f10x_sdio.o(i.SDIO_GetDataCounter), (12 bytes).
    Removing stm32f10x_sdio.o(i.SDIO_GetFIFOCount), (12 bytes).
    Removing stm32f10x_sdio.o(i.SDIO_GetFlagStatus), (24 bytes).
    Removing stm32f10x_sdio.o(i.SDIO_GetITStatus), (24 bytes).
    Removing stm32f10x_sdio.o(i.SDIO_GetPowerState), (16 bytes).
    Removing stm32f10x_sdio.o(i.SDIO_GetResponse), (24 bytes).
    Removing stm32f10x_sdio.o(i.SDIO_ITConfig), (32 bytes).
    Removing stm32f10x_sdio.o(i.SDIO_Init), (48 bytes).
    Removing stm32f10x_sdio.o(i.SDIO_ReadData), (12 bytes).
    Removing stm32f10x_sdio.o(i.SDIO_SendCEATACmd), (12 bytes).
    Removing stm32f10x_sdio.o(i.SDIO_SendCommand), (44 bytes).
    Removing stm32f10x_sdio.o(i.SDIO_SendSDIOSuspendCmd), (12 bytes).
    Removing stm32f10x_sdio.o(i.SDIO_SetPowerState), (28 bytes).
    Removing stm32f10x_sdio.o(i.SDIO_SetSDIOOperation), (12 bytes).
    Removing stm32f10x_sdio.o(i.SDIO_SetSDIOReadWaitMode), (12 bytes).
    Removing stm32f10x_sdio.o(i.SDIO_StartSDIOReadWait), (12 bytes).
    Removing stm32f10x_sdio.o(i.SDIO_StopSDIOReadWait), (12 bytes).
    Removing stm32f10x_sdio.o(i.SDIO_StructInit), (16 bytes).
    Removing stm32f10x_sdio.o(i.SDIO_WriteData), (12 bytes).
    Removing stm32f10x_spi.o(i.I2S_Cmd), (24 bytes).
    Removing stm32f10x_spi.o(i.I2S_Init), (232 bytes).
    Removing stm32f10x_spi.o(i.I2S_StructInit), (20 bytes).
    Removing stm32f10x_spi.o(i.SPI_BiDirectionalLineConfig), (28 bytes).
    Removing stm32f10x_spi.o(i.SPI_CalculateCRC), (24 bytes).
    Removing stm32f10x_spi.o(i.SPI_Cmd), (24 bytes).
    Removing stm32f10x_spi.o(i.SPI_DataSizeConfig), (18 bytes).
    Removing stm32f10x_spi.o(i.SPI_GetCRC), (16 bytes).
    Removing stm32f10x_spi.o(i.SPI_GetCRCPolynomial), (6 bytes).
    Removing stm32f10x_spi.o(i.SPI_I2S_ClearFlag), (6 bytes).
    Removing stm32f10x_spi.o(i.SPI_I2S_ClearITPendingBit), (20 bytes).
    Removing stm32f10x_spi.o(i.SPI_I2S_DMACmd), (18 bytes).
    Removing stm32f10x_spi.o(i.SPI_I2S_DeInit), (88 bytes).
    Removing stm32f10x_spi.o(i.SPI_I2S_GetFlagStatus), (18 bytes).
    Removing stm32f10x_spi.o(i.SPI_I2S_GetITStatus), (52 bytes).
    Removing stm32f10x_spi.o(i.SPI_I2S_ITConfig), (32 bytes).
    Removing stm32f10x_spi.o(i.SPI_I2S_ReceiveData), (6 bytes).
    Removing stm32f10x_spi.o(i.SPI_I2S_SendData), (4 bytes).
    Removing stm32f10x_spi.o(i.SPI_Init), (60 bytes).
    Removing stm32f10x_spi.o(i.SPI_NSSInternalSoftwareConfig), (30 bytes).
    Removing stm32f10x_spi.o(i.SPI_SSOutputCmd), (24 bytes).
    Removing stm32f10x_spi.o(i.SPI_StructInit), (24 bytes).
    Removing stm32f10x_spi.o(i.SPI_TransmitCRC), (10 bytes).
    Removing stm32f10x_tim.o(i.TI1_Config), (128 bytes).
    Removing stm32f10x_tim.o(i.TI2_Config), (152 bytes).
    Removing stm32f10x_tim.o(i.TI3_Config), (144 bytes).
    Removing stm32f10x_tim.o(i.TI4_Config), (152 bytes).
    Removing stm32f10x_tim.o(i.TIM_ARRPreloadConfig), (24 bytes).
    Removing stm32f10x_tim.o(i.TIM_BDTRConfig), (32 bytes).
    Removing stm32f10x_tim.o(i.TIM_BDTRStructInit), (18 bytes).
    Removing stm32f10x_tim.o(i.TIM_CCPreloadControl), (24 bytes).
    Removing stm32f10x_tim.o(i.TIM_CCxCmd), (30 bytes).
    Removing stm32f10x_tim.o(i.TIM_CCxNCmd), (30 bytes).
    Removing stm32f10x_tim.o(i.TIM_ClearFlag), (6 bytes).
    Removing stm32f10x_tim.o(i.TIM_ClearITPendingBit), (6 bytes).
    Removing stm32f10x_tim.o(i.TIM_ClearOC1Ref), (18 bytes).
    Removing stm32f10x_tim.o(i.TIM_ClearOC2Ref), (24 bytes).
    Removing stm32f10x_tim.o(i.TIM_ClearOC3Ref), (18 bytes).
    Removing stm32f10x_tim.o(i.TIM_ClearOC4Ref), (24 bytes).
    Removing stm32f10x_tim.o(i.TIM_Cmd), (24 bytes).
    Removing stm32f10x_tim.o(i.TIM_CounterModeConfig), (18 bytes).
    Removing stm32f10x_tim.o(i.TIM_CtrlPWMOutputs), (30 bytes).
    Removing stm32f10x_tim.o(i.TIM_DMACmd), (18 bytes).
    Removing stm32f10x_tim.o(i.TIM_DMAConfig), (10 bytes).
    Removing stm32f10x_tim.o(i.TIM_DeInit), (488 bytes).
    Removing stm32f10x_tim.o(i.TIM_ETRClockMode1Config), (54 bytes).
    Removing stm32f10x_tim.o(i.TIM_ETRClockMode2Config), (32 bytes).
    Removing stm32f10x_tim.o(i.TIM_ETRConfig), (28 bytes).
    Removing stm32f10x_tim.o(i.TIM_EncoderInterfaceConfig), (66 bytes).
    Removing stm32f10x_tim.o(i.TIM_ForcedOC1Config), (18 bytes).
    Removing stm32f10x_tim.o(i.TIM_ForcedOC2Config), (26 bytes).
    Removing stm32f10x_tim.o(i.TIM_ForcedOC3Config), (18 bytes).
    Removing stm32f10x_tim.o(i.TIM_ForcedOC4Config), (26 bytes).
    Removing stm32f10x_tim.o(i.TIM_GenerateEvent), (4 bytes).
    Removing stm32f10x_tim.o(i.TIM_GetCapture1), (6 bytes).
    Removing stm32f10x_tim.o(i.TIM_GetCapture2), (6 bytes).
    Removing stm32f10x_tim.o(i.TIM_GetCapture3), (6 bytes).
    Removing stm32f10x_tim.o(i.TIM_GetCapture4), (8 bytes).
    Removing stm32f10x_tim.o(i.TIM_GetCounter), (6 bytes).
    Removing stm32f10x_tim.o(i.TIM_GetFlagStatus), (18 bytes).
    Removing stm32f10x_tim.o(i.TIM_GetITStatus), (34 bytes).
    Removing stm32f10x_tim.o(i.TIM_GetPrescaler), (6 bytes).
    Removing stm32f10x_tim.o(i.TIM_ICInit), (172 bytes).
    Removing stm32f10x_tim.o(i.TIM_ICStructInit), (18 bytes).
    Removing stm32f10x_tim.o(i.TIM_ITConfig), (18 bytes).
    Removing stm32f10x_tim.o(i.TIM_ITRxExternalClockConfig), (24 bytes).
    Removing stm32f10x_tim.o(i.TIM_InternalClockConfig), (12 bytes).
    Removing stm32f10x_tim.o(i.TIM_OC1FastConfig), (18 bytes).
    Removing stm32f10x_tim.o(i.TIM_OC1Init), (152 bytes).
    Removing stm32f10x_tim.o(i.TIM_OC1NPolarityConfig), (18 bytes).
    Removing stm32f10x_tim.o(i.TIM_OC1PolarityConfig), (18 bytes).
    Removing stm32f10x_tim.o(i.TIM_OC1PreloadConfig), (18 bytes).
    Removing stm32f10x_tim.o(i.TIM_OC2FastConfig), (26 bytes).
    Removing stm32f10x_tim.o(i.TIM_OC2Init), (164 bytes).
    Removing stm32f10x_tim.o(i.TIM_OC2NPolarityConfig), (26 bytes).
    Removing stm32f10x_tim.o(i.TIM_OC2PolarityConfig), (26 bytes).
    Removing stm32f10x_tim.o(i.TIM_OC2PreloadConfig), (26 bytes).
    Removing stm32f10x_tim.o(i.TIM_OC3FastConfig), (18 bytes).
    Removing stm32f10x_tim.o(i.TIM_OC3Init), (160 bytes).
    Removing stm32f10x_tim.o(i.TIM_OC3NPolarityConfig), (26 bytes).
    Removing stm32f10x_tim.o(i.TIM_OC3PolarityConfig), (26 bytes).
    Removing stm32f10x_tim.o(i.TIM_OC3PreloadConfig), (18 bytes).
    Removing stm32f10x_tim.o(i.TIM_OC4FastConfig), (26 bytes).
    Removing stm32f10x_tim.o(i.TIM_OC4Init), (124 bytes).
    Removing stm32f10x_tim.o(i.TIM_OC4PolarityConfig), (26 bytes).
    Removing stm32f10x_tim.o(i.TIM_OC4PreloadConfig), (26 bytes).
    Removing stm32f10x_tim.o(i.TIM_OCStructInit), (20 bytes).
    Removing stm32f10x_tim.o(i.TIM_PWMIConfig), (124 bytes).
    Removing stm32f10x_tim.o(i.TIM_PrescalerConfig), (6 bytes).
    Removing stm32f10x_tim.o(i.TIM_SelectCCDMA), (24 bytes).
    Removing stm32f10x_tim.o(i.TIM_SelectCOM), (24 bytes).
    Removing stm32f10x_tim.o(i.TIM_SelectHallSensor), (24 bytes).
    Removing stm32f10x_tim.o(i.TIM_SelectInputTrigger), (18 bytes).
    Removing stm32f10x_tim.o(i.TIM_SelectMasterSlaveMode), (18 bytes).
    Removing stm32f10x_tim.o(i.TIM_SelectOCxM), (82 bytes).
    Removing stm32f10x_tim.o(i.TIM_SelectOnePulseMode), (18 bytes).
    Removing stm32f10x_tim.o(i.TIM_SelectOutputTrigger), (18 bytes).
    Removing stm32f10x_tim.o(i.TIM_SelectSlaveMode), (18 bytes).
    Removing stm32f10x_tim.o(i.TIM_SetAutoreload), (4 bytes).
    Removing stm32f10x_tim.o(i.TIM_SetClockDivision), (18 bytes).
    Removing stm32f10x_tim.o(i.TIM_SetCompare1), (4 bytes).
    Removing stm32f10x_tim.o(i.TIM_SetCompare2), (4 bytes).
    Removing stm32f10x_tim.o(i.TIM_SetCompare3), (4 bytes).
    Removing stm32f10x_tim.o(i.TIM_SetCompare4), (6 bytes).
    Removing stm32f10x_tim.o(i.TIM_SetCounter), (4 bytes).
    Removing stm32f10x_tim.o(i.TIM_SetIC1Prescaler), (18 bytes).
    Removing stm32f10x_tim.o(i.TIM_SetIC2Prescaler), (26 bytes).
    Removing stm32f10x_tim.o(i.TIM_SetIC3Prescaler), (18 bytes).
    Removing stm32f10x_tim.o(i.TIM_SetIC4Prescaler), (26 bytes).
    Removing stm32f10x_tim.o(i.TIM_TIxExternalClockConfig), (62 bytes).
    Removing stm32f10x_tim.o(i.TIM_TimeBaseInit), (164 bytes).
    Removing stm32f10x_tim.o(i.TIM_TimeBaseStructInit), (18 bytes).
    Removing stm32f10x_tim.o(i.TIM_UpdateDisableConfig), (24 bytes).
    Removing stm32f10x_tim.o(i.TIM_UpdateRequestConfig), (24 bytes).
    Removing stm32f10x_usart.o(i.USART_ClearFlag), (18 bytes).
    Removing stm32f10x_usart.o(i.USART_ClearITPendingBit), (30 bytes).
    Removing stm32f10x_usart.o(i.USART_ClockInit), (34 bytes).
    Removing stm32f10x_usart.o(i.USART_ClockStructInit), (12 bytes).
    Removing stm32f10x_usart.o(i.USART_DMACmd), (18 bytes).
    Removing stm32f10x_usart.o(i.USART_DeInit), (156 bytes).
    Removing stm32f10x_usart.o(i.USART_HalfDuplexCmd), (24 bytes).
    Removing stm32f10x_usart.o(i.USART_IrDACmd), (24 bytes).
    Removing stm32f10x_usart.o(i.USART_IrDAConfig), (18 bytes).
    Removing stm32f10x_usart.o(i.USART_LINBreakDetectLengthConfig), (18 bytes).
    Removing stm32f10x_usart.o(i.USART_LINCmd), (24 bytes).
    Removing stm32f10x_usart.o(i.USART_OneBitMethodCmd), (24 bytes).
    Removing stm32f10x_usart.o(i.USART_OverSampling8Cmd), (22 bytes).
    Removing stm32f10x_usart.o(i.USART_ReceiverWakeUpCmd), (24 bytes).
    Removing stm32f10x_usart.o(i.USART_SendBreak), (10 bytes).
    Removing stm32f10x_usart.o(i.USART_SetAddress), (18 bytes).
    Removing stm32f10x_usart.o(i.USART_SetGuardTime), (16 bytes).
    Removing stm32f10x_usart.o(i.USART_SetPrescaler), (16 bytes).
    Removing stm32f10x_usart.o(i.USART_SmartCardCmd), (24 bytes).
    Removing stm32f10x_usart.o(i.USART_SmartCardNACKCmd), (24 bytes).
    Removing stm32f10x_usart.o(i.USART_StructInit), (24 bytes).
    Removing stm32f10x_usart.o(i.USART_WakeUpConfig), (18 bytes).
    Removing stm32f10x_wwdg.o(i.WWDG_ClearFlag), (12 bytes).
    Removing stm32f10x_wwdg.o(i.WWDG_DeInit), (22 bytes).
    Removing stm32f10x_wwdg.o(i.WWDG_Enable), (16 bytes).
    Removing stm32f10x_wwdg.o(i.WWDG_EnableIT), (12 bytes).
    Removing stm32f10x_wwdg.o(i.WWDG_GetFlagStatus), (12 bytes).
    Removing stm32f10x_wwdg.o(i.WWDG_SetCounter), (16 bytes).
    Removing stm32f10x_wwdg.o(i.WWDG_SetPrescaler), (24 bytes).
    Removing stm32f10x_wwdg.o(i.WWDG_SetWindowValue), (40 bytes).
    Removing gui.o(i.DisplayButtonDown), (130 bytes).
    Removing gui.o(i.DisplayButtonUp), (130 bytes).
    Removing gui.o(i.Gui_Circle), (300 bytes).
    Removing gui.o(i.Gui_DrawFont_GBK16), (404 bytes).
    Removing gui.o(i.Gui_DrawFont_Num16), (128 bytes).
    Removing gui.o(i.Gui_DrawFont_Num32), (128 bytes).
    Removing gui.o(i.Gui_box), (188 bytes).
    Removing gui.o(i.Gui_box2), (386 bytes).
    Removing gui.o(i.LCD_BGR2RGB), (26 bytes).
    Removing lcd_driver.o(i.Lcd_Clear1), (76 bytes).
    Removing lcd_driver.o(i.Lcd_ReadPoint), (24 bytes).
    Removing lcd_driver.o(i.Lcd_WriteReg), (20 bytes).
    Removing oled.o(i.OLED_ShowBinNum), (62 bytes).
    Removing oled.o(i.OLED_ShowHexNum), (84 bytes).
    Removing oled.o(i.OLED_ShowSignedNum), (102 bytes).
    Removing usart.o(i.Send_Char), (32 bytes).
    Removing filter.o(.constdata), (8 bytes).

466 unused section(s) (total 20582 bytes) removed from the image.

==============================================================================

Image Symbol Table

    Local Symbols

    Symbol Name                              Value     Ov Type        Size  Object(Section)

    ../clib/microlib/division.c              0x00000000   Number         0  uidiv.o ABSOLUTE
    ../clib/microlib/division.c              0x00000000   Number         0  uldiv.o ABSOLUTE
    ../clib/microlib/init/entry.s            0x00000000   Number         0  entry7b.o ABSOLUTE
    ../clib/microlib/init/entry.s            0x00000000   Number         0  entry12a.o ABSOLUTE
    ../clib/microlib/init/entry.s            0x00000000   Number         0  entry12b.o ABSOLUTE
    ../clib/microlib/init/entry.s            0x00000000   Number         0  entry10b.o ABSOLUTE
    ../clib/microlib/init/entry.s            0x00000000   Number         0  entry7a.o ABSOLUTE
    ../clib/microlib/init/entry.s            0x00000000   Number         0  entry11a.o ABSOLUTE
    ../clib/microlib/init/entry.s            0x00000000   Number         0  entry11b.o ABSOLUTE
    ../clib/microlib/init/entry.s            0x00000000   Number         0  entry10a.o ABSOLUTE
    ../clib/microlib/init/entry.s            0x00000000   Number         0  entry9b.o ABSOLUTE
    ../clib/microlib/init/entry.s            0x00000000   Number         0  entry5.o ABSOLUTE
    ../clib/microlib/init/entry.s            0x00000000   Number         0  entry9a.o ABSOLUTE
    ../clib/microlib/init/entry.s            0x00000000   Number         0  entry8b.o ABSOLUTE
    ../clib/microlib/init/entry.s            0x00000000   Number         0  entry2.o ABSOLUTE
    ../clib/microlib/init/entry.s            0x00000000   Number         0  entry.o ABSOLUTE
    ../clib/microlib/init/entry.s            0x00000000   Number         0  entry8a.o ABSOLUTE
    ../clib/microlib/longlong.c              0x00000000   Number         0  llushr.o ABSOLUTE
    ../clib/microlib/longlong.c              0x00000000   Number         0  llsshr.o ABSOLUTE
    ../clib/microlib/longlong.c              0x00000000   Number         0  llshl.o ABSOLUTE
    ../clib/microlib/printf/printf.c         0x00000000   Number         0  printf5.o ABSOLUTE
    ../clib/microlib/printf/printf.c         0x00000000   Number         0  printf4.o ABSOLUTE
    ../clib/microlib/printf/printf.c         0x00000000   Number         0  printfb.o ABSOLUTE
    ../clib/microlib/printf/printf.c         0x00000000   Number         0  printf3.o ABSOLUTE
    ../clib/microlib/printf/printf.c         0x00000000   Number         0  printf2.o ABSOLUTE
    ../clib/microlib/printf/printf.c         0x00000000   Number         0  printf1.o ABSOLUTE
    ../clib/microlib/printf/printf.c         0x00000000   Number         0  printf8.o ABSOLUTE
    ../clib/microlib/printf/printf.c         0x00000000   Number         0  printf7.o ABSOLUTE
    ../clib/microlib/printf/printf.c         0x00000000   Number         0  printf0.o ABSOLUTE
    ../clib/microlib/printf/printf.c         0x00000000   Number         0  printfa.o ABSOLUTE
    ../clib/microlib/printf/printf.c         0x00000000   Number         0  printf6.o ABSOLUTE
    ../clib/microlib/printf/stubs.s          0x00000000   Number         0  stubs.o ABSOLUTE
    ../clib/microlib/stdio/streams.c         0x00000000   Number         0  stdout.o ABSOLUTE
    ../clib/microlib/string/memset.c         0x00000000   Number         0  memseta.o ABSOLUTE
    ../clib/microlib/string/strcmp.c         0x00000000   Number         0  strcmp.o ABSOLUTE
    ../clib/microlib/stubs.s                 0x00000000   Number         0  iusefp.o ABSOLUTE
    ../fplib/microlib/d2f.c                  0x00000000   Number         0  d2f.o ABSOLUTE
    ../fplib/microlib/f2d.c                  0x00000000   Number         0  f2d.o ABSOLUTE
    ../fplib/microlib/fpadd.c                0x00000000   Number         0  fadd.o ABSOLUTE
    ../fplib/microlib/fpadd.c                0x00000000   Number         0  dadd.o ABSOLUTE
    ../fplib/microlib/fpdiv.c                0x00000000   Number         0  fdiv.o ABSOLUTE
    ../fplib/microlib/fpdiv.c                0x00000000   Number         0  ddiv.o ABSOLUTE
    ../fplib/microlib/fpepilogue.c           0x00000000   Number         0  depilogue.o ABSOLUTE
    ../fplib/microlib/fpepilogue.c           0x00000000   Number         0  fepilogue.o ABSOLUTE
    ../fplib/microlib/fpfix.c                0x00000000   Number         0  dfixul.o ABSOLUTE
    ../fplib/microlib/fpfix.c                0x00000000   Number         0  ffixi.o ABSOLUTE
    ../fplib/microlib/fpfix.c                0x00000000   Number         0  dfixui.o ABSOLUTE
    ../fplib/microlib/fpfix.c                0x00000000   Number         0  ffixui.o ABSOLUTE
    ../fplib/microlib/fpflt.c                0x00000000   Number         0  ffltui.o ABSOLUTE
    ../fplib/microlib/fpflt.c                0x00000000   Number         0  fflti.o ABSOLUTE
    ../fplib/microlib/fpflt.c                0x00000000   Number         0  dflti.o ABSOLUTE
    ../fplib/microlib/fpmul.c                0x00000000   Number         0  fmul.o ABSOLUTE
    ../fplib/microlib/fpmul.c                0x00000000   Number         0  dmul.o ABSOLUTE
    ..\project_1\startup\startup_stm32f10x_md.s 0x00000000   Number         0  startup_stm32f10x_md.o ABSOLUTE
    AD\AD.c                                  0x00000000   Number         0  ad.o ABSOLUTE
    AD\filter.c                              0x00000000   Number         0  filter.o ABSOLUTE
    cdrcmple.s                               0x00000000   Number         0  cdrcmple.o ABSOLUTE
    cfcmple.s                                0x00000000   Number         0  cfcmple.o ABSOLUTE
    cfrcmple.s                               0x00000000   Number         0  cfrcmple.o ABSOLUTE
    dc.s                                     0x00000000   Number         0  dc.o ABSOLUTE
    esp8266\AT.c                             0x00000000   Number         0  at.o ABSOLUTE
    handlers.s                               0x00000000   Number         0  handlers.o ABSOLUTE
    init.s                                   0x00000000   Number         0  init.o ABSOLUTE
    library\misc.c                           0x00000000   Number         0  misc.o ABSOLUTE
    library\stm32f10x_adc.c                  0x00000000   Number         0  stm32f10x_adc.o ABSOLUTE
    library\stm32f10x_bkp.c                  0x00000000   Number         0  stm32f10x_bkp.o ABSOLUTE
    library\stm32f10x_can.c                  0x00000000   Number         0  stm32f10x_can.o ABSOLUTE
    library\stm32f10x_cec.c                  0x00000000   Number         0  stm32f10x_cec.o ABSOLUTE
    library\stm32f10x_crc.c                  0x00000000   Number         0  stm32f10x_crc.o ABSOLUTE
    library\stm32f10x_dac.c                  0x00000000   Number         0  stm32f10x_dac.o ABSOLUTE
    library\stm32f10x_dbgmcu.c               0x00000000   Number         0  stm32f10x_dbgmcu.o ABSOLUTE
    library\stm32f10x_dma.c                  0x00000000   Number         0  stm32f10x_dma.o ABSOLUTE
    library\stm32f10x_exti.c                 0x00000000   Number         0  stm32f10x_exti.o ABSOLUTE
    library\stm32f10x_flash.c                0x00000000   Number         0  stm32f10x_flash.o ABSOLUTE
    library\stm32f10x_fsmc.c                 0x00000000   Number         0  stm32f10x_fsmc.o ABSOLUTE
    library\stm32f10x_gpio.c                 0x00000000   Number         0  stm32f10x_gpio.o ABSOLUTE
    library\stm32f10x_i2c.c                  0x00000000   Number         0  stm32f10x_i2c.o ABSOLUTE
    library\stm32f10x_iwdg.c                 0x00000000   Number         0  stm32f10x_iwdg.o ABSOLUTE
    library\stm32f10x_pwr.c                  0x00000000   Number         0  stm32f10x_pwr.o ABSOLUTE
    library\stm32f10x_rcc.c                  0x00000000   Number         0  stm32f10x_rcc.o ABSOLUTE
    library\stm32f10x_rtc.c                  0x00000000   Number         0  stm32f10x_rtc.o ABSOLUTE
    library\stm32f10x_sdio.c                 0x00000000   Number         0  stm32f10x_sdio.o ABSOLUTE
    library\stm32f10x_spi.c                  0x00000000   Number         0  stm32f10x_spi.o ABSOLUTE
    library\stm32f10x_tim.c                  0x00000000   Number         0  stm32f10x_tim.o ABSOLUTE
    library\stm32f10x_usart.c                0x00000000   Number         0  stm32f10x_usart.o ABSOLUTE
    library\stm32f10x_wwdg.c                 0x00000000   Number         0  stm32f10x_wwdg.o ABSOLUTE
    startup\\core_cm3.c                      0x00000000   Number         0  core_cm3.o ABSOLUTE
    startup\core_cm3.c                       0x00000000   Number         0  core_cm3.o ABSOLUTE
    startup\system_stm32f10x.c               0x00000000   Number         0  system_stm32f10x.o ABSOLUTE
    system\Delay.c                           0x00000000   Number         0  delay.o ABSOLUTE
    system\OLED.c                            0x00000000   Number         0  oled.o ABSOLUTE
    time\TIME.c                              0x00000000   Number         0  time.o ABSOLUTE
    usart\usart.c                            0x00000000   Number         0  usart.o ABSOLUTE
    user\GUI.c                               0x00000000   Number         0  gui.o ABSOLUTE
    user\Lcd_Driver.c                        0x00000000   Number         0  lcd_driver.o ABSOLUTE
    user\main.c                              0x00000000   Number         0  main_1.o ABSOLUTE
    user\stm32f10x_it.c                      0x00000000   Number         0  stm32f10x_it_1.o ABSOLUTE
    RESET                                    0x08000000   Section      236  startup_stm32f10x_md.o(RESET)
    .ARM.Collect$$$$00000000                 0x080000ec   Section        0  entry.o(.ARM.Collect$$$$00000000)
    .ARM.Collect$$$$00000001                 0x080000ec   Section        4  entry2.o(.ARM.Collect$$$$00000001)
    .ARM.Collect$$$$00000004                 0x080000f0   Section        4  entry5.o(.ARM.Collect$$$$00000004)
    .ARM.Collect$$$$00000008                 0x080000f4   Section        0  entry7b.o(.ARM.Collect$$$$00000008)
    .ARM.Collect$$$$0000000A                 0x080000f4   Section        0  entry8b.o(.ARM.Collect$$$$0000000A)
    .ARM.Collect$$$$0000000B                 0x080000f4   Section        8  entry9a.o(.ARM.Collect$$$$0000000B)
    .ARM.Collect$$$$0000000E                 0x080000fc   Section        4  entry12b.o(.ARM.Collect$$$$0000000E)
    .ARM.Collect$$$$0000000F                 0x08000100   Section        0  entry10a.o(.ARM.Collect$$$$0000000F)
    .ARM.Collect$$$$00000011                 0x08000100   Section        0  entry11a.o(.ARM.Collect$$$$00000011)
    .ARM.Collect$$$$00002712                 0x08000100   Section        4  entry2.o(.ARM.Collect$$$$00002712)
    __lit__00000000                          0x08000100   Data           4  entry2.o(.ARM.Collect$$$$00002712)
    .text                                    0x08000104   Section       36  startup_stm32f10x_md.o(.text)
    .text                                    0x08000128   Section        0  memseta.o(.text)
    .text                                    0x0800014c   Section        0  strcmp.o(.text)
    .text                                    0x08000168   Section        0  fadd.o(.text)
    .text                                    0x08000218   Section        0  fmul.o(.text)
    .text                                    0x0800027c   Section        0  fdiv.o(.text)
    .text                                    0x080002f8   Section        0  dadd.o(.text)
    .text                                    0x08000446   Section        0  dmul.o(.text)
    .text                                    0x0800052a   Section        0  fflti.o(.text)
    .text                                    0x0800053c   Section        0  ffltui.o(.text)
    .text                                    0x08000546   Section        0  dflti.o(.text)
    .text                                    0x08000568   Section        0  ffixi.o(.text)
    .text                                    0x0800059a   Section        0  ffixui.o(.text)
    .text                                    0x080005c2   Section        0  dfixui.o(.text)
    .text                                    0x080005f4   Section        0  f2d.o(.text)
    .text                                    0x0800061a   Section        0  d2f.o(.text)
    .text                                    0x08000654   Section       20  cfcmple.o(.text)
    .text                                    0x08000668   Section       20  cfrcmple.o(.text)
    .text                                    0x0800067c   Section        0  uidiv.o(.text)
    .text                                    0x080006a8   Section        0  uldiv.o(.text)
    .text                                    0x0800070a   Section        0  llshl.o(.text)
    .text                                    0x08000728   Section        0  llushr.o(.text)
    .text                                    0x08000748   Section        0  llsshr.o(.text)
    .text                                    0x0800076c   Section        0  iusefp.o(.text)
    .text                                    0x0800076c   Section        0  fepilogue.o(.text)
    .text                                    0x080007da   Section        0  depilogue.o(.text)
    .text                                    0x08000894   Section        0  ddiv.o(.text)
    .text                                    0x08000972   Section        0  dfixul.o(.text)
    .text                                    0x080009a4   Section       48  cdrcmple.o(.text)
    .text                                    0x080009d4   Section       36  init.o(.text)
    i.ADC_Cmd                                0x080009f8   Section        0  stm32f10x_adc.o(i.ADC_Cmd)
    i.ADC_GetCalibrationStatus               0x08000a0e   Section        0  stm32f10x_adc.o(i.ADC_GetCalibrationStatus)
    i.ADC_GetConversionValue                 0x08000a22   Section        0  stm32f10x_adc.o(i.ADC_GetConversionValue)
    i.ADC_GetFlagStatus                      0x08000a2a   Section        0  stm32f10x_adc.o(i.ADC_GetFlagStatus)
    i.ADC_GetResetCalibrationStatus          0x08000a3c   Section        0  stm32f10x_adc.o(i.ADC_GetResetCalibrationStatus)
    i.ADC_Init                               0x08000a50   Section        0  stm32f10x_adc.o(i.ADC_Init)
    i.ADC_RegularChannelConfig               0x08000aa0   Section        0  stm32f10x_adc.o(i.ADC_RegularChannelConfig)
    i.ADC_ResetCalibration                   0x08000b58   Section        0  stm32f10x_adc.o(i.ADC_ResetCalibration)
    i.ADC_SoftwareStartConvCmd               0x08000b62   Section        0  stm32f10x_adc.o(i.ADC_SoftwareStartConvCmd)
    i.ADC_StartCalibration                   0x08000b78   Section        0  stm32f10x_adc.o(i.ADC_StartCalibration)
    i.AD_GetValue                            0x08000b84   Section        0  ad.o(i.AD_GetValue)
    i.AD_Init                                0x08000ba8   Section        0  ad.o(i.AD_Init)
    i.BusFault_Handler                       0x08000c48   Section        0  stm32f10x_it_1.o(i.BusFault_Handler)
    i.DH11_GPIO_Init_IN                      0x08000c4c   Section        0  time.o(i.DH11_GPIO_Init_IN)
    i.DH11_GPIO_Init_OUT                     0x08000c74   Section        0  time.o(i.DH11_GPIO_Init_OUT)
    i.DH11_REC_Data                          0x08000ca0   Section        0  time.o(i.DH11_REC_Data)
    i.DH11_RST                               0x08000d3c   Section        0  time.o(i.DH11_RST)
    i.DHT11_Rec_Byte                         0x08000d78   Section        0  time.o(i.DHT11_Rec_Byte)
    i.DebugMon_Handler                       0x08000dc8   Section        0  stm32f10x_it_1.o(i.DebugMon_Handler)
    i.Delay_ms                               0x08000dca   Section        0  delay.o(i.Delay_ms)
    i.Delay_s                                0x08000de2   Section        0  delay.o(i.Delay_s)
    i.Delay_us                               0x08000dfa   Section        0  delay.o(i.Delay_us)
    i.ECG_draw                               0x08000e28   Section        0  main_1.o(i.ECG_draw)
    i.GPIO_Init                              0x08000f04   Section        0  stm32f10x_gpio.o(i.GPIO_Init)
    i.GPIO_ReadInputDataBit                  0x0800101a   Section        0  stm32f10x_gpio.o(i.GPIO_ReadInputDataBit)
    i.GPIO_ResetBits                         0x0800102c   Section        0  stm32f10x_gpio.o(i.GPIO_ResetBits)
    i.GPIO_SetBits                           0x08001030   Section        0  stm32f10x_gpio.o(i.GPIO_SetBits)
    i.GPIO_WriteBit                          0x08001034   Section        0  stm32f10x_gpio.o(i.GPIO_WriteBit)
    i.Get_AD_Avg                             0x08001040   Section        0  ad.o(i.Get_AD_Avg)
    i.Get_Voltage                            0x08001104   Section        0  ad.o(i.Get_Voltage)
    i.Getmax                                 0x08001160   Section        0  filter.o(i.Getmax)
    i.Getmin                                 0x0800119a   Section        0  filter.o(i.Getmin)
    i.Gui_DrawFont_GBK24                     0x080011d4   Section        0  gui.o(i.Gui_DrawFont_GBK24)
    i.Gui_DrawLine                           0x080013c4   Section        0  gui.o(i.Gui_DrawLine)
    i.Gui_DrawPoint                          0x0800147e   Section        0  lcd_driver.o(i.Gui_DrawPoint)
    i.HardFault_Handler                      0x0800149e   Section        0  stm32f10x_it_1.o(i.HardFault_Handler)
    i.LCD_GPIO_Init                          0x080014a4   Section        0  lcd_driver.o(i.LCD_GPIO_Init)
    i.LCD_WriteData_16Bit                    0x080014f8   Section        0  lcd_driver.o(i.LCD_WriteData_16Bit)
    i.Lcd_Clear                              0x08001528   Section        0  lcd_driver.o(i.Lcd_Clear)
    i.Lcd_Init                               0x0800155a   Section        0  lcd_driver.o(i.Lcd_Init)
    i.Lcd_Reset                              0x0800177c   Section        0  lcd_driver.o(i.Lcd_Reset)
    i.Lcd_SetRegion                          0x080017a0   Section        0  lcd_driver.o(i.Lcd_SetRegion)
    i.Lcd_SetXY                              0x080017f6   Section        0  lcd_driver.o(i.Lcd_SetXY)
    i.Lcd_WriteData                          0x0800180c   Section        0  lcd_driver.o(i.Lcd_WriteData)
    i.Lcd_WriteIndex                         0x08001834   Section        0  lcd_driver.o(i.Lcd_WriteIndex)
    i.MemManage_Handler                      0x0800185c   Section        0  stm32f10x_it_1.o(i.MemManage_Handler)
    i.NMI_Handler                            0x08001860   Section        0  stm32f10x_it_1.o(i.NMI_Handler)
    i.NVIC_Init                              0x08001864   Section        0  misc.o(i.NVIC_Init)
    i.NVIC_PriorityGroupConfig               0x080018d4   Section        0  misc.o(i.NVIC_PriorityGroupConfig)
    i.OLED_Clear                             0x080018e8   Section        0  oled.o(i.OLED_Clear)
    i.OLED_Init                              0x08001912   Section        0  oled.o(i.OLED_Init)
    i.OLED_Pow                               0x080019c0   Section        0  oled.o(i.OLED_Pow)
    i.OLED_SPI_Init                          0x080019d4   Section        0  oled.o(i.OLED_SPI_Init)
    i.OLED_SPI_SendByte                      0x08001a80   Section        0  oled.o(i.OLED_SPI_SendByte)
    i.OLED_SetCursor                         0x08001ac0   Section        0  oled.o(i.OLED_SetCursor)
    i.OLED_ShowChar                          0x08001ae4   Section        0  oled.o(i.OLED_ShowChar)
    i.OLED_ShowNum                           0x08001b58   Section        0  oled.o(i.OLED_ShowNum)
    i.OLED_ShowString                        0x08001b9c   Section        0  oled.o(i.OLED_ShowString)
    i.OLED_WriteCommand                      0x08001bc4   Section        0  oled.o(i.OLED_WriteCommand)
    i.OLED_WriteData                         0x08001bfc   Section        0  oled.o(i.OLED_WriteData)
    i.PendSV_Handler                         0x08001c30   Section        0  stm32f10x_it_1.o(i.PendSV_Handler)
    i.RCC_ADCCLKConfig                       0x08001c34   Section        0  stm32f10x_rcc.o(i.RCC_ADCCLKConfig)
    i.RCC_APB2PeriphClockCmd                 0x08001c4c   Section        0  stm32f10x_rcc.o(i.RCC_APB2PeriphClockCmd)
    i.RCC_GetClocksFreq                      0x08001c6c   Section        0  stm32f10x_rcc.o(i.RCC_GetClocksFreq)
    i.Rwave_detection                        0x08001d40   Section        0  filter.o(i.Rwave_detection)
    i.SPI_WriteData                          0x08001e60   Section        0  lcd_driver.o(i.SPI_WriteData)
    i.SVC_Handler                            0x08001e9c   Section        0  stm32f10x_it_1.o(i.SVC_Handler)
    i.Serial_Init                            0x08001ea0   Section        0  usart.o(i.Serial_Init)
    i.Serial_Pow                             0x08001f58   Section        0  usart.o(i.Serial_Pow)
    i.Serial_SendByte                        0x08001f6c   Section        0  usart.o(i.Serial_SendByte)
    i.Serial_SendNumber                      0x08001f8c   Section        0  usart.o(i.Serial_SendNumber)
    i.Serial_SendString                      0x08001fc6   Section        0  usart.o(i.Serial_SendString)
    i.SetSysClock                            0x08001fe0   Section        0  system_stm32f10x.o(i.SetSysClock)
    SetSysClock                              0x08001fe1   Thumb Code     8  system_stm32f10x.o(i.SetSysClock)
    i.SetSysClockTo72                        0x08001fe8   Section        0  system_stm32f10x.o(i.SetSysClockTo72)
    SetSysClockTo72                          0x08001fe9   Thumb Code   214  system_stm32f10x.o(i.SetSysClockTo72)
    i.SysTick_Handler                        0x080020c8   Section        0  stm32f10x_it_1.o(i.SysTick_Handler)
    i.SystemInit                             0x080020cc   Section        0  system_stm32f10x.o(i.SystemInit)
    i.USART1_IRQHandler                      0x0800212c   Section        0  usart.o(i.USART1_IRQHandler)
    i.USART_Cmd                              0x080021a0   Section        0  stm32f10x_usart.o(i.USART_Cmd)
    i.USART_GetFlagStatus                    0x080021b8   Section        0  stm32f10x_usart.o(i.USART_GetFlagStatus)
    i.USART_GetITStatus                      0x080021d2   Section        0  stm32f10x_usart.o(i.USART_GetITStatus)
    i.USART_ITConfig                         0x08002226   Section        0  stm32f10x_usart.o(i.USART_ITConfig)
    i.USART_Init                             0x08002270   Section        0  stm32f10x_usart.o(i.USART_Init)
    i.USART_ReceiveData                      0x08002348   Section        0  stm32f10x_usart.o(i.USART_ReceiveData)
    i.USART_SendData                         0x08002352   Section        0  stm32f10x_usart.o(i.USART_SendData)
    i.UsageFault_Handler                     0x0800235a   Section        0  stm32f10x_it_1.o(i.UsageFault_Handler)
    i.__0printf                              0x08002360   Section        0  printfa.o(i.__0printf)
    i.__0sprintf                             0x08002380   Section        0  printfa.o(i.__0sprintf)
    i.__scatterload_copy                     0x080023a8   Section       14  handlers.o(i.__scatterload_copy)
    i.__scatterload_null                     0x080023b6   Section        2  handlers.o(i.__scatterload_null)
    i.__scatterload_zeroinit                 0x080023b8   Section       14  handlers.o(i.__scatterload_zeroinit)
    i._fp_digits                             0x080023c8   Section        0  printfa.o(i._fp_digits)
    _fp_digits                               0x080023c9   Thumb Code   366  printfa.o(i._fp_digits)
    i._printf_core                           0x0800254c   Section        0  printfa.o(i._printf_core)
    _printf_core                             0x0800254d   Thumb Code  1704  printfa.o(i._printf_core)
    i._printf_post_padding                   0x08002c00   Section        0  printfa.o(i._printf_post_padding)
    _printf_post_padding                     0x08002c01   Thumb Code    36  printfa.o(i._printf_post_padding)
    i._printf_pre_padding                    0x08002c24   Section        0  printfa.o(i._printf_pre_padding)
    _printf_pre_padding                      0x08002c25   Thumb Code    46  printfa.o(i._printf_pre_padding)
    i._sputc                                 0x08002c52   Section        0  printfa.o(i._sputc)
    _sputc                                   0x08002c53   Thumb Code    10  printfa.o(i._sputc)
    i.calcul_BPM                             0x08002c5c   Section        0  filter.o(i.calcul_BPM)
    i.esp_Init                               0x08002d14   Section        0  at.o(i.esp_Init)
    i.fputc                                  0x08002f04   Section        0  at.o(i.fputc)
    i.main                                   0x08002f2c   Section        0  main_1.o(i.main)
    .constdata                               0x08003358   Section     6616  gui.o(.constdata)
    .constdata                               0x08004d30   Section     1520  oled.o(.constdata)
    .conststring                             0x08005320   Section      100  main_1.o(.conststring)
    .conststring                             0x08005384   Section      285  at.o(.conststring)
    .data                                    0x20000000   Section       20  stm32f10x_rcc.o(.data)
    APBAHBPrescTable                         0x20000000   Data          16  stm32f10x_rcc.o(.data)
    ADCPrescTable                            0x20000010   Data           4  stm32f10x_rcc.o(.data)
    .data                                    0x20000014   Section       16  main_1.o(.data)
    .data                                    0x20000024   Section        4  lcd_driver.o(.data)
    .data                                    0x20000028   Section        1  usart.o(.data)
    .data                                    0x2000002c   Section       32  at.o(.data)
    .data                                    0x2000004c   Section       10  ad.o(.data)
    .data                                    0x20000058   Section       32  filter.o(.data)
    .data                                    0x20000078   Section        4  stdout.o(.data)
    .bss                                     0x2000007c   Section      256  usart.o(.bss)
    .bss                                     0x2000017c   Section      200  ad.o(.bss)
    .bss                                     0x20000244   Section      400  filter.o(.bss)
    .bss                                     0x200003d4   Section       16  time.o(.bss)
    STACK                                    0x200003e8   Section     1024  startup_stm32f10x_md.o(STACK)

    Global Symbols

    Symbol Name                              Value     Ov Type        Size  Object(Section)

    BuildAttributes$$THM_ISAv4$P$D$K$B$S$PE$A:L22UL41UL21$X:L11$S22US41US21$IEEE1$IW$USESV6$~STKCKD$USESV7$~SHL$OTIME$ROPI$EBA8$MICROLIB$REQ8$PRES8$EABIv2 0x00000000   Number         0  anon$$obj.o ABSOLUTE
    __ARM_use_no_argv                        0x00000000   Number         0  main_1.o ABSOLUTE
    _printf_a                                0x00000000   Number         0  stubs.o ABSOLUTE
    _printf_c                                0x00000000   Number         0  stubs.o ABSOLUTE
    _printf_charcount                        0x00000000   Number         0  stubs.o ABSOLUTE
    _printf_d                                0x00000000   Number         0  stubs.o ABSOLUTE
    _printf_e                                0x00000000   Number         0  stubs.o ABSOLUTE
    _printf_f                                0x00000000   Number         0  stubs.o ABSOLUTE
    _printf_flags                            0x00000000   Number         0  stubs.o ABSOLUTE
    _printf_fp_dec                           0x00000000   Number         0  stubs.o ABSOLUTE
    _printf_fp_hex                           0x00000000   Number         0  stubs.o ABSOLUTE
    _printf_g                                0x00000000   Number         0  stubs.o ABSOLUTE
    _printf_i                                0x00000000   Number         0  stubs.o ABSOLUTE
    _printf_int_dec                          0x00000000   Number         0  stubs.o ABSOLUTE
    _printf_l                                0x00000000   Number         0  stubs.o ABSOLUTE
    _printf_lc                               0x00000000   Number         0  stubs.o ABSOLUTE
    _printf_ll                               0x00000000   Number         0  stubs.o ABSOLUTE
    _printf_lld                              0x00000000   Number         0  stubs.o ABSOLUTE
    _printf_lli                              0x00000000   Number         0  stubs.o ABSOLUTE
    _printf_llo                              0x00000000   Number         0  stubs.o ABSOLUTE
    _printf_llu                              0x00000000   Number         0  stubs.o ABSOLUTE
    _printf_llx                              0x00000000   Number         0  stubs.o ABSOLUTE
    _printf_longlong_dec                     0x00000000   Number         0  stubs.o ABSOLUTE
    _printf_longlong_hex                     0x00000000   Number         0  stubs.o ABSOLUTE
    _printf_longlong_oct                     0x00000000   Number         0  stubs.o ABSOLUTE
    _printf_ls                               0x00000000   Number         0  stubs.o ABSOLUTE
    _printf_mbtowc                           0x00000000   Number         0  stubs.o ABSOLUTE
    _printf_n                                0x00000000   Number         0  stubs.o ABSOLUTE
    _printf_o                                0x00000000   Number         0  stubs.o ABSOLUTE
    _printf_p                                0x00000000   Number         0  stubs.o ABSOLUTE
    _printf_percent                          0x00000000   Number         0  stubs.o ABSOLUTE
    _printf_pre_padding                      0x00000000   Number         0  stubs.o ABSOLUTE
    _printf_return_value                     0x00000000   Number         0  stubs.o ABSOLUTE
    _printf_s                                0x00000000   Number         0  stubs.o ABSOLUTE
    _printf_sizespec                         0x00000000   Number         0  stubs.o ABSOLUTE
    _printf_str                              0x00000000   Number         0  stubs.o ABSOLUTE
    _printf_truncate_signed                  0x00000000   Number         0  stubs.o ABSOLUTE
    _printf_truncate_unsigned                0x00000000   Number         0  stubs.o ABSOLUTE
    _printf_u                                0x00000000   Number         0  stubs.o ABSOLUTE
    _printf_wc                               0x00000000   Number         0  stubs.o ABSOLUTE
    _printf_wctomb                           0x00000000   Number         0  stubs.o ABSOLUTE
    _printf_widthprec                        0x00000000   Number         0  stubs.o ABSOLUTE
    _printf_x                                0x00000000   Number         0  stubs.o ABSOLUTE
    __arm_fini_                               - Undefined Weak Reference
    __cpp_initialize__aeabi_                  - Undefined Weak Reference
    __cxa_finalize                            - Undefined Weak Reference
    __decompress                              - Undefined Weak Reference
    _clock_init                               - Undefined Weak Reference
    _microlib_exit                            - Undefined Weak Reference
    __Vectors_Size                           0x000000ec   Number         0  startup_stm32f10x_md.o ABSOLUTE
    __Vectors                                0x08000000   Data           4  startup_stm32f10x_md.o(RESET)
    __Vectors_End                            0x080000ec   Data           0  startup_stm32f10x_md.o(RESET)
    __main                                   0x080000ed   Thumb Code     0  entry.o(.ARM.Collect$$$$00000000)
    _main_stk                                0x080000ed   Thumb Code     0  entry2.o(.ARM.Collect$$$$00000001)
    _main_scatterload                        0x080000f1   Thumb Code     0  entry5.o(.ARM.Collect$$$$00000004)
    __main_after_scatterload                 0x080000f5   Thumb Code     0  entry5.o(.ARM.Collect$$$$00000004)
    _main_clock                              0x080000f5   Thumb Code     0  entry7b.o(.ARM.Collect$$$$00000008)
    _main_cpp_init                           0x080000f5   Thumb Code     0  entry8b.o(.ARM.Collect$$$$0000000A)
    _main_init                               0x080000f5   Thumb Code     0  entry9a.o(.ARM.Collect$$$$0000000B)
    __rt_lib_shutdown_fini                   0x080000fd   Thumb Code     0  entry12b.o(.ARM.Collect$$$$0000000E)
    __rt_final_cpp                           0x08000101   Thumb Code     0  entry10a.o(.ARM.Collect$$$$0000000F)
    __rt_final_exit                          0x08000101   Thumb Code     0  entry11a.o(.ARM.Collect$$$$00000011)
    Reset_Handler                            0x08000105   Thumb Code     8  startup_stm32f10x_md.o(.text)
    ADC1_2_IRQHandler                        0x0800011f   Thumb Code     0  startup_stm32f10x_md.o(.text)
    CAN1_RX1_IRQHandler                      0x0800011f   Thumb Code     0  startup_stm32f10x_md.o(.text)
    CAN1_SCE_IRQHandler                      0x0800011f   Thumb Code     0  startup_stm32f10x_md.o(.text)
    DMA1_Channel1_IRQHandler                 0x0800011f   Thumb Code     0  startup_stm32f10x_md.o(.text)
    DMA1_Channel2_IRQHandler                 0x0800011f   Thumb Code     0  startup_stm32f10x_md.o(.text)
    DMA1_Channel3_IRQHandler                 0x0800011f   Thumb Code     0  startup_stm32f10x_md.o(.text)
    DMA1_Channel4_IRQHandler                 0x0800011f   Thumb Code     0  startup_stm32f10x_md.o(.text)
    DMA1_Channel5_IRQHandler                 0x0800011f   Thumb Code     0  startup_stm32f10x_md.o(.text)
    DMA1_Channel6_IRQHandler                 0x0800011f   Thumb Code     0  startup_stm32f10x_md.o(.text)
    DMA1_Channel7_IRQHandler                 0x0800011f   Thumb Code     0  startup_stm32f10x_md.o(.text)
    EXTI0_IRQHandler                         0x0800011f   Thumb Code     0  startup_stm32f10x_md.o(.text)
    EXTI15_10_IRQHandler                     0x0800011f   Thumb Code     0  startup_stm32f10x_md.o(.text)
    EXTI1_IRQHandler                         0x0800011f   Thumb Code     0  startup_stm32f10x_md.o(.text)
    EXTI2_IRQHandler                         0x0800011f   Thumb Code     0  startup_stm32f10x_md.o(.text)
    EXTI3_IRQHandler                         0x0800011f   Thumb Code     0  startup_stm32f10x_md.o(.text)
    EXTI4_IRQHandler                         0x0800011f   Thumb Code     0  startup_stm32f10x_md.o(.text)
    EXTI9_5_IRQHandler                       0x0800011f   Thumb Code     0  startup_stm32f10x_md.o(.text)
    FLASH_IRQHandler                         0x0800011f   Thumb Code     0  startup_stm32f10x_md.o(.text)
    I2C1_ER_IRQHandler                       0x0800011f   Thumb Code     0  startup_stm32f10x_md.o(.text)
    I2C1_EV_IRQHandler                       0x0800011f   Thumb Code     0  startup_stm32f10x_md.o(.text)
    I2C2_ER_IRQHandler                       0x0800011f   Thumb Code     0  startup_stm32f10x_md.o(.text)
    I2C2_EV_IRQHandler                       0x0800011f   Thumb Code     0  startup_stm32f10x_md.o(.text)
    PVD_IRQHandler                           0x0800011f   Thumb Code     0  startup_stm32f10x_md.o(.text)
    RCC_IRQHandler                           0x0800011f   Thumb Code     0  startup_stm32f10x_md.o(.text)
    RTCAlarm_IRQHandler                      0x0800011f   Thumb Code     0  startup_stm32f10x_md.o(.text)
    RTC_IRQHandler                           0x0800011f   Thumb Code     0  startup_stm32f10x_md.o(.text)
    SPI1_IRQHandler                          0x0800011f   Thumb Code     0  startup_stm32f10x_md.o(.text)
    SPI2_IRQHandler                          0x0800011f   Thumb Code     0  startup_stm32f10x_md.o(.text)
    TAMPER_IRQHandler                        0x0800011f   Thumb Code     0  startup_stm32f10x_md.o(.text)
    TIM1_BRK_IRQHandler                      0x0800011f   Thumb Code     0  startup_stm32f10x_md.o(.text)
    TIM1_CC_IRQHandler                       0x0800011f   Thumb Code     0  startup_stm32f10x_md.o(.text)
    TIM1_TRG_COM_IRQHandler                  0x0800011f   Thumb Code     0  startup_stm32f10x_md.o(.text)
    TIM1_UP_IRQHandler                       0x0800011f   Thumb Code     0  startup_stm32f10x_md.o(.text)
    TIM2_IRQHandler                          0x0800011f   Thumb Code     0  startup_stm32f10x_md.o(.text)
    TIM3_IRQHandler                          0x0800011f   Thumb Code     0  startup_stm32f10x_md.o(.text)
    TIM4_IRQHandler                          0x0800011f   Thumb Code     0  startup_stm32f10x_md.o(.text)
    USART2_IRQHandler                        0x0800011f   Thumb Code     0  startup_stm32f10x_md.o(.text)
    USART3_IRQHandler                        0x0800011f   Thumb Code     0  startup_stm32f10x_md.o(.text)
    USBWakeUp_IRQHandler                     0x0800011f   Thumb Code     0  startup_stm32f10x_md.o(.text)
    USB_HP_CAN1_TX_IRQHandler                0x0800011f   Thumb Code     0  startup_stm32f10x_md.o(.text)
    USB_LP_CAN1_RX0_IRQHandler               0x0800011f   Thumb Code     0  startup_stm32f10x_md.o(.text)
    WWDG_IRQHandler                          0x0800011f   Thumb Code     0  startup_stm32f10x_md.o(.text)
    __aeabi_memset                           0x08000129   Thumb Code    14  memseta.o(.text)
    __aeabi_memset4                          0x08000129   Thumb Code     0  memseta.o(.text)
    __aeabi_memset8                          0x08000129   Thumb Code     0  memseta.o(.text)
    __aeabi_memclr                           0x08000137   Thumb Code     4  memseta.o(.text)
    __aeabi_memclr4                          0x08000137   Thumb Code     0  memseta.o(.text)
    __aeabi_memclr8                          0x08000137   Thumb Code     0  memseta.o(.text)
    _memset$wrapper                          0x0800013b   Thumb Code    18  memseta.o(.text)
    strcmp                                   0x0800014d   Thumb Code    28  strcmp.o(.text)
    __aeabi_fadd                             0x08000169   Thumb Code   164  fadd.o(.text)
    __aeabi_fsub                             0x0800020d   Thumb Code     6  fadd.o(.text)
    __aeabi_frsub                            0x08000213   Thumb Code     6  fadd.o(.text)
    __aeabi_fmul                             0x08000219   Thumb Code   100  fmul.o(.text)
    __aeabi_fdiv                             0x0800027d   Thumb Code   124  fdiv.o(.text)
    __aeabi_dadd                             0x080002f9   Thumb Code   322  dadd.o(.text)
    __aeabi_dsub                             0x0800043b   Thumb Code     6  dadd.o(.text)
    __aeabi_drsub                            0x08000441   Thumb Code     6  dadd.o(.text)
    __aeabi_dmul                             0x08000447   Thumb Code   228  dmul.o(.text)
    __aeabi_i2f                              0x0800052b   Thumb Code    18  fflti.o(.text)
    __aeabi_ui2f                             0x0800053d   Thumb Code    10  ffltui.o(.text)
    __aeabi_i2d                              0x08000547   Thumb Code    34  dflti.o(.text)
    __aeabi_f2iz                             0x08000569   Thumb Code    50  ffixi.o(.text)
    __aeabi_f2uiz                            0x0800059b   Thumb Code    40  ffixui.o(.text)
    __aeabi_d2uiz                            0x080005c3   Thumb Code    50  dfixui.o(.text)
    __aeabi_f2d                              0x080005f5   Thumb Code    38  f2d.o(.text)
    __aeabi_d2f                              0x0800061b   Thumb Code    56  d2f.o(.text)
    __aeabi_cfcmpeq                          0x08000655   Thumb Code     0  cfcmple.o(.text)
    __aeabi_cfcmple                          0x08000655   Thumb Code    20  cfcmple.o(.text)
    __aeabi_cfrcmple                         0x08000669   Thumb Code    20  cfrcmple.o(.text)
    __aeabi_uidiv                            0x0800067d   Thumb Code     0  uidiv.o(.text)
    __aeabi_uidivmod                         0x0800067d   Thumb Code    44  uidiv.o(.text)
    __aeabi_uldivmod                         0x080006a9   Thumb Code    98  uldiv.o(.text)
    __aeabi_llsl                             0x0800070b   Thumb Code    30  llshl.o(.text)
    _ll_shift_l                              0x0800070b   Thumb Code     0  llshl.o(.text)
    __aeabi_llsr                             0x08000729   Thumb Code    32  llushr.o(.text)
    _ll_ushift_r                             0x08000729   Thumb Code     0  llushr.o(.text)
    __aeabi_lasr                             0x08000749   Thumb Code    36  llsshr.o(.text)
    _ll_sshift_r                             0x08000749   Thumb Code     0  llsshr.o(.text)
    __I$use$fp                               0x0800076d   Thumb Code     0  iusefp.o(.text)
    _float_round                             0x0800076d   Thumb Code    18  fepilogue.o(.text)
    _float_epilogue                          0x0800077f   Thumb Code    92  fepilogue.o(.text)
    _double_round                            0x080007db   Thumb Code    30  depilogue.o(.text)
    _double_epilogue                         0x080007f9   Thumb Code   156  depilogue.o(.text)
    __aeabi_ddiv                             0x08000895   Thumb Code   222  ddiv.o(.text)
    __aeabi_d2ulz                            0x08000973   Thumb Code    48  dfixul.o(.text)
    __aeabi_cdrcmple                         0x080009a5   Thumb Code    48  cdrcmple.o(.text)
    __scatterload                            0x080009d5   Thumb Code    28  init.o(.text)
    __scatterload_rt2                        0x080009d5   Thumb Code     0  init.o(.text)
    ADC_Cmd                                  0x080009f9   Thumb Code    22  stm32f10x_adc.o(i.ADC_Cmd)
    ADC_GetCalibrationStatus                 0x08000a0f   Thumb Code    20  stm32f10x_adc.o(i.ADC_GetCalibrationStatus)
    ADC_GetConversionValue                   0x08000a23   Thumb Code     8  stm32f10x_adc.o(i.ADC_GetConversionValue)
    ADC_GetFlagStatus                        0x08000a2b   Thumb Code    18  stm32f10x_adc.o(i.ADC_GetFlagStatus)
    ADC_GetResetCalibrationStatus            0x08000a3d   Thumb Code    20  stm32f10x_adc.o(i.ADC_GetResetCalibrationStatus)
    ADC_Init                                 0x08000a51   Thumb Code    70  stm32f10x_adc.o(i.ADC_Init)
    ADC_RegularChannelConfig                 0x08000aa1   Thumb Code   184  stm32f10x_adc.o(i.ADC_RegularChannelConfig)
    ADC_ResetCalibration                     0x08000b59   Thumb Code    10  stm32f10x_adc.o(i.ADC_ResetCalibration)
    ADC_SoftwareStartConvCmd                 0x08000b63   Thumb Code    22  stm32f10x_adc.o(i.ADC_SoftwareStartConvCmd)
    ADC_StartCalibration                     0x08000b79   Thumb Code    10  stm32f10x_adc.o(i.ADC_StartCalibration)
    AD_GetValue                              0x08000b85   Thumb Code    32  ad.o(i.AD_GetValue)
    AD_Init                                  0x08000ba9   Thumb Code   150  ad.o(i.AD_Init)
    BusFault_Handler                         0x08000c49   Thumb Code     4  stm32f10x_it_1.o(i.BusFault_Handler)
    DH11_GPIO_Init_IN                        0x08000c4d   Thumb Code    36  time.o(i.DH11_GPIO_Init_IN)
    DH11_GPIO_Init_OUT                       0x08000c75   Thumb Code    38  time.o(i.DH11_GPIO_Init_OUT)
    DH11_REC_Data                            0x08000ca1   Thumb Code   148  time.o(i.DH11_REC_Data)
    DH11_RST                                 0x08000d3d   Thumb Code    54  time.o(i.DH11_RST)
    DHT11_Rec_Byte                           0x08000d79   Thumb Code    76  time.o(i.DHT11_Rec_Byte)
    DebugMon_Handler                         0x08000dc9   Thumb Code     2  stm32f10x_it_1.o(i.DebugMon_Handler)
    Delay_ms                                 0x08000dcb   Thumb Code    24  delay.o(i.Delay_ms)
    Delay_s                                  0x08000de3   Thumb Code    24  delay.o(i.Delay_s)
    Delay_us                                 0x08000dfb   Thumb Code    46  delay.o(i.Delay_us)
    ECG_draw                                 0x08000e29   Thumb Code   182  main_1.o(i.ECG_draw)
    GPIO_Init                                0x08000f05   Thumb Code   278  stm32f10x_gpio.o(i.GPIO_Init)
    GPIO_ReadInputDataBit                    0x0800101b   Thumb Code    18  stm32f10x_gpio.o(i.GPIO_ReadInputDataBit)
    GPIO_ResetBits                           0x0800102d   Thumb Code     4  stm32f10x_gpio.o(i.GPIO_ResetBits)
    GPIO_SetBits                             0x08001031   Thumb Code     4  stm32f10x_gpio.o(i.GPIO_SetBits)
    GPIO_WriteBit                            0x08001035   Thumb Code    10  stm32f10x_gpio.o(i.GPIO_WriteBit)
    Get_AD_Avg                               0x08001041   Thumb Code   182  ad.o(i.Get_AD_Avg)
    Get_Voltage                              0x08001105   Thumb Code    70  ad.o(i.Get_Voltage)
    Getmax                                   0x08001161   Thumb Code    58  filter.o(i.Getmax)
    Getmin                                   0x0800119b   Thumb Code    58  filter.o(i.Getmin)
    Gui_DrawFont_GBK24                       0x080011d5   Thumb Code   486  gui.o(i.Gui_DrawFont_GBK24)
    Gui_DrawLine                             0x080013c5   Thumb Code   186  gui.o(i.Gui_DrawLine)
    Gui_DrawPoint                            0x0800147f   Thumb Code    32  lcd_driver.o(i.Gui_DrawPoint)
    HardFault_Handler                        0x0800149f   Thumb Code     4  stm32f10x_it_1.o(i.HardFault_Handler)
    LCD_GPIO_Init                            0x080014a5   Thumb Code    74  lcd_driver.o(i.LCD_GPIO_Init)
    LCD_WriteData_16Bit                      0x080014f9   Thumb Code    38  lcd_driver.o(i.LCD_WriteData_16Bit)
    Lcd_Clear                                0x08001529   Thumb Code    50  lcd_driver.o(i.Lcd_Clear)
    Lcd_Init                                 0x0800155b   Thumb Code   546  lcd_driver.o(i.Lcd_Init)
    Lcd_Reset                                0x0800177d   Thumb Code    30  lcd_driver.o(i.Lcd_Reset)
    Lcd_SetRegion                            0x080017a1   Thumb Code    86  lcd_driver.o(i.Lcd_SetRegion)
    Lcd_SetXY                                0x080017f7   Thumb Code    20  lcd_driver.o(i.Lcd_SetXY)
    Lcd_WriteData                            0x0800180d   Thumb Code    32  lcd_driver.o(i.Lcd_WriteData)
    Lcd_WriteIndex                           0x08001835   Thumb Code    32  lcd_driver.o(i.Lcd_WriteIndex)
    MemManage_Handler                        0x0800185d   Thumb Code     4  stm32f10x_it_1.o(i.MemManage_Handler)
    NMI_Handler                              0x08001861   Thumb Code     2  stm32f10x_it_1.o(i.NMI_Handler)
    NVIC_Init                                0x08001865   Thumb Code   100  misc.o(i.NVIC_Init)
    NVIC_PriorityGroupConfig                 0x080018d5   Thumb Code    10  misc.o(i.NVIC_PriorityGroupConfig)
    OLED_Clear                               0x080018e9   Thumb Code    42  oled.o(i.OLED_Clear)
    OLED_Init                                0x08001913   Thumb Code   174  oled.o(i.OLED_Init)
    OLED_Pow                                 0x080019c1   Thumb Code    20  oled.o(i.OLED_Pow)
    OLED_SPI_Init                            0x080019d5   Thumb Code   162  oled.o(i.OLED_SPI_Init)
    OLED_SPI_SendByte                        0x08001a81   Thumb Code    58  oled.o(i.OLED_SPI_SendByte)
    OLED_SetCursor                           0x08001ac1   Thumb Code    34  oled.o(i.OLED_SetCursor)
    OLED_ShowChar                            0x08001ae5   Thumb Code   110  oled.o(i.OLED_ShowChar)
    OLED_ShowNum                             0x08001b59   Thumb Code    68  oled.o(i.OLED_ShowNum)
    OLED_ShowString                          0x08001b9d   Thumb Code    40  oled.o(i.OLED_ShowString)
    OLED_WriteCommand                        0x08001bc5   Thumb Code    46  oled.o(i.OLED_WriteCommand)
    OLED_WriteData                           0x08001bfd   Thumb Code    44  oled.o(i.OLED_WriteData)
    PendSV_Handler                           0x08001c31   Thumb Code     2  stm32f10x_it_1.o(i.PendSV_Handler)
    RCC_ADCCLKConfig                         0x08001c35   Thumb Code    18  stm32f10x_rcc.o(i.RCC_ADCCLKConfig)
    RCC_APB2PeriphClockCmd                   0x08001c4d   Thumb Code    26  stm32f10x_rcc.o(i.RCC_APB2PeriphClockCmd)
    RCC_GetClocksFreq                        0x08001c6d   Thumb Code   192  stm32f10x_rcc.o(i.RCC_GetClocksFreq)
    Rwave_detection                          0x08001d41   Thumb Code   242  filter.o(i.Rwave_detection)
    SPI_WriteData                            0x08001e61   Thumb Code    54  lcd_driver.o(i.SPI_WriteData)
    SVC_Handler                              0x08001e9d   Thumb Code     2  stm32f10x_it_1.o(i.SVC_Handler)
    Serial_Init                              0x08001ea1   Thumb Code   174  usart.o(i.Serial_Init)
    Serial_Pow                               0x08001f59   Thumb Code    20  usart.o(i.Serial_Pow)
    Serial_SendByte                          0x08001f6d   Thumb Code    28  usart.o(i.Serial_SendByte)
    Serial_SendNumber                        0x08001f8d   Thumb Code    58  usart.o(i.Serial_SendNumber)
    Serial_SendString                        0x08001fc7   Thumb Code    26  usart.o(i.Serial_SendString)
    SysTick_Handler                          0x080020c9   Thumb Code     2  stm32f10x_it_1.o(i.SysTick_Handler)
    SystemInit                               0x080020cd   Thumb Code    78  system_stm32f10x.o(i.SystemInit)
    USART1_IRQHandler                        0x0800212d   Thumb Code   104  usart.o(i.USART1_IRQHandler)
    USART_Cmd                                0x080021a1   Thumb Code    24  stm32f10x_usart.o(i.USART_Cmd)
    USART_GetFlagStatus                      0x080021b9   Thumb Code    26  stm32f10x_usart.o(i.USART_GetFlagStatus)
    USART_GetITStatus                        0x080021d3   Thumb Code    84  stm32f10x_usart.o(i.USART_GetITStatus)
    USART_ITConfig                           0x08002227   Thumb Code    74  stm32f10x_usart.o(i.USART_ITConfig)
    USART_Init                               0x08002271   Thumb Code   210  stm32f10x_usart.o(i.USART_Init)
    USART_ReceiveData                        0x08002349   Thumb Code    10  stm32f10x_usart.o(i.USART_ReceiveData)
    USART_SendData                           0x08002353   Thumb Code     8  stm32f10x_usart.o(i.USART_SendData)
    UsageFault_Handler                       0x0800235b   Thumb Code     4  stm32f10x_it_1.o(i.UsageFault_Handler)
    __0printf                                0x08002361   Thumb Code    22  printfa.o(i.__0printf)
    __1printf                                0x08002361   Thumb Code     0  printfa.o(i.__0printf)
    __2printf                                0x08002361   Thumb Code     0  printfa.o(i.__0printf)
    __c89printf                              0x08002361   Thumb Code     0  printfa.o(i.__0printf)
    printf                                   0x08002361   Thumb Code     0  printfa.o(i.__0printf)
    __0sprintf                               0x08002381   Thumb Code    34  printfa.o(i.__0sprintf)
    __1sprintf                               0x08002381   Thumb Code     0  printfa.o(i.__0sprintf)
    __2sprintf                               0x08002381   Thumb Code     0  printfa.o(i.__0sprintf)
    __c89sprintf                             0x08002381   Thumb Code     0  printfa.o(i.__0sprintf)
    sprintf                                  0x08002381   Thumb Code     0  printfa.o(i.__0sprintf)
    __scatterload_copy                       0x080023a9   Thumb Code    14  handlers.o(i.__scatterload_copy)
    __scatterload_null                       0x080023b7   Thumb Code     2  handlers.o(i.__scatterload_null)
    __scatterload_zeroinit                   0x080023b9   Thumb Code    14  handlers.o(i.__scatterload_zeroinit)
    calcul_BPM                               0x08002c5d   Thumb Code   150  filter.o(i.calcul_BPM)
    esp_Init                                 0x08002d15   Thumb Code   316  at.o(i.esp_Init)
    fputc                                    0x08002f05   Thumb Code    34  at.o(i.fputc)
    main                                     0x08002f2d   Thumb Code   904  main_1.o(i.main)
    asc16                                    0x08003358   Data        1521  gui.o(.constdata)
    sz32                                     0x08003949   Data        1921  gui.o(.constdata)
    hz16                                     0x080040ca   Data        1768  gui.o(.constdata)
    hz24                                     0x080047b2   Data        1406  gui.o(.constdata)
    OLED_F8x16                               0x08004d30   Data        1520  oled.o(.constdata)
    Region$$Table$$Base                      0x080054a4   Number         0  anon$$obj.o(Region$$Table)
    Region$$Table$$Limit                     0x080054c4   Number         0  anon$$obj.o(Region$$Table)
    numbuf                                   0x20000014   Data           6  main_1.o(.data)
    x                                        0x2000001a   Data           2  main_1.o(.data)
    y                                        0x2000001c   Data           2  main_1.o(.data)
    Pre_y                                    0x2000001e   Data           2  main_1.o(.data)
    Pre_ADC_Value                            0x20000020   Data           2  main_1.o(.data)
    ADC_Value                                0x20000022   Data           2  main_1.o(.data)
    POINT_COLOR                              0x20000024   Data           2  lcd_driver.o(.data)
    BACK_COLOR                               0x20000026   Data           2  lcd_driver.o(.data)
    i                                        0x20000028   Data           1  usart.o(.data)
    WIFISSID                                 0x2000002c   Data           4  at.o(.data)
    WIFIPASSWORD                             0x20000030   Data           4  at.o(.data)
    ClintID                                  0x20000034   Data           4  at.o(.data)
    username                                 0x20000038   Data           4  at.o(.data)
    password                                 0x2000003c   Data           4  at.o(.data)
    Url                                      0x20000040   Data           4  at.o(.data)
    pubtopic                                 0x20000044   Data           4  at.o(.data)
    subtopic                                 0x20000048   Data           4  at.o(.data)
    ADAvg                                    0x2000004c   Data           2  ad.o(.data)
    Voltage                                  0x20000050   Data           4  ad.o(.data)
    size                                     0x20000054   Data           2  ad.o(.data)
    pre_flag                                 0x20000058   Data           1  filter.o(.data)
    flag                                     0x20000059   Data           1  filter.o(.data)
    idx                                      0x2000005a   Data           1  filter.o(.data)
    max_data                                 0x2000005c   Data           4  filter.o(.data)
    min_data                                 0x20000060   Data           4  filter.o(.data)
    mid_data                                 0x20000064   Data           4  filter.o(.data)
    num_filter                               0x20000068   Data           4  filter.o(.data)
    timeCount                                0x2000006c   Data           1  filter.o(.data)
    rCount                                   0x2000006d   Data           1  filter.o(.data)
    IBI                                      0x20000070   Data           4  filter.o(.data)
    BPM                                      0x20000074   Data           4  filter.o(.data)
    __stdout                                 0x20000078   Data           4  stdout.o(.data)
    receive_cmd                              0x2000007c   Data         256  usart.o(.bss)
    ADValue                                  0x2000017c   Data         200  ad.o(.bss)
    data                                     0x20000244   Data         400  filter.o(.bss)
    rec_data                                 0x200003d4   Data          16  time.o(.bss)
    __initial_sp                             0x200007e8   Data           0  startup_stm32f10x_md.o(STACK)



==============================================================================

Memory Map of the image

  Image Entry point : 0x080000ed

  Load Region LR_IROM1 (Base: 0x08000000, Size: 0x00005540, Max: 0x00010000, ABSOLUTE)

    Execution Region ER_IROM1 (Exec base: 0x08000000, Load base: 0x08000000, Size: 0x000054c4, Max: 0x00010000, ABSOLUTE)

    Exec Addr    Load Addr    Size         Type   Attr      Idx    E Section Name        Object

    0x08000000   0x08000000   0x000000ec   Data   RO          132    RESET               startup_stm32f10x_md.o
    0x080000ec   0x080000ec   0x00000000   Code   RO         3807  * .ARM.Collect$$$$00000000  mc_w.l(entry.o)
    0x080000ec   0x080000ec   0x00000004   Code   RO         4105    .ARM.Collect$$$$00000001  mc_w.l(entry2.o)
    0x080000f0   0x080000f0   0x00000004   Code   RO         4108    .ARM.Collect$$$$00000004  mc_w.l(entry5.o)
    0x080000f4   0x080000f4   0x00000000   Code   RO         4110    .ARM.Collect$$$$00000008  mc_w.l(entry7b.o)
    0x080000f4   0x080000f4   0x00000000   Code   RO         4112    .ARM.Collect$$$$0000000A  mc_w.l(entry8b.o)
    0x080000f4   0x080000f4   0x00000008   Code   RO         4113    .ARM.Collect$$$$0000000B  mc_w.l(entry9a.o)
    0x080000fc   0x080000fc   0x00000004   Code   RO         4120    .ARM.Collect$$$$0000000E  mc_w.l(entry12b.o)
    0x08000100   0x08000100   0x00000000   Code   RO         4115    .ARM.Collect$$$$0000000F  mc_w.l(entry10a.o)
    0x08000100   0x08000100   0x00000000   Code   RO         4117    .ARM.Collect$$$$00000011  mc_w.l(entry11a.o)
    0x08000100   0x08000100   0x00000004   Code   RO         4106    .ARM.Collect$$$$00002712  mc_w.l(entry2.o)
    0x08000104   0x08000104   0x00000024   Code   RO          133    .text               startup_stm32f10x_md.o
    0x08000128   0x08000128   0x00000024   Code   RO         3810    .text               mc_w.l(memseta.o)
    0x0800014c   0x0800014c   0x0000001c   Code   RO         3812    .text               mc_w.l(strcmp.o)
    0x08000168   0x08000168   0x000000b0   Code   RO         4075    .text               mf_w.l(fadd.o)
    0x08000218   0x08000218   0x00000064   Code   RO         4077    .text               mf_w.l(fmul.o)
    0x0800027c   0x0800027c   0x0000007c   Code   RO         4079    .text               mf_w.l(fdiv.o)
    0x080002f8   0x080002f8   0x0000014e   Code   RO         4081    .text               mf_w.l(dadd.o)
    0x08000446   0x08000446   0x000000e4   Code   RO         4083    .text               mf_w.l(dmul.o)
    0x0800052a   0x0800052a   0x00000012   Code   RO         4085    .text               mf_w.l(fflti.o)
    0x0800053c   0x0800053c   0x0000000a   Code   RO         4087    .text               mf_w.l(ffltui.o)
    0x08000546   0x08000546   0x00000022   Code   RO         4089    .text               mf_w.l(dflti.o)
    0x08000568   0x08000568   0x00000032   Code   RO         4091    .text               mf_w.l(ffixi.o)
    0x0800059a   0x0800059a   0x00000028   Code   RO         4093    .text               mf_w.l(ffixui.o)
    0x080005c2   0x080005c2   0x00000032   Code   RO         4095    .text               mf_w.l(dfixui.o)
    0x080005f4   0x080005f4   0x00000026   Code   RO         4097    .text               mf_w.l(f2d.o)
    0x0800061a   0x0800061a   0x00000038   Code   RO         4099    .text               mf_w.l(d2f.o)
    0x08000652   0x08000652   0x00000002   PAD
    0x08000654   0x08000654   0x00000014   Code   RO         4101    .text               mf_w.l(cfcmple.o)
    0x08000668   0x08000668   0x00000014   Code   RO         4103    .text               mf_w.l(cfrcmple.o)
    0x0800067c   0x0800067c   0x0000002c   Code   RO         4122    .text               mc_w.l(uidiv.o)
    0x080006a8   0x080006a8   0x00000062   Code   RO         4124    .text               mc_w.l(uldiv.o)
    0x0800070a   0x0800070a   0x0000001e   Code   RO         4126    .text               mc_w.l(llshl.o)
    0x08000728   0x08000728   0x00000020   Code   RO         4128    .text               mc_w.l(llushr.o)
    0x08000748   0x08000748   0x00000024   Code   RO         4130    .text               mc_w.l(llsshr.o)
    0x0800076c   0x0800076c   0x00000000   Code   RO         4132    .text               mc_w.l(iusefp.o)
    0x0800076c   0x0800076c   0x0000006e   Code   RO         4133    .text               mf_w.l(fepilogue.o)
    0x080007da   0x080007da   0x000000ba   Code   RO         4135    .text               mf_w.l(depilogue.o)
    0x08000894   0x08000894   0x000000de   Code   RO         4137    .text               mf_w.l(ddiv.o)
    0x08000972   0x08000972   0x00000030   Code   RO         4139    .text               mf_w.l(dfixul.o)
    0x080009a2   0x080009a2   0x00000002   PAD
    0x080009a4   0x080009a4   0x00000030   Code   RO         4141    .text               mf_w.l(cdrcmple.o)
    0x080009d4   0x080009d4   0x00000024   Code   RO         4143    .text               mc_w.l(init.o)
    0x080009f8   0x080009f8   0x00000016   Code   RO          202    i.ADC_Cmd           stm32f10x_adc.o
    0x08000a0e   0x08000a0e   0x00000014   Code   RO          210    i.ADC_GetCalibrationStatus  stm32f10x_adc.o
    0x08000a22   0x08000a22   0x00000008   Code   RO          211    i.ADC_GetConversionValue  stm32f10x_adc.o
    0x08000a2a   0x08000a2a   0x00000012   Code   RO          213    i.ADC_GetFlagStatus  stm32f10x_adc.o
    0x08000a3c   0x08000a3c   0x00000014   Code   RO          216    i.ADC_GetResetCalibrationStatus  stm32f10x_adc.o
    0x08000a50   0x08000a50   0x00000050   Code   RO          220    i.ADC_Init          stm32f10x_adc.o
    0x08000aa0   0x08000aa0   0x000000b8   Code   RO          224    i.ADC_RegularChannelConfig  stm32f10x_adc.o
    0x08000b58   0x08000b58   0x0000000a   Code   RO          225    i.ADC_ResetCalibration  stm32f10x_adc.o
    0x08000b62   0x08000b62   0x00000016   Code   RO          227    i.ADC_SoftwareStartConvCmd  stm32f10x_adc.o
    0x08000b78   0x08000b78   0x0000000a   Code   RO          229    i.ADC_StartCalibration  stm32f10x_adc.o
    0x08000b82   0x08000b82   0x00000002   PAD
    0x08000b84   0x08000b84   0x00000024   Code   RO         3696    i.AD_GetValue       ad.o
    0x08000ba8   0x08000ba8   0x000000a0   Code   RO         3697    i.AD_Init           ad.o
    0x08000c48   0x08000c48   0x00000004   Code   RO         3257    i.BusFault_Handler  stm32f10x_it_1.o
    0x08000c4c   0x08000c4c   0x00000028   Code   RO         3768    i.DH11_GPIO_Init_IN  time.o
    0x08000c74   0x08000c74   0x0000002c   Code   RO         3769    i.DH11_GPIO_Init_OUT  time.o
    0x08000ca0   0x08000ca0   0x0000009c   Code   RO         3770    i.DH11_REC_Data     time.o
    0x08000d3c   0x08000d3c   0x0000003c   Code   RO         3771    i.DH11_RST          time.o
    0x08000d78   0x08000d78   0x00000050   Code   RO         3772    i.DHT11_Rec_Byte    time.o
    0x08000dc8   0x08000dc8   0x00000002   Code   RO         3258    i.DebugMon_Handler  stm32f10x_it_1.o
    0x08000dca   0x08000dca   0x00000018   Code   RO         3597    i.Delay_ms          delay.o
    0x08000de2   0x08000de2   0x00000018   Code   RO         3598    i.Delay_s           delay.o
    0x08000dfa   0x08000dfa   0x0000002e   Code   RO         3599    i.Delay_us          delay.o
    0x08000e28   0x08000e28   0x000000dc   Code   RO         3196    i.ECG_draw          main_1.o
    0x08000f04   0x08000f04   0x00000116   Code   RO         1347    i.GPIO_Init         stm32f10x_gpio.o
    0x0800101a   0x0800101a   0x00000012   Code   RO         1351    i.GPIO_ReadInputDataBit  stm32f10x_gpio.o
    0x0800102c   0x0800102c   0x00000004   Code   RO         1354    i.GPIO_ResetBits    stm32f10x_gpio.o
    0x08001030   0x08001030   0x00000004   Code   RO         1355    i.GPIO_SetBits      stm32f10x_gpio.o
    0x08001034   0x08001034   0x0000000a   Code   RO         1358    i.GPIO_WriteBit     stm32f10x_gpio.o
    0x0800103e   0x0800103e   0x00000002   PAD
    0x08001040   0x08001040   0x000000c4   Code   RO         3698    i.Get_AD_Avg        ad.o
    0x08001104   0x08001104   0x0000005c   Code   RO         3699    i.Get_Voltage       ad.o
    0x08001160   0x08001160   0x0000003a   Code   RO         3730    i.Getmax            filter.o
    0x0800119a   0x0800119a   0x0000003a   Code   RO         3731    i.Getmin            filter.o
    0x080011d4   0x080011d4   0x000001f0   Code   RO         3324    i.Gui_DrawFont_GBK24  gui.o
    0x080013c4   0x080013c4   0x000000ba   Code   RO         3327    i.Gui_DrawLine      gui.o
    0x0800147e   0x0800147e   0x00000020   Code   RO         3402    i.Gui_DrawPoint     lcd_driver.o
    0x0800149e   0x0800149e   0x00000004   Code   RO         3259    i.HardFault_Handler  stm32f10x_it_1.o
    0x080014a2   0x080014a2   0x00000002   PAD
    0x080014a4   0x080014a4   0x00000054   Code   RO         3403    i.LCD_GPIO_Init     lcd_driver.o
    0x080014f8   0x080014f8   0x00000030   Code   RO         3404    i.LCD_WriteData_16Bit  lcd_driver.o
    0x08001528   0x08001528   0x00000032   Code   RO         3405    i.Lcd_Clear         lcd_driver.o
    0x0800155a   0x0800155a   0x00000222   Code   RO         3407    i.Lcd_Init          lcd_driver.o
    0x0800177c   0x0800177c   0x00000024   Code   RO         3409    i.Lcd_Reset         lcd_driver.o
    0x080017a0   0x080017a0   0x00000056   Code   RO         3410    i.Lcd_SetRegion     lcd_driver.o
    0x080017f6   0x080017f6   0x00000014   Code   RO         3411    i.Lcd_SetXY         lcd_driver.o
    0x0800180a   0x0800180a   0x00000002   PAD
    0x0800180c   0x0800180c   0x00000028   Code   RO         3412    i.Lcd_WriteData     lcd_driver.o
    0x08001834   0x08001834   0x00000028   Code   RO         3413    i.Lcd_WriteIndex    lcd_driver.o
    0x0800185c   0x0800185c   0x00000004   Code   RO         3260    i.MemManage_Handler  stm32f10x_it_1.o
    0x08001860   0x08001860   0x00000002   Code   RO         3261    i.NMI_Handler       stm32f10x_it_1.o
    0x08001862   0x08001862   0x00000002   PAD
    0x08001864   0x08001864   0x00000070   Code   RO          137    i.NVIC_Init         misc.o
    0x080018d4   0x080018d4   0x00000014   Code   RO          138    i.NVIC_PriorityGroupConfig  misc.o
    0x080018e8   0x080018e8   0x0000002a   Code   RO         3501    i.OLED_Clear        oled.o
    0x08001912   0x08001912   0x000000ae   Code   RO         3502    i.OLED_Init         oled.o
    0x080019c0   0x080019c0   0x00000014   Code   RO         3503    i.OLED_Pow          oled.o
    0x080019d4   0x080019d4   0x000000ac   Code   RO         3504    i.OLED_SPI_Init     oled.o
    0x08001a80   0x08001a80   0x00000040   Code   RO         3505    i.OLED_SPI_SendByte  oled.o
    0x08001ac0   0x08001ac0   0x00000022   Code   RO         3506    i.OLED_SetCursor    oled.o
    0x08001ae2   0x08001ae2   0x00000002   PAD
    0x08001ae4   0x08001ae4   0x00000074   Code   RO         3508    i.OLED_ShowChar     oled.o
    0x08001b58   0x08001b58   0x00000044   Code   RO         3510    i.OLED_ShowNum      oled.o
    0x08001b9c   0x08001b9c   0x00000028   Code   RO         3512    i.OLED_ShowString   oled.o
    0x08001bc4   0x08001bc4   0x00000038   Code   RO         3513    i.OLED_WriteCommand  oled.o
    0x08001bfc   0x08001bfc   0x00000034   Code   RO         3514    i.OLED_WriteData    oled.o
    0x08001c30   0x08001c30   0x00000002   Code   RO         3262    i.PendSV_Handler    stm32f10x_it_1.o
    0x08001c32   0x08001c32   0x00000002   PAD
    0x08001c34   0x08001c34   0x00000018   Code   RO         1773    i.RCC_ADCCLKConfig  stm32f10x_rcc.o
    0x08001c4c   0x08001c4c   0x00000020   Code   RO         1777    i.RCC_APB2PeriphClockCmd  stm32f10x_rcc.o
    0x08001c6c   0x08001c6c   0x000000d4   Code   RO         1785    i.RCC_GetClocksFreq  stm32f10x_rcc.o
    0x08001d40   0x08001d40   0x00000120   Code   RO         3732    i.Rwave_detection   filter.o
    0x08001e60   0x08001e60   0x0000003c   Code   RO         3415    i.SPI_WriteData     lcd_driver.o
    0x08001e9c   0x08001e9c   0x00000002   Code   RO         3263    i.SVC_Handler       stm32f10x_it_1.o
    0x08001e9e   0x08001e9e   0x00000002   PAD
    0x08001ea0   0x08001ea0   0x000000b8   Code   RO         3622    i.Serial_Init       usart.o
    0x08001f58   0x08001f58   0x00000014   Code   RO         3623    i.Serial_Pow        usart.o
    0x08001f6c   0x08001f6c   0x00000020   Code   RO         3624    i.Serial_SendByte   usart.o
    0x08001f8c   0x08001f8c   0x0000003a   Code   RO         3625    i.Serial_SendNumber  usart.o
    0x08001fc6   0x08001fc6   0x0000001a   Code   RO         3626    i.Serial_SendString  usart.o
    0x08001fe0   0x08001fe0   0x00000008   Code   RO           17    i.SetSysClock       system_stm32f10x.o
    0x08001fe8   0x08001fe8   0x000000e0   Code   RO           18    i.SetSysClockTo72   system_stm32f10x.o
    0x080020c8   0x080020c8   0x00000002   Code   RO         3264    i.SysTick_Handler   stm32f10x_it_1.o
    0x080020ca   0x080020ca   0x00000002   PAD
    0x080020cc   0x080020cc   0x00000060   Code   RO           20    i.SystemInit        system_stm32f10x.o
    0x0800212c   0x0800212c   0x00000074   Code   RO         3627    i.USART1_IRQHandler  usart.o
    0x080021a0   0x080021a0   0x00000018   Code   RO         2960    i.USART_Cmd         stm32f10x_usart.o
    0x080021b8   0x080021b8   0x0000001a   Code   RO         2963    i.USART_GetFlagStatus  stm32f10x_usart.o
    0x080021d2   0x080021d2   0x00000054   Code   RO         2964    i.USART_GetITStatus  stm32f10x_usart.o
    0x08002226   0x08002226   0x0000004a   Code   RO         2966    i.USART_ITConfig    stm32f10x_usart.o
    0x08002270   0x08002270   0x000000d8   Code   RO         2967    i.USART_Init        stm32f10x_usart.o
    0x08002348   0x08002348   0x0000000a   Code   RO         2974    i.USART_ReceiveData  stm32f10x_usart.o
    0x08002352   0x08002352   0x00000008   Code   RO         2977    i.USART_SendData    stm32f10x_usart.o
    0x0800235a   0x0800235a   0x00000004   Code   RO         3265    i.UsageFault_Handler  stm32f10x_it_1.o
    0x0800235e   0x0800235e   0x00000002   PAD
    0x08002360   0x08002360   0x00000020   Code   RO         4047    i.__0printf         mc_w.l(printfa.o)
    0x08002380   0x08002380   0x00000028   Code   RO         4049    i.__0sprintf        mc_w.l(printfa.o)
    0x080023a8   0x080023a8   0x0000000e   Code   RO         4147    i.__scatterload_copy  mc_w.l(handlers.o)
    0x080023b6   0x080023b6   0x00000002   Code   RO         4148    i.__scatterload_null  mc_w.l(handlers.o)
    0x080023b8   0x080023b8   0x0000000e   Code   RO         4149    i.__scatterload_zeroinit  mc_w.l(handlers.o)
    0x080023c6   0x080023c6   0x00000002   PAD
    0x080023c8   0x080023c8   0x00000184   Code   RO         4054    i._fp_digits        mc_w.l(printfa.o)
    0x0800254c   0x0800254c   0x000006b4   Code   RO         4055    i._printf_core      mc_w.l(printfa.o)
    0x08002c00   0x08002c00   0x00000024   Code   RO         4056    i._printf_post_padding  mc_w.l(printfa.o)
    0x08002c24   0x08002c24   0x0000002e   Code   RO         4057    i._printf_pre_padding  mc_w.l(printfa.o)
    0x08002c52   0x08002c52   0x0000000a   Code   RO         4059    i._sputc            mc_w.l(printfa.o)
    0x08002c5c   0x08002c5c   0x000000b8   Code   RO         3733    i.calcul_BPM        filter.o
    0x08002d14   0x08002d14   0x000001f0   Code   RO         3673    i.esp_Init          at.o
    0x08002f04   0x08002f04   0x00000028   Code   RO         3674    i.fputc             at.o
    0x08002f2c   0x08002f2c   0x0000042c   Code   RO         3197    i.main              main_1.o
    0x08003358   0x08003358   0x000019d8   Data   RO         3331    .constdata          gui.o
    0x08004d30   0x08004d30   0x000005f0   Data   RO         3515    .constdata          oled.o
    0x08005320   0x08005320   0x00000064   Data   RO         3198    .conststring        main_1.o
    0x08005384   0x08005384   0x0000011d   Data   RO         3675    .conststring        at.o
    0x080054a1   0x080054a1   0x00000003   PAD
    0x080054a4   0x080054a4   0x00000020   Data   RO         4145    Region$$Table       anon$$obj.o


    Execution Region RW_IRAM1 (Exec base: 0x20000000, Load base: 0x080054c4, Size: 0x000007e8, Max: 0x00005000, ABSOLUTE)

    Exec Addr    Load Addr    Size         Type   Attr      Idx    E Section Name        Object

    0x20000000   0x080054c4   0x00000014   Data   RW         1805    .data               stm32f10x_rcc.o
    0x20000014   0x080054d8   0x00000010   Data   RW         3199    .data               main_1.o
    0x20000024   0x080054e8   0x00000004   Data   RW         3416    .data               lcd_driver.o
    0x20000028   0x080054ec   0x00000001   Data   RW         3629    .data               usart.o
    0x20000029   0x080054ed   0x00000003   PAD
    0x2000002c   0x080054f0   0x00000020   Data   RW         3676    .data               at.o
    0x2000004c   0x08005510   0x0000000a   Data   RW         3701    .data               ad.o
    0x20000056   0x0800551a   0x00000002   PAD
    0x20000058   0x0800551c   0x00000020   Data   RW         3736    .data               filter.o
    0x20000078   0x0800553c   0x00000004   Data   RW         4121    .data               mc_w.l(stdout.o)
    0x2000007c        -       0x00000100   Zero   RW         3628    .bss                usart.o
    0x2000017c        -       0x000000c8   Zero   RW         3700    .bss                ad.o
    0x20000244        -       0x00000190   Zero   RW         3734    .bss                filter.o
    0x200003d4        -       0x00000010   Zero   RW         3773    .bss                time.o
    0x200003e4   0x08005540   0x00000004   PAD
    0x200003e8        -       0x00000400   Zero   RW          130    STACK               startup_stm32f10x_md.o


==============================================================================

Image component sizes


      Code (inc. data)   RO Data    RW Data    ZI Data      Debug   Object Name

       484         50          0         10        200       2688   ad.o
       536        186        285         32          0       1631   at.o
         0          0          0          0          0       4556   core_cm3.o
        94          0          0          0          0       1356   delay.o
       588         80          0         32        400       3375   filter.o
       682         10       6616          0          0       3219   gui.o
      1042         48          0          4          0       6207   lcd_driver.o
      1288        202        100         16          0       4188   main_1.o
       132         22          0          0          0     213707   misc.o
       838         40       1520          0          0       6476   oled.o
        36          8        236          0       1024        800   startup_stm32f10x_md.o
       394         10          0          0          0      18113   stm32f10x_adc.o
       314          0          0          0          0      12236   stm32f10x_gpio.o
        26          0          0          0          0       3614   stm32f10x_it_1.o
       268         32          0         20          0      12860   stm32f10x_rcc.o
       442          6          0          0          0      11753   stm32f10x_usart.o
       328         28          0          0          0      24817   system_stm32f10x.o
       380         28          0          0         16       3416   time.o
       436         26          0          1        256       3765   usart.o

    ----------------------------------------------------------------------
      8328        776       8792        120       1900     338777   Object Totals
         0          0         32          0          0          0   (incl. Generated)
        20          0          3          5          4          0   (incl. Padding)

    ----------------------------------------------------------------------

      Code (inc. data)   RO Data    RW Data    ZI Data      Debug   Library Member Name

         0          0          0          0          0          0   entry.o
         0          0          0          0          0          0   entry10a.o
         0          0          0          0          0          0   entry11a.o
         4          0          0          0          0          0   entry12b.o
         8          4          0          0          0          0   entry2.o
         4          0          0          0          0          0   entry5.o
         0          0          0          0          0          0   entry7b.o
         0          0          0          0          0          0   entry8b.o
         8          4          0          0          0          0   entry9a.o
        30          0          0          0          0          0   handlers.o
        36          8          0          0          0         68   init.o
         0          0          0          0          0          0   iusefp.o
        30          0          0          0          0         68   llshl.o
        36          0          0          0          0         68   llsshr.o
        32          0          0          0          0         68   llushr.o
        36          0          0          0          0        108   memseta.o
      2268         96          0          0          0        616   printfa.o
         0          0          0          4          0          0   stdout.o
        28          0          0          0          0         76   strcmp.o
        44          0          0          0          0         80   uidiv.o
        98          0          0          0          0         92   uldiv.o
        48          0          0          0          0         68   cdrcmple.o
        20          0          0          0          0         68   cfcmple.o
        20          0          0          0          0         68   cfrcmple.o
        56          0          0          0          0         88   d2f.o
       334          0          0          0          0        148   dadd.o
       222          0          0          0          0        100   ddiv.o
       186          0          0          0          0        176   depilogue.o
        50          0          0          0          0         76   dfixui.o
        48          0          0          0          0         68   dfixul.o
        34          0          0          0          0         76   dflti.o
       228          0          0          0          0         96   dmul.o
        38          0          0          0          0         68   f2d.o
       176          0          0          0          0        140   fadd.o
       124          0          0          0          0         88   fdiv.o
       110          0          0          0          0        168   fepilogue.o
        50          0          0          0          0         68   ffixi.o
        40          0          0          0          0         68   ffixui.o
        18          0          0          0          0         68   fflti.o
        10          0          0          0          0         68   ffltui.o
       100          0          0          0          0         76   fmul.o

    ----------------------------------------------------------------------
      4580        112          0          4          0       3088   Library Totals
         6          0          0          0          0          0   (incl. Padding)

    ----------------------------------------------------------------------

      Code (inc. data)   RO Data    RW Data    ZI Data      Debug   Library Name

      2662        112          0          4          0       1244   mc_w.l
      1912          0          0          0          0       1844   mf_w.l

    ----------------------------------------------------------------------
      4580        112          0          4          0       3088   Library Totals

    ----------------------------------------------------------------------

==============================================================================


      Code (inc. data)   RO Data    RW Data    ZI Data      Debug   

     12908        888       8792        124       1900     335881   Grand Totals
     12908        888       8792        124       1900     335881   ELF Image Totals
     12908        888       8792        124          0          0   ROM Totals

==============================================================================

    Total RO  Size (Code + RO Data)                21700 (  21.19kB)
    Total RW  Size (RW Data + ZI Data)              2024 (   1.98kB)
    Total ROM Size (Code + RO Data + RW Data)      21824 (  21.31kB)

==============================================================================

