******************************************************************************
                  MSP430 Linker PC v21.6.0                     
******************************************************************************
>> Linked Fri Oct 14 21:54:29 2022

OUTPUT FILE NAME:   <ShowNum.out>
ENTRY POINT SYMBOL: "_c_int00_noargs"  address: 0000fe50


MEMORY CONFIGURATION

         name            origin    length      used     unused   attr    fill
----------------------  --------  ---------  --------  --------  ----  --------
  SFR                   00000000   00000010  00000000  00000010  RWIX
  PERIPHERALS_8BIT      00000010   000000f0  00000000  000000f0  RWIX
  PERIPHERALS_16BIT     00000100   00000100  00000000  00000100  RWIX
  RAM                   00000200   00000080  0000003f  00000041  RWIX
  INFOD                 00001000   00000040  00000000  00000040  RWIX
  INFOC                 00001040   00000040  00000000  00000040  RWIX
  INFOB                 00001080   00000040  00000000  00000040  RWIX
  INFOA                 000010c0   00000040  00000000  00000040  RWIX
  FLASH                 0000fc00   000003e0  00000309  000000d7  RWIX
  INT00                 0000ffe0   00000002  00000000  00000002  RWIX
  INT01                 0000ffe2   00000002  00000000  00000002  RWIX
  INT02                 0000ffe4   00000002  00000002  00000000  RWIX
  INT03                 0000ffe6   00000002  00000002  00000000  RWIX
  INT04                 0000ffe8   00000002  00000000  00000002  RWIX
  INT05                 0000ffea   00000002  00000000  00000002  RWIX
  INT06                 0000ffec   00000002  00000000  00000002  RWIX
  INT07                 0000ffee   00000002  00000000  00000002  RWIX
  INT08                 0000fff0   00000002  00000002  00000000  RWIX
  INT09                 0000fff2   00000002  00000002  00000000  RWIX
  INT10                 0000fff4   00000002  00000002  00000000  RWIX
  INT11                 0000fff6   00000002  00000002  00000000  RWIX
  INT12                 0000fff8   00000002  00000000  00000002  RWIX
  INT13                 0000fffa   00000002  00000000  00000002  RWIX
  INT14                 0000fffc   00000002  00000002  00000000  RWIX
  RESET                 0000fffe   00000002  00000002  00000000  RWIX


SECTION ALLOCATION MAP

 output                                  attributes/
section   page    origin      length       input sections
--------  ----  ----------  ----------   ----------------
.bss       0    00000200    0000000b     UNINITIALIZED
                  00000200    00000006     (.common:send_buf)
                  00000206    00000001     (.common:Picture_Count)
                  00000207    00000001     (.common:Show_enable)
                  00000208    00000001     (.common:TIM_Count)
                  00000209    00000001     (.common:TIM_Count_Par)
                  0000020a    00000001     (.common:ack)

.stack     0    0000024c    00000034     UNINITIALIZED
                  0000024c    00000002     rts430_eabi.lib : boot.c.obj (.stack)
                  0000024e    00000032     --HOLE--

.text      0    0000fc00    000002e6     
                  0000fc00    00000080     blink.obj (.text:Timer_A)
                  0000fc80    00000056     blink.obj (.text:I2C_Send_Byte)
                  0000fcd6    00000054     blink.obj (.text:Fun_Drive_Picture)
                  0000fd2a    0000004a     blink.obj (.text:main)
                  0000fd74    00000042     blink.obj (.text:I2c_Send_One_Byte)
                  0000fdb6    00000042     rts430_eabi.lib : autoinit.c.obj (.text:__TI_auto_init_nobinit_nopinit:__TI_auto_init_nobinit_nopinit)
                  0000fdf8    0000002c     blink.obj (.text:I2c_Send_One_String)
                  0000fe24    0000002c     rts430_eabi.lib : lsl16.asm.obj (.text)
                  0000fe50    0000001c                     : boot.c.obj (.text:_c_int00_noargs)
                  0000fe6c    0000001a     blink.obj (.text:Start_I2c)
                  0000fe86    00000014     blink.obj (.text:Stop_I2c)
                  0000fe9a    00000014     TIM.obj (.text:TimerA_Init)
                  0000feae    00000014     rts430_eabi.lib : copy_zero_init.c.obj (.text:decompress:ZI:__TI_zero_init_nomemset:__TI_zero_init_nomemset)
                  0000fec2    00000010                     : epilog.asm.obj (.text)
                  0000fed2    00000008                     : isr_trap.asm.obj (.text:_isr:__TI_ISR_TRAP)
                  0000feda    00000006                     : exit.c.obj (.text:abort)
                  0000fee0    00000004                     : pre_init.c.obj (.text:_system_pre_init)
                  0000fee4    00000002                     : startup.c.obj (.text:_system_post_cinit)

.const     0    0000fee6    00000019     
                  0000fee6    00000019     blink.obj (.const:Picture)

.cinit     0    0000ff00    0000000a     
                  0000ff00    00000004     (.cinit..bss.load) [load image, compression = zero_init]
                  0000ff04    00000002     (__TI_handler_table)
                  0000ff06    00000004     (__TI_cinit_table)

.binit     0    0000fc00    00000000     

.init_array 
*          0    0000fc00    00000000     UNINITIALIZED

PORT1      0    0000ffe4    00000002     
                  0000ffe4    00000002     rts430_eabi.lib : int02.asm.obj (.int02)

PORT2      0    0000ffe6    00000002     
                  0000ffe6    00000002     rts430_eabi.lib : int03.asm.obj (.int03)

TIMERA1    0    0000fff0    00000002     
                  0000fff0    00000002     rts430_eabi.lib : int08.asm.obj (.int08)

TIMERA0    0    0000fff2    00000002     
                  0000fff2    00000002     blink.obj (.int09)

WDT        0    0000fff4    00000002     
                  0000fff4    00000002     rts430_eabi.lib : int10.asm.obj (.int10)

COMPARATORA 
*          0    0000fff6    00000002     
                  0000fff6    00000002     rts430_eabi.lib : int11.asm.obj (.int11)

NMI        0    0000fffc    00000002     
                  0000fffc    00000002     rts430_eabi.lib : int14.asm.obj (.int14)

.reset     0    0000fffe    00000002     
                  0000fffe    00000002     rts430_eabi.lib : boot.c.obj (.reset)

MODULE SUMMARY

       Module                 code   ro data   rw data
       ------                 ----   -------   -------
    .\
       blink.obj              528    27        11     
       TIM.obj                20     0         0      
    +--+----------------------+------+---------+---------+
       Total:                 548    27        11     
                                                      
    C:\Users\WU\Desktop\MSP430Project\ccs\tools\compiler\ti-cgt-msp430_21.6.0.LTS\lib\rts430_eabi.lib
       autoinit.c.obj         66     0         0      
       lsl16.asm.obj          44     0         0      
       boot.c.obj             28     2         0      
       copy_zero_init.c.obj   20     0         0      
       epilog.asm.obj         16     0         0      
       isr_trap.asm.obj       8      0         0      
       exit.c.obj             6      0         0      
       pre_init.c.obj         4      0         0      
       int02.asm.obj          0      2         0      
       int03.asm.obj          0      2         0      
       int08.asm.obj          0      2         0      
       int10.asm.obj          0      2         0      
       int11.asm.obj          0      2         0      
       int14.asm.obj          0      2         0      
       startup.c.obj          2      0         0      
    +--+----------------------+------+---------+---------+
       Total:                 194    14        0      
                                                      
       Stack:                 0      0         52     
       Linker Generated:      0      10        0      
    +--+----------------------+------+---------+---------+
       Grand Total:           742    51        63     


LINKER GENERATED COPY TABLES

__TI_cinit_table @ 0000ff06 records: 1, size/record: 4, table size: 4
	.bss: load addr=0000ff00, load size=00000004 bytes, run addr=00000200, run size=0000000b bytes, compression=zero_init


LINKER GENERATED HANDLER TABLE

__TI_handler_table @ 0000ff04 records: 1, size/record: 2, table size: 2
	index: 0, handler: __TI_zero_init


GLOBAL SYMBOLS: SORTED ALPHABETICALLY BY Name 

address   name                          
-------   ----                          
00000057  BCSCTL1                       
00000058  BCSCTL2                       
00000053  BCSCTL3                       
0000feda  C$$EXIT                       
00000059  CACTL1                        
0000005a  CACTL2                        
000010fb  CALBC1_12MHZ                  
000010f9  CALBC1_16MHZ                  
000010ff  CALBC1_1MHZ                   
000010fd  CALBC1_8MHZ                   
000010fa  CALDCO_12MHZ                  
000010f8  CALDCO_16MHZ                  
000010fe  CALDCO_1MHZ                   
000010fc  CALDCO_8MHZ                   
0000005b  CAPD                          
00000056  DCOCTL                        
00000128  FCTL1                         
0000012a  FCTL2                         
0000012c  FCTL3                         
0000fcd6  Fun_Drive_Picture             
0000fc80  I2C_Send_Byte                 
0000fd74  I2c_Send_One_Byte             
0000fdf8  I2c_Send_One_String           
00000000  IE1                           
00000002  IFG1                          
00000022  P1DIR                         
00000025  P1IE                          
00000024  P1IES                         
00000023  P1IFG                         
00000020  P1IN                          
00000021  P1OUT                         
00000027  P1REN                         
00000026  P1SEL                         
0000002a  P2DIR                         
0000002d  P2IE                          
0000002c  P2IES                         
0000002b  P2IFG                         
00000028  P2IN                          
00000029  P2OUT                         
0000002f  P2REN                         
0000002e  P2SEL                         
0000fee6  Picture                       
00000206  Picture_Count                 
00000207  Show_enable                   
0000fe6c  Start_I2c                     
0000fe86  Stop_I2c                      
00000172  TACCR0                        
00000174  TACCR1                        
00000162  TACCTL0                       
00000164  TACCTL1                       
00000160  TACTL                         
0000012e  TAIV                          
00000170  TAR                           
00000208  TIM_Count                     
00000209  TIM_Count_Par                 
0000fe9a  TimerA_Init                   
0000fc00  Timer_A                       
00000120  WDTCTL                        
00000280  __STACK_END                   
00000034  __STACK_SIZE                  
0000ff06  __TI_CINIT_Base               
0000ff0a  __TI_CINIT_Limit              
0000ff0a  __TI_CINIT_Warm               
0000ff04  __TI_Handler_Table_Base       
0000ff06  __TI_Handler_Table_Limit      
0000fed2  __TI_ISR_TRAP                 
0000fdb6  __TI_auto_init_nobinit_nopinit
0000ffe4  __TI_int02                    
0000ffe6  __TI_int03                    
0000fff0  __TI_int08                    
0000fff2  __TI_int09                    
0000fff4  __TI_int10                    
0000fff6  __TI_int11                    
0000fffc  __TI_int14                    
ffffffff  __TI_pprof_out_hndl           
ffffffff  __TI_prof_data_size           
ffffffff  __TI_prof_data_start          
0000feae  __TI_zero_init_nomemset       
ffffffff  __c_args__                    
0000fece  __mspabi_func_epilog_1        
0000fecc  __mspabi_func_epilog_2        
0000feca  __mspabi_func_epilog_3        
0000fec8  __mspabi_func_epilog_4        
0000fec6  __mspabi_func_epilog_5        
0000fec4  __mspabi_func_epilog_6        
0000fec2  __mspabi_func_epilog_7        
0000fe24  __mspabi_slli                 
0000fe4c  __mspabi_slli_1               
0000fe3a  __mspabi_slli_10              
0000fe38  __mspabi_slli_11              
0000fe36  __mspabi_slli_12              
0000fe34  __mspabi_slli_13              
0000fe32  __mspabi_slli_14              
0000fe30  __mspabi_slli_15              
0000fe4a  __mspabi_slli_2               
0000fe48  __mspabi_slli_3               
0000fe46  __mspabi_slli_4               
0000fe44  __mspabi_slli_5               
0000fe42  __mspabi_slli_6               
0000fe40  __mspabi_slli_7               
0000fe3e  __mspabi_slli_8               
0000fe3c  __mspabi_slli_9               
0000fe50  _c_int00_noargs               
0000fffe  _reset_vector                 
0000024c  _stack                        
0000fee4  _system_post_cinit            
0000fee0  _system_pre_init              
0000feda  abort                         
0000020a  ack                           
0000fd2a  main                          
00000200  send_buf                      


GLOBAL SYMBOLS: SORTED BY Symbol Address 

address   name                          
-------   ----                          
00000000  IE1                           
00000002  IFG1                          
00000020  P1IN                          
00000021  P1OUT                         
00000022  P1DIR                         
00000023  P1IFG                         
00000024  P1IES                         
00000025  P1IE                          
00000026  P1SEL                         
00000027  P1REN                         
00000028  P2IN                          
00000029  P2OUT                         
0000002a  P2DIR                         
0000002b  P2IFG                         
0000002c  P2IES                         
0000002d  P2IE                          
0000002e  P2SEL                         
0000002f  P2REN                         
00000034  __STACK_SIZE                  
00000053  BCSCTL3                       
00000056  DCOCTL                        
00000057  BCSCTL1                       
00000058  BCSCTL2                       
00000059  CACTL1                        
0000005a  CACTL2                        
0000005b  CAPD                          
00000120  WDTCTL                        
00000128  FCTL1                         
0000012a  FCTL2                         
0000012c  FCTL3                         
0000012e  TAIV                          
00000160  TACTL                         
00000162  TACCTL0                       
00000164  TACCTL1                       
00000170  TAR                           
00000172  TACCR0                        
00000174  TACCR1                        
00000200  send_buf                      
00000206  Picture_Count                 
00000207  Show_enable                   
00000208  TIM_Count                     
00000209  TIM_Count_Par                 
0000020a  ack                           
0000024c  _stack                        
00000280  __STACK_END                   
000010f8  CALDCO_16MHZ                  
000010f9  CALBC1_16MHZ                  
000010fa  CALDCO_12MHZ                  
000010fb  CALBC1_12MHZ                  
000010fc  CALDCO_8MHZ                   
000010fd  CALBC1_8MHZ                   
000010fe  CALDCO_1MHZ                   
000010ff  CALBC1_1MHZ                   
0000fc00  Timer_A                       
0000fc80  I2C_Send_Byte                 
0000fcd6  Fun_Drive_Picture             
0000fd2a  main                          
0000fd74  I2c_Send_One_Byte             
0000fdb6  __TI_auto_init_nobinit_nopinit
0000fdf8  I2c_Send_One_String           
0000fe24  __mspabi_slli                 
0000fe30  __mspabi_slli_15              
0000fe32  __mspabi_slli_14              
0000fe34  __mspabi_slli_13              
0000fe36  __mspabi_slli_12              
0000fe38  __mspabi_slli_11              
0000fe3a  __mspabi_slli_10              
0000fe3c  __mspabi_slli_9               
0000fe3e  __mspabi_slli_8               
0000fe40  __mspabi_slli_7               
0000fe42  __mspabi_slli_6               
0000fe44  __mspabi_slli_5               
0000fe46  __mspabi_slli_4               
0000fe48  __mspabi_slli_3               
0000fe4a  __mspabi_slli_2               
0000fe4c  __mspabi_slli_1               
0000fe50  _c_int00_noargs               
0000fe6c  Start_I2c                     
0000fe86  Stop_I2c                      
0000fe9a  TimerA_Init                   
0000feae  __TI_zero_init_nomemset       
0000fec2  __mspabi_func_epilog_7        
0000fec4  __mspabi_func_epilog_6        
0000fec6  __mspabi_func_epilog_5        
0000fec8  __mspabi_func_epilog_4        
0000feca  __mspabi_func_epilog_3        
0000fecc  __mspabi_func_epilog_2        
0000fece  __mspabi_func_epilog_1        
0000fed2  __TI_ISR_TRAP                 
0000feda  C$$EXIT                       
0000feda  abort                         
0000fee0  _system_pre_init              
0000fee4  _system_post_cinit            
0000fee6  Picture                       
0000ff04  __TI_Handler_Table_Base       
0000ff06  __TI_CINIT_Base               
0000ff06  __TI_Handler_Table_Limit      
0000ff0a  __TI_CINIT_Limit              
0000ff0a  __TI_CINIT_Warm               
0000ffe4  __TI_int02                    
0000ffe6  __TI_int03                    
0000fff0  __TI_int08                    
0000fff2  __TI_int09                    
0000fff4  __TI_int10                    
0000fff6  __TI_int11                    
0000fffc  __TI_int14                    
0000fffe  _reset_vector                 
ffffffff  __TI_pprof_out_hndl           
ffffffff  __TI_prof_data_size           
ffffffff  __TI_prof_data_start          
ffffffff  __c_args__                    

[111 symbols]
