Component: ARM Compiler 5.06 update 5 (build 528) Tool: armlink [4d35e2]

==============================================================================

Section Cross References

    board.o(i.board_init) refers to zf_uart.o(i.uart_init) for uart_init
    common.o(i.nvic_init) refers to hal_misc.o(i.NVIC_Init) for NVIC_Init
    seekfree_18tft.o(i.lcd_clear) refers to seekfree_18tft.o(i.lcd_set_region) for lcd_set_region
    seekfree_18tft.o(i.lcd_clear) refers to seekfree_18tft.o(i.lcd_writedata_16bit) for lcd_writedata_16bit
    seekfree_18tft.o(i.lcd_display_chinese) refers to seekfree_18tft.o(i.lcd_set_region) for lcd_set_region
    seekfree_18tft.o(i.lcd_display_chinese) refers to seekfree_18tft.o(i.lcd_writedata_16bit) for lcd_writedata_16bit
    seekfree_18tft.o(i.lcd_displayimage032) refers to seekfree_18tft.o(i.lcd_set_region) for lcd_set_region
    seekfree_18tft.o(i.lcd_displayimage032) refers to aeabi_sdiv.o(.text) for __aeabi_uidivmod
    seekfree_18tft.o(i.lcd_displayimage032) refers to seekfree_18tft.o(i.lcd_writedata_16bit) for lcd_writedata_16bit
    seekfree_18tft.o(i.lcd_displayimage032_zoom) refers to seekfree_18tft.o(i.lcd_set_region) for lcd_set_region
    seekfree_18tft.o(i.lcd_displayimage032_zoom) refers to aeabi_sdiv.o(.text) for __aeabi_uidivmod
    seekfree_18tft.o(i.lcd_displayimage032_zoom) refers to seekfree_18tft.o(i.lcd_writedata_16bit) for lcd_writedata_16bit
    seekfree_18tft.o(i.lcd_displayimage7725) refers to seekfree_18tft.o(i.lcd_set_region) for lcd_set_region
    seekfree_18tft.o(i.lcd_displayimage7725) refers to seekfree_18tft.o(i.lcd_writedata_16bit) for lcd_writedata_16bit
    seekfree_18tft.o(i.lcd_displayimage8660_zoom) refers to seekfree_18tft.o(i.lcd_set_region) for lcd_set_region
    seekfree_18tft.o(i.lcd_displayimage8660_zoom) refers to aeabi_sdiv.o(.text) for __aeabi_uidivmod
    seekfree_18tft.o(i.lcd_displayimage8660_zoom) refers to seekfree_18tft.o(i.lcd_writedata_16bit) for lcd_writedata_16bit
    seekfree_18tft.o(i.lcd_drawpoint) refers to seekfree_18tft.o(i.lcd_set_region) for lcd_set_region
    seekfree_18tft.o(i.lcd_drawpoint) refers to seekfree_18tft.o(i.lcd_writedata_16bit) for lcd_writedata_16bit
    seekfree_18tft.o(i.lcd_init) refers to zf_spi.o(i.spi_init) for spi_init
    seekfree_18tft.o(i.lcd_init) refers to zf_gpio.o(i.gpio_init) for gpio_init
    seekfree_18tft.o(i.lcd_init) refers to zf_systick.o(i.systick_delay_ms) for systick_delay_ms
    seekfree_18tft.o(i.lcd_init) refers to seekfree_18tft.o(i.lcd_writeIndex) for lcd_writeIndex
    seekfree_18tft.o(i.lcd_init) refers to seekfree_18tft.o(i.lcd_writeData) for lcd_writeData
    seekfree_18tft.o(i.lcd_init) refers to seekfree_18tft.o(i.lcd_clear) for lcd_clear
    seekfree_18tft.o(i.lcd_init) refers to system_mm32spin2xx_p.o(.data) for SystemCoreClock
    seekfree_18tft.o(i.lcd_init) refers to zf_gpio.o(.data) for gpio_group
    seekfree_18tft.o(i.lcd_set_region) refers to seekfree_18tft.o(i.lcd_writeIndex) for lcd_writeIndex
    seekfree_18tft.o(i.lcd_set_region) refers to seekfree_18tft.o(i.lcd_writeData) for lcd_writeData
    seekfree_18tft.o(i.lcd_showchar) refers to seekfree_18tft.o(i.lcd_set_region) for lcd_set_region
    seekfree_18tft.o(i.lcd_showchar) refers to seekfree_18tft.o(i.lcd_writedata_16bit) for lcd_writedata_16bit
    seekfree_18tft.o(i.lcd_showchar) refers to seekfree_font.o(.constdata) for tft_ascii
    seekfree_18tft.o(i.lcd_showfloat) refers to drlef.o(x$fpl$drleqf) for __aeabi_cdrcmple
    seekfree_18tft.o(i.lcd_showfloat) refers to seekfree_printf.o(i.zf_sprintf) for zf_sprintf
    seekfree_18tft.o(i.lcd_showfloat) refers to seekfree_18tft.o(i.lcd_showstr) for lcd_showstr
    seekfree_18tft.o(i.lcd_showint16) refers to seekfree_18tft.o(i.lcd_showchar) for lcd_showchar
    seekfree_18tft.o(i.lcd_showint16) refers to aeabi_sdiv.o(.text) for __aeabi_idivmod
    seekfree_18tft.o(i.lcd_showint32) refers to seekfree_printf.o(i.zf_sprintf) for zf_sprintf
    seekfree_18tft.o(i.lcd_showint32) refers to seekfree_18tft.o(i.lcd_showstr) for lcd_showstr
    seekfree_18tft.o(i.lcd_showint8) refers to seekfree_18tft.o(i.lcd_showchar) for lcd_showchar
    seekfree_18tft.o(i.lcd_showint8) refers to aeabi_sdiv.o(.text) for __aeabi_idivmod
    seekfree_18tft.o(i.lcd_showstr) refers to seekfree_18tft.o(i.lcd_showchar) for lcd_showchar
    seekfree_18tft.o(i.lcd_showuint16) refers to aeabi_sdiv.o(.text) for __aeabi_idivmod
    seekfree_18tft.o(i.lcd_showuint16) refers to seekfree_18tft.o(i.lcd_showchar) for lcd_showchar
    seekfree_18tft.o(i.lcd_showuint8) refers to aeabi_sdiv.o(.text) for __aeabi_idivmod
    seekfree_18tft.o(i.lcd_showuint8) refers to seekfree_18tft.o(i.lcd_showchar) for lcd_showchar
    seekfree_18tft.o(i.lcd_writeData) refers to zf_spi.o(i.spi_mosi) for spi_mosi
    seekfree_18tft.o(i.lcd_writeData) refers to zf_gpio.o(.data) for gpio_group
    seekfree_18tft.o(i.lcd_writeIndex) refers to zf_spi.o(i.spi_mosi) for spi_mosi
[...]
    Hardware\\SEEKFREE_MMA8451.c             0x00000000   Number         0  seekfree_mma8451.o ABSOLUTE
    Hardware\\SEEKFREE_MPU6050.c             0x00000000   Number         0  seekfree_mpu6050.o ABSOLUTE
    Hardware\\SEEKFREE_MT9V03X.c             0x00000000   Number         0  seekfree_mt9v03x.o ABSOLUTE
    Hardware\\SEEKFREE_OLED.c                0x00000000   Number         0  seekfree_oled.o ABSOLUTE
    Hardware\\SEEKFREE_PRINTF.c              0x00000000   Number         0  seekfree_printf.o ABSOLUTE
    Hardware\\SEEKFREE_TSL1401.c             0x00000000   Number         0  seekfree_tsl1401.o ABSOLUTE
    Hardware\\SEEKFREE_UART_7725.c           0x00000000   Number         0  seekfree_uart_7725.o ABSOLUTE
    Hardware\\SEEKFREE_VIRSCO.c              0x00000000   Number         0  seekfree_virsco.o ABSOLUTE
    Hardware\\SEEKFREE_WIRELESS.c            0x00000000   Number         0  seekfree_wireless.o ABSOLUTE
    Hardware\\board.c                        0x00000000   Number         0  board.o ABSOLUTE
    Hardware\\common.c                       0x00000000   Number         0  common.o ABSOLUTE
    Hardware\\zf_adc.c                       0x00000000   Number         0  zf_adc.o ABSOLUTE
    Hardware\\zf_camera.c                    0x00000000   Number         0  zf_camera.o ABSOLUTE
    Hardware\\zf_exti.c                      0x00000000   Number         0  zf_exti.o ABSOLUTE
    Hardware\\zf_flash.c                     0x00000000   Number         0  zf_flash.o ABSOLUTE
    Hardware\\zf_gpio.c                      0x00000000   Number         0  zf_gpio.o ABSOLUTE
    Hardware\\zf_pit.c                       0x00000000   Number         0  zf_pit.o ABSOLUTE
    Hardware\\zf_pwm.c                       0x00000000   Number         0  zf_pwm.o ABSOLUTE
    Hardware\\zf_spi.c                       0x00000000   Number         0  zf_spi.o ABSOLUTE
    Hardware\\zf_systick.c                   0x00000000   Number         0  zf_systick.o ABSOLUTE
    Hardware\\zf_tim.c                       0x00000000   Number         0  zf_tim.o ABSOLUTE
    Hardware\\zf_uart.c                      0x00000000   Number         0  zf_uart.o ABSOLUTE
    Hardware\board.c                         0x00000000   Number         0  board.o ABSOLUTE
    Hardware\common.c                        0x00000000   Number         0  common.o ABSOLUTE
    Hardware\zf_adc.c                        0x00000000   Number         0  zf_adc.o ABSOLUTE
    Hardware\zf_camera.c                     0x00000000   Number         0  zf_camera.o ABSOLUTE
    Hardware\zf_exti.c                       0x00000000   Number         0  zf_exti.o ABSOLUTE
    Hardware\zf_flash.c                      0x00000000   Number         0  zf_flash.o ABSOLUTE
    Hardware\zf_gpio.c                       0x00000000   Number         0  zf_gpio.o ABSOLUTE
    Hardware\zf_pit.c                        0x00000000   Number         0  zf_pit.o ABSOLUTE
    Hardware\zf_pwm.c                        0x00000000   Number         0  zf_pwm.o ABSOLUTE
    Hardware\zf_spi.c                        0x00000000   Number         0  zf_spi.o ABSOLUTE
    Hardware\zf_systick.c                    0x00000000   Number         0  zf_systick.o ABSOLUTE
    Hardware\zf_tim.c                        0x00000000   Number         0  zf_tim.o ABSOLUTE
    Hardware\zf_uart.c                       0x00000000   Number         0  zf_uart.o ABSOLUTE
    MN32_HAL\\hal_adc.c                      0x00000000   Number         0  hal_adc.o ABSOLUTE
    MN32_HAL\\hal_bkp.c                      0x00000000   Number         0  hal_bkp.o ABSOLUTE
    MN32_HAL\\hal_comp.c                     0x00000000   Number         0  hal_comp.o ABSOLUTE
    MN32_HAL\\hal_crc.c                      0x00000000   Number         0  hal_crc.o ABSOLUTE
    MN32_HAL\\hal_dbg.c                      0x00000000   Number         0  hal_dbg.o ABSOLUTE
    MN32_HAL\\hal_div.c                      0x00000000   Number         0  hal_div.o ABSOLUTE
    MN32_HAL\\hal_dma.c                      0x00000000   Number         0  hal_dma.o ABSOLUTE
    MN32_HAL\\hal_exti.c                     0x00000000   Number         0  hal_exti.o ABSOLUTE
    MN32_HAL\\hal_flash.c                    0x00000000   Number         0  hal_flash.o ABSOLUTE
    MN32_HAL\\hal_gpio.c                     0x00000000   Number         0  hal_gpio.o ABSOLUTE
    MN32_HAL\\hal_i2c.c                      0x00000000   Number         0  hal_i2c.o ABSOLUTE
    MN32_HAL\\hal_iwdg.c                     0x00000000   Number         0  hal_iwdg.o ABSOLUTE
    MN32_HAL\\hal_misc.c                     0x00000000   Number         0  hal_misc.o ABSOLUTE
    MN32_HAL\\hal_opamp.c                    0x00000000   Number         0  hal_opamp.o ABSOLUTE
    MN32_HAL\\hal_pwr.c                      0x00000000   Number         0  hal_pwr.o ABSOLUTE
    MN32_HAL\\hal_rcc.c                      0x00000000   Number         0  hal_rcc.o ABSOLUTE
    MN32_HAL\\hal_spi.c                      0x00000000   Number         0  hal_spi.o ABSOLUTE
    MN32_HAL\\hal_sqrt.c                     0x00000000   Number         0  hal_sqrt.o ABSOLUTE
    MN32_HAL\\hal_tim.c                      0x00000000   Number         0  hal_tim.o ABSOLUTE
    MN32_HAL\\hal_uart.c                     0x00000000   Number         0  hal_uart.o ABSOLUTE
    MN32_HAL\\hal_uid.c                      0x00000000   Number         0  hal_uid.o ABSOLUTE
    MN32_HAL\\hal_ver.c                      0x00000000   Number         0  hal_ver.o ABSOLUTE
    MN32_HAL\\hal_wwdg.c                     0x00000000   Number         0  hal_wwdg.o ABSOLUTE
    MN32_HAL\hal_adc.c                       0x00000000   Number         0  hal_adc.o ABSOLUTE
    MN32_HAL\hal_bkp.c                       0x00000000   Number         0  hal_bkp.o ABSOLUTE
    MN32_HAL\hal_comp.c                      0x00000000   Number         0  hal_comp.o ABSOLUTE
    MN32_HAL\hal_crc.c                       0x00000000   Number         0  hal_crc.o ABSOLUTE
    MN32_HAL\hal_dbg.c                       0x00000000   Number         0  hal_dbg.o ABSOLUTE
    MN32_HAL\hal_div.c                       0x00000000   Number         0  hal_div.o ABSOLUTE
    MN32_HAL\hal_dma.c                       0x00000000   Number         0  hal_dma.o ABSOLUTE
    MN32_HAL\hal_exti.c                      0x00000000   Number         0  hal_exti.o ABSOLUTE
    MN32_HAL\hal_flash.c                     0x00000000   Number         0  hal_flash.o ABSOLUTE
    MN32_HAL\hal_gpio.c                      0x00000000   Number         0  hal_gpio.o ABSOLUTE
    MN32_HAL\hal_i2c.c                       0x00000000   Number         0  hal_i2c.o ABSOLUTE
    MN32_HAL\hal_iwdg.c                      0x00000000   Number         0  hal_iwdg.o ABSOLUTE
    MN32_HAL\hal_misc.c                      0x00000000   Number         0  hal_misc.o ABSOLUTE
    MN32_HAL\hal_opamp.c                     0x00000000   Number         0  hal_opamp.o ABSOLUTE
    MN32_HAL\hal_pwr.c                       0x00000000   Number         0  hal_pwr.o ABSOLUTE
    MN32_HAL\hal_rcc.c                       0x00000000   Number         0  hal_rcc.o ABSOLUTE
    MN32_HAL\hal_spi.c                       0x00000000   Number         0  hal_spi.o ABSOLUTE
    MN32_HAL\hal_sqrt.c                      0x00000000   Number         0  hal_sqrt.o ABSOLUTE
    MN32_HAL\hal_tim.c                       0x00000000   Number         0  hal_tim.o ABSOLUTE
    MN32_HAL\hal_uart.c                      0x00000000   Number         0  hal_uart.o ABSOLUTE
    MN32_HAL\hal_uid.c                       0x00000000   Number         0  hal_uid.o ABSOLUTE
    MN32_HAL\hal_ver.c                       0x00000000   Number         0  hal_ver.o ABSOLUTE
    MN32_HAL\hal_wwdg.c                      0x00000000   Number         0  hal_wwdg.o ABSOLUTE
    Startup\\system_mm32spin2xx_p.c          0x00000000   Number         0  system_mm32spin2xx_p.o ABSOLUTE
    Startup\startup_mm32spin2xx_p_keil.s     0x00000000   Number         0  startup_mm32spin2xx_p_keil.o ABSOLUTE
    Startup\system_mm32spin2xx_p.c           0x00000000   Number         0  system_mm32spin2xx_p.o ABSOLUTE
    User\\isr.c                              0x00000000   Number         0  isr.o ABSOLUTE
    User\\main.c                             0x00000000   Number         0  main.o ABSOLUTE
    User\isr.c                               0x00000000   Number         0  isr.o ABSOLUTE
    User\main.c                              0x00000000   Number         0  main.o ABSOLUTE
    dc.s                                     0x00000000   Number         0  dc.o ABSOLUTE
    RESET                                    0x08000000   Section      192  startup_mm32spin2xx_p_keil.o(RESET)
    !!!main                                  0x080000c0   Section        8  __main.o(!!!main)
    !!!scatter                               0x080000c8   Section       60  __scatter.o(!!!scatter)
    !!handler_zi                             0x08000104   Section       28  __scatter_zi.o(!!handler_zi)
    .ARM.Collect$$libinit$$00000000          0x08000120   Section        2  libinit.o(.ARM.Collect$$libinit$$00000000)
    .ARM.Collect$$libinit$$00000002          0x08000122   Section        0  libinit2.o(.ARM.Collect$$libinit$$00000002)
    .ARM.Collect$$libinit$$00000004          0x08000122   Section        0  libinit2.o(.ARM.Collect$$libinit$$00000004)
    .ARM.Collect$$libinit$$0000000A          0x08000122   Section        0  libinit2.o(.ARM.Collect$$libinit$$0000000A)
    .ARM.Collect$$libinit$$0000000C          0x08000122   Section        0  libinit2.o(.ARM.Collect$$libinit$$0000000C)
    .ARM.Collect$$libinit$$0000000E          0x08000122   Section        0  libinit2.o(.ARM.Collect$$libinit$$0000000E)
    .ARM.Collect$$libinit$$00000011          0x08000122   Section        0  libinit2.o(.ARM.Collect$$libinit$$00000011)
    .ARM.Collect$$libinit$$00000013          0x08000122   Section        0  libinit2.o(.ARM.Collect$$libinit$$00000013)
    .ARM.Collect$$libinit$$00000015          0x08000122   Section        0  libinit2.o(.ARM.Collect$$libinit$$00000015)
    .ARM.Collect$$libinit$$00000017          0x08000122   Section        0  libinit2.o(.ARM.Collect$$libinit$$00000017)
    .ARM.Collect$$libinit$$00000019          0x08000122   Section        0  libinit2.o(.ARM.Collect$$libinit$$00000019)
    .ARM.Collect$$libinit$$0000001B          0x08000122   Section        0  libinit2.o(.ARM.Collect$$libinit$$0000001B)
    .ARM.Collect$$libinit$$0000001D          0x08000122   Section        0  libinit2.o(.ARM.Collect$$libinit$$0000001D)
    .ARM.Collect$$libinit$$0000001F          0x08000122   Section        0  libinit2.o(.ARM.Collect$$libinit$$0000001F)
    .ARM.Collect$$libinit$$00000021          0x08000122   Section        0  libinit2.o(.ARM.Collect$$libinit$$00000021)
    .ARM.Collect$$libinit$$00000023          0x08000122   Section        0  libinit2.o(.ARM.Collect$$libinit$$00000023)
    .ARM.Collect$$libinit$$00000025          0x08000122   Section        0  libinit2.o(.ARM.Collect$$libinit$$00000025)
    .ARM.Collect$$libinit$$0000002C          0x08000122   Section        0  libinit2.o(.ARM.Collect$$libinit$$0000002C)
    .ARM.Collect$$libinit$$0000002E          0x08000122   Section        0  libinit2.o(.ARM.Collect$$libinit$$0000002E)
    .ARM.Collect$$libinit$$00000030          0x08000122   Section        0  libinit2.o(.ARM.Collect$$libinit$$00000030)
    .ARM.Collect$$libinit$$00000032          0x08000122   Section        0  libinit2.o(.ARM.Collect$$libinit$$00000032)
    .ARM.Collect$$libinit$$00000033          0x08000122   Section        2  libinit2.o(.ARM.Collect$$libinit$$00000033)
    .ARM.Collect$$libshutdown$$00000000      0x08000124   Section        2  libshutdown.o(.ARM.Collect$$libshutdown$$00000000)
    .ARM.Collect$$libshutdown$$00000002      0x08000126   Section        0  libshutdown2.o(.ARM.Collect$$libshutdown$$00000002)
    .ARM.Collect$$libshutdown$$00000004      0x08000126   Section        0  libshutdown2.o(.ARM.Collect$$libshutdown$$00000004)
    .ARM.Collect$$libshutdown$$00000007      0x08000126   Section        0  libshutdown2.o(.ARM.Collect$$libshutdown$$00000007)
    .ARM.Collect$$libshutdown$$0000000A      0x08000126   Section        0  libshutdown2.o(.ARM.Collect$$libshutdown$$0000000A)
    .ARM.Collect$$libshutdown$$0000000C      0x08000126   Section        0  libshutdown2.o(.ARM.Collect$$libshutdown$$0000000C)
    .ARM.Collect$$libshutdown$$0000000F      0x08000126   Section        0  libshutdown2.o(.ARM.Collect$$libshutdown$$0000000F)
    .ARM.Collect$$libshutdown$$00000010      0x08000126   Section        2  libshutdown2.o(.ARM.Collect$$libshutdown$$00000010)
    .ARM.Collect$$rtentry$$00000000          0x08000128   Section        0  __rtentry.o(.ARM.Collect$$rtentry$$00000000)
    .ARM.Collect$$rtentry$$00000002          0x08000128   Section        0  __rtentry2.o(.ARM.Collect$$rtentry$$00000002)
    .ARM.Collect$$rtentry$$00000004          0x08000128   Section        6  __rtentry4.o(.ARM.Collect$$rtentry$$00000004)
    .ARM.Collect$$rtentry$$00000009          0x0800012e   Section        0  __rtentry2.o(.ARM.Collect$$rtentry$$00000009)
    .ARM.Collect$$rtentry$$0000000A          0x0800012e   Section        4  __rtentry2.o(.ARM.Collect$$rtentry$$0000000A)
    .ARM.Collect$$rtentry$$0000000C          0x08000132   Section        0  __rtentry2.o(.ARM.Collect$$rtentry$$0000000C)
    .ARM.Collect$$rtentry$$0000000D          0x08000132   Section        8  __rtentry2.o(.ARM.Collect$$rtentry$$0000000D)
    .ARM.Collect$$rtexit$$00000000           0x0800013a   Section        2  rtexit.o(.ARM.Collect$$rtexit$$00000000)
    .ARM.Collect$$rtexit$$00000002           0x0800013c   Section        0  rtexit2.o(.ARM.Collect$$rtexit$$00000002)
    .ARM.Collect$$rtexit$$00000003           0x0800013c   Section        4  rtexit2.o(.ARM.Collect$$rtexit$$00000003)
    .ARM.Collect$$rtexit$$00000004           0x08000140   Section        6  rtexit2.o(.ARM.Collect$$rtexit$$00000004)
    .emb_text                                0x08000148   Section       56  rt_memcpy.o(.emb_text)
    .text                                    0x08000180   Section      160  startup_mm32spin2xx_p_keil.o(.text)
    .text                                    0x08000220   Section        0  rt_memcpy.o(.text)
    .text                                    0x080002a2   Section      346  aeabi_sdiv.o(.text)
    .text                                    0x080003fc   Section        0  heapauxi.o(.text)
    .text                                    0x08000404   Section        0  d2f.o(.text)
    .text                                    0x08000480   Section        0  daddsub.o(.text)
    _dadd1                                   0x08000481   Thumb Code   290  daddsub.o(.text)
    _dsub1                                   0x080005a3   Thumb Code   470  daddsub.o(.text)
    .text                                    0x080007d8   Section        0  ddiv.o(.text)
    .text                                    0x08000c20   Section        0  dfixi.o(.text)
    .text                                    0x08000c8c   Section        0  dfixui.o(.text)
    .text                                    0x08000cd4   Section        0  dflti.o(.text)
    .text                                    0x08000d2c   Section        0  dmul.o(.text)
    .text                                    0x08000f74   Section        0  f2d.o(.text)
    .text                                    0x08000fc8   Section        0  fdiv.o(.text)
    .text                                    0x08001128   Section        0  ffixui.o(.text)
    .text                                    0x08001158   Section        0  fflti.o(.text)
    .text                                    0x080011b8   Section        0  dcmpin.o(.text)
    .text                                    0x08001248   Section        0  fcmpin.o(.text)
    .text                                    0x080012ac   Section        0  cmpret.o(.text)
    .text                                    0x080012dc   Section        0  dnan2.o(.text)
    .text                                    0x080012f0   Section        0  fnan2.o(.text)
    .text                                    0x08001300   Section       62  sys_stackheap_outer.o(.text)
    .text                                    0x0800133e   Section        0  exit.o(.text)
    .text                                    0x0800134e   Section        0  retnan.o(.text)
    .text                                    0x080013ac   Section        8  libspace.o(.text)
    .text                                    0x080013b4   Section        0  sys_exit.o(.text)
    .text                                    0x080013c0   Section        2  use_no_semi.o(.text)
    .text                                    0x080013c2   Section        0  indicate_semi.o(.text)
    .text                                    0x080013c2   Section        0  __dczerorl2.o(.text)
    i.ADC_Handle                             0x08001418   Section        0  adc.o(i.ADC_Handle)
    i.AutoCalPllFactor                       0x08001428   Section        0  system_mm32spin2xx_p.o(i.AutoCalPllFactor)
    i.Circle_Detect                          0x08001494   Section        0  path.o(i.Circle_Detect)
    i.DMA1_Channel1_IRQHandler               0x080014e4   Section        0  isr.o(i.DMA1_Channel1_IRQHandler)
    i.DMA1_Channel2_3_IRQHandler             0x080014f8   Section        0  isr.o(i.DMA1_Channel2_3_IRQHandler)
    i.DMA1_Channel4_5_IRQHandler             0x08001520   Section        0  isr.o(i.DMA1_Channel4_5_IRQHandler)
    i.DMA_ClearFlag                          0x08001574   Section        0  hal_dma.o(i.DMA_ClearFlag)
    i.DMA_GetFlagStatus                      0x08001580   Section        0  hal_dma.o(i.DMA_GetFlagStatus)
    i.EXTI0_1_IRQHandler                     0x08001598   Section        0  isr.o(i.EXTI0_1_IRQHandler)
    i.EXTI2_3_IRQHandler                     0x080015bc   Section        0  isr.o(i.EXTI2_3_IRQHandler)
    i.EXTI4_15_IRQHandler                    0x080015e0   Section        0  isr.o(i.EXTI4_15_IRQHandler)
    i.EXTI_ClearFlag                         0x080016f0   Section        0  hal_exti.o(i.EXTI_ClearFlag)
    i.EXTI_GetITStatus                       0x080016fc   Section        0  hal_exti.o(i.EXTI_GetITStatus)
    i.Get_ADC                                0x08001720   Section        0  adc.o(i.Get_ADC)
    i.Get_ADC_Avg_Hist                       0x0800184c   Section        0  adc.o(i.Get_ADC_Avg_Hist)
    i.Get_ADC_Symbol                         0x08001890   Section        0  adc.o(i.Get_ADC_Symbol)
    i.Get_Dif                                0x080019a8   Section        0  adc.o(i.Get_Dif)
    i.GuiYiHua_ADC                           0x08001ad4   Section        0  adc.o(i.GuiYiHua_ADC)
    i.HardFault_Handler                      0x08001b48   Section        0  common.o(i.HardFault_Handler)
    i.NMI_Handler                            0x08001b4c   Section        0  common.o(i.NMI_Handler)
    i.NVIC_Init                              0x08001b50   Section        0  hal_misc.o(i.NVIC_Init)
    i.OLED_Print                             0x08001bb8   Section        0  oled.o(i.OLED_Print)
    i.PD                                     0x08001cd8   Section        0  pd.o(i.PD)
    i.PD_Control                             0x08001e70   Section        0  pd.o(i.PD_Control)
    i.Path_Detect                            0x080020a8   Section        0  path.o(i.Path_Detect)
    i.PendSV_Handler                         0x080020bc   Section        0  common.o(i.PendSV_Handler)
    i.Roundabout_Detect                      0x080020c0   Section        0  path.o(i.Roundabout_Detect)
    i.SVC_Handler                            0x080020f0   Section        0  common.o(i.SVC_Handler)
    i.Sancha_Detect                          0x080020f4   Section        0  path.o(i.Sancha_Detect)
    i.SetSysClock                            0x08002128   Section        0  system_mm32spin2xx_p.o(i.SetSysClock)
    SetSysClock                              0x08002129   Thumb Code     8  system_mm32spin2xx_p.o(i.SetSysClock)
    i.SetSysClockToXX                        0x08002130   Section        0  system_mm32spin2xx_p.o(i.SetSysClockToXX)
    SetSysClockToXX                          0x08002131   Thumb Code   330  system_mm32spin2xx_p.o(i.SetSysClockToXX)
    i.Straight_Detect                        0x08002294   Section        0  path.o(i.Straight_Detect)
    i.SystemInit                             0x08002308   Section        0  system_mm32spin2xx_p.o(i.SystemInit)
    i.TIM14_IRQHandler                       0x08002374   Section        0  isr.o(i.TIM14_IRQHandler)
    i.TIM16_IRQHandler                       0x0800238c   Section        0  isr.o(i.TIM16_IRQHandler)
    i.TIM17_IRQHandler                       0x080023a0   Section        0  isr.o(i.TIM17_IRQHandler)
    i.TIM1_BRK_UP_TRG_COM_IRQHandler         0x080023b4   Section        0  isr.o(i.TIM1_BRK_UP_TRG_COM_IRQHandler)
    i.TIM2_IRQHandler                        0x080023cc   Section        0  isr.o(i.TIM2_IRQHandler)
    i.TIM3_IRQHandler                        0x080023e0   Section        0  isr.o(i.TIM3_IRQHandler)
    i.TIM8_BRK_UP_TRG_COM_IRQHandler         0x080023f4   Section        0  isr.o(i.TIM8_BRK_UP_TRG_COM_IRQHandler)
    i.Test_Send_User                         0x0800240c   Section        0  uart.o(i.Test_Send_User)
    i.UART1_IRQHandler                       0x080024f4   Section        0  isr.o(i.UART1_IRQHandler)
    i.UART2_IRQHandler                       0x08002528   Section        0  isr.o(i.UART2_IRQHandler)
    i.adc_convert                            0x08002584   Section        0  zf_adc.o(i.adc_convert)
    i.adc_init                               0x080025f0   Section        0  zf_adc.o(i.adc_init)
    i.adc_mean_filter                        0x08002698   Section        0  zf_adc.o(i.adc_mean_filter)
    i.adc_pin_init                           0x080026c2   Section        0  zf_adc.o(i.adc_pin_init)
    adc_pin_init                             0x080026c3   Thumb Code    26  zf_adc.o(i.adc_pin_init)
    i.afio_init                              0x080026dc   Section        0  zf_gpio.o(i.afio_init)
    i.board_init                             0x080027b4   Section        0  board.o(i.board_init)
    i.gpio_get                               0x080027d0   Section        0  zf_gpio.o(i.gpio_get)
    i.gpio_init                              0x080027fc   Section        0  zf_gpio.o(i.gpio_init)
    i.gpio_set                               0x080028c4   Section        0  zf_gpio.o(i.gpio_set)
    i.init_all                               0x08002920   Section        0  init.o(i.init_all)
    i.main                                   0x080029c8   Section        0  main.o(i.main)
    i.mt9v03x_dma                            0x08002a24   Section        0  seekfree_mt9v03x.o(i.mt9v03x_dma)
    i.mt9v03x_uart_callback                  0x08002a44   Section        0  seekfree_mt9v03x.o(i.mt9v03x_uart_callback)
    i.mt9v03x_vsync                          0x08002a98   Section        0  seekfree_mt9v03x.o(i.mt9v03x_vsync)
    i.number_conversion_ascii                0x08002ab4   Section        0  seekfree_printf.o(i.number_conversion_ascii)
    i.oled_fill                              0x08002b44   Section        0  seekfree_oled.o(i.oled_fill)
    i.oled_hexascii                          0x08002b7e   Section        0  seekfree_oled.o(i.oled_hexascii)
    oled_hexascii                            0x08002b7f   Thumb Code    50  seekfree_oled.o(i.oled_hexascii)
    i.oled_init                              0x08002bb0   Section        0  seekfree_oled.o(i.oled_init)
    i.oled_p6x8str                           0x08002ce8   Section        0  seekfree_oled.o(i.oled_p6x8str)
    i.oled_p8x16str                          0x08002d4c   Section        0  seekfree_oled.o(i.oled_p8x16str)
    i.oled_printf_float                      0x08002dd8   Section        0  seekfree_oled.o(i.oled_printf_float)
    i.oled_printf_int32                      0x08002e98   Section        0  seekfree_oled.o(i.oled_printf_int32)
    i.oled_set_pos                           0x08002f00   Section        0  seekfree_oled.o(i.oled_set_pos)
    i.oled_uint16                            0x08002f28   Section        0  seekfree_oled.o(i.oled_uint16)
    i.oled_wrcmd                             0x08002f48   Section        0  seekfree_oled.o(i.oled_wrcmd)
    oled_wrcmd                               0x08002f49   Thumb Code   168  seekfree_oled.o(i.oled_wrcmd)
    i.oled_wrdat                             0x08002ff4   Section        0  seekfree_oled.o(i.oled_wrdat)
    oled_wrdat                               0x08002ff5   Thumb Code   168  seekfree_oled.o(i.oled_wrdat)
    i.ov7725_cof_uart_interrupt              0x080030a0   Section        0  seekfree_uart_7725.o(i.ov7725_cof_uart_interrupt)
    i.ov7725_dma                             0x080030f4   Section        0  seekfree_7725.o(i.ov7725_dma)
    i.ov7725_uart_dma                        0x08003114   Section        0  seekfree_uart_7725.o(i.ov7725_uart_dma)
    i.ov7725_uart_vsync                      0x08003134   Section        0  seekfree_uart_7725.o(i.ov7725_uart_vsync)
    i.ov7725_vsync                           0x08003150   Section        0  seekfree_7725.o(i.ov7725_vsync)
    i.printf_reverse_order                   0x0800316c   Section        0  seekfree_printf.o(i.printf_reverse_order)
    i.pwm_duty_updata                        0x08003190   Section        0  zf_pwm.o(i.pwm_duty_updata)
    i.pwm_init                               0x08003238   Section        0  zf_pwm.o(i.pwm_init)
    i.pwm_pin_init                           0x080034b0   Section        0  zf_pwm.o(i.pwm_pin_init)
    pwm_pin_init                             0x080034b1   Thumb Code    24  zf_pwm.o(i.pwm_pin_init)
    i.seekfree_wireless_send_buff            0x080034c8   Section        0  seekfree_wireless.o(i.seekfree_wireless_send_buff)
    i.systick_delay                          0x0800350c   Section        0  zf_systick.o(i.systick_delay)
    i.systick_delay_ms                       0x08003534   Section        0  zf_systick.o(i.systick_delay_ms)
    i.tim14_interrupt_handler                0x0800355c   Section        0  main.o(i.tim14_interrupt_handler)
    i.tim1_interrupt_handler                 0x08003588   Section        0  main.o(i.tim1_interrupt_handler)
    i.tim8_interrupt_handler                 0x0800358a   Section        0  main.o(i.tim8_interrupt_handler)
    i.tim_interrupt_init                     0x08003598   Section        0  zf_pit.o(i.tim_interrupt_init)
    i.uart_init                              0x0800367c   Section        0  zf_uart.o(i.uart_init)
    i.uart_pin_init                          0x08003740   Section        0  zf_uart.o(i.uart_pin_init)
    uart_pin_init                            0x08003741   Thumb Code    44  zf_uart.o(i.uart_pin_init)
    i.uart_putbuff                           0x0800376c   Section        0  zf_uart.o(i.uart_putbuff)
    i.zf_sprintf                             0x0800379c   Section        0  seekfree_printf.o(i.zf_sprintf)
    x$fpl$deqf                               0x08003a5c   Section      100  deqf.o(x$fpl$deqf)
    x$fpl$dleqf                              0x08003ac0   Section      100  dlef.o(x$fpl$dleqf)
    x$fpl$drleqf                             0x08003b24   Section      104  drlef.o(x$fpl$drleqf)
    x$fpl$fadd                               0x08003b8c   Section      140  faddsub.o(x$fpl$fadd)
    _fadd1                                   0x08003b99   Thumb Code     0  faddsub.o(x$fpl$fadd)
    x$fpl$fleqf                              0x08003c18   Section       84  flef.o(x$fpl$fleqf)
    x$fpl$fmul                               0x08003c6c   Section      176  fmul.o(x$fpl$fmul)
    x$fpl$frleqf                             0x08003d1c   Section       88  frlef.o(x$fpl$frleqf)
    x$fpl$fsub                               0x08003d74   Section      208  faddsub.o(x$fpl$fsub)
    _fsub1                                   0x08003d81   Thumb Code     0  faddsub.o(x$fpl$fsub)
    .constdata                               0x08003e44   Section     7048  seekfree_font.o(.constdata)
    x$fpl$usenofp                            0x08003e44   Section        0  usenofp.o(x$fpl$usenofp)
    .constdata                               0x080059cc   Section      128  ddiv.o(.constdata)
    ddiv_reciptbl                            0x080059cc   Data         128  ddiv.o(.constdata)
    .constdata                               0x08005a4c   Section       64  fdiv.o(.constdata)
    fdiv_tab                                 0x08005a4c   Data          64  fdiv.o(.constdata)
    .data                                    0x20000000   Section        8  common.o(.data)
    .data                                    0x20000008   Section        4  seekfree_7725.o(.data)
    ov7725_simiic_delay_time                 0x2000000a   Data           2  seekfree_7725.o(.data)
    .data                                    0x2000000c   Section       74  seekfree_mt9v03x.o(.data)
    receive                                  0x2000000d   Data           3  seekfree_mt9v03x.o(.data)
    receive_num                              0x20000010   Data           1  seekfree_mt9v03x.o(.data)
    uart_receive_flag                        0x20000011   Data           1  seekfree_mt9v03x.o(.data)
    .data                                    0x20000056   Section       51  seekfree_uart_7725.o(.data)
    ov7725_uart_receive                      0x20000084   Data           3  seekfree_uart_7725.o(.data)
    ov7725_uart_receive_num                  0x20000087   Data           1  seekfree_uart_7725.o(.data)
    ov7725_uart_receive_flag                 0x20000088   Data           1  seekfree_uart_7725.o(.data)
    .data                                    0x2000008c   Section       10  zf_adc.o(.data)
    .data                                    0x20000098   Section       16  zf_gpio.o(.data)
    .data                                    0x200000a8   Section       28  zf_tim.o(.data)
    .data                                    0x200000c4   Section       10  zf_uart.o(.data)
    .data                                    0x200000d0   Section       20  system_mm32spin2xx_p.o(.data)
    .data                                    0x200000e4   Section        1  main.o(.data)
    io_state                                 0x200000e4   Data           1  main.o(.data)
    .data                                    0x200000e8   Section       56  adc.o(.data)
    .data                                    0x20000120   Section       44  pd.o(.data)
    .data                                    0x2000014c   Section        8  path.o(.data)
    .bss                                     0x20000154   Section       28  zf_pwm.o(.bss)
    .bss                                     0x20000170   Section      128  adc.o(.bss)
    .bss                                     0x200001f0   Section       36  pd.o(.bss)
    .bss                                     0x20000214   Section       50  uart.o(.bss)
    .bss                                     0x20000248   Section       96  libspace.o(.bss)
    HEAP                                     0x200002a8   Section      512  startup_mm32spin2xx_p_keil.o(HEAP)
    Heap_Mem                                 0x200002a8   Data         512  startup_mm32spin2xx_p_keil.o(HEAP)
    STACK                                    0x200004a8   Section     1024  startup_mm32spin2xx_p_keil.o(STACK)
    Stack_Mem                                0x200004a8   Data        1024  startup_mm32spin2xx_p_keil.o(STACK)
    __initial_sp                             0x200008a8   Data           0  startup_mm32spin2xx_p_keil.o(STACK)

    Global Symbols

    Symbol Name                              Value     Ov Type        Size  Object(Section)

    BuildAttributes$$THM_ISAv3M$S$PE$A:L22$X:L11$S22$IEEE1$IW$USESV6$~STKCKD$USESV7$~SHL$OSPACE$ROPI$EBA8$UX$STANDARDLIB$REQ8$PRES8$EABIv2 0x00000000   Number         0  anon$$obj.o ABSOLUTE
    __ARM_use_no_argv                        0x00000000   Number         0  main.o ABSOLUTE
    __ARM_exceptions_init                     - Undefined Weak Reference
    __alloca_initialize                       - Undefined Weak Reference
    __arm_preinit_                            - Undefined Weak Reference
    __cpp_initialize__aeabi_                  - Undefined Weak Reference
    __cxa_finalize                            - Undefined Weak Reference
    __rt_locale                               - Undefined Weak Reference
    __sigvec_lookup                           - Undefined Weak Reference
    _atexit_init                              - Undefined Weak Reference
    _call_atexit_fns                          - Undefined Weak Reference
    _clock_init                               - Undefined Weak Reference
    _fp_trap_init                             - Undefined Weak Reference
    _fp_trap_shutdown                         - Undefined Weak Reference
    _get_lc_collate                           - Undefined Weak Reference
    _get_lc_ctype                             - Undefined Weak Reference
    _get_lc_monetary                          - Undefined Weak Reference
    _get_lc_numeric                           - Undefined Weak Reference
    _get_lc_time                              - Undefined Weak Reference
    _getenv_init                              - Undefined Weak Reference
    _handle_redirection                       - Undefined Weak Reference
    _init_alloc                               - Undefined Weak Reference
    _init_user_alloc                          - Undefined Weak Reference
    _initio                                   - Undefined Weak Reference
    _rand_init                                - Undefined Weak Reference
    _signal_finish                            - Undefined Weak Reference
    _signal_init                              - Undefined Weak Reference
    _terminate_alloc                          - Undefined Weak Reference
    _terminate_user_alloc                     - Undefined Weak Reference
    _terminateio                              - Undefined Weak Reference
    __Vectors_Size                           0x000000c0   Number         0  startup_mm32spin2xx_p_keil.o ABSOLUTE
    __Vectors                                0x08000000   Data           4  startup_mm32spin2xx_p_keil.o(RESET)
    __Vectors_End                            0x080000c0   Data           0  startup_mm32spin2xx_p_keil.o(RESET)
    __main                                   0x080000c1   Thumb Code     8  __main.o(!!!main)
    __scatterload                            0x080000c9   Thumb Code     0  __scatter.o(!!!scatter)
    __scatterload_rt2                        0x080000c9   Thumb Code    52  __scatter.o(!!!scatter)
    __scatterload_rt2_thumb_only             0x080000c9   Thumb Code     0  __scatter.o(!!!scatter)
    __scatterload_null                       0x080000d9   Thumb Code     0  __scatter.o(!!!scatter)
    __scatterload_zeroinit                   0x08000105   Thumb Code    28  __scatter_zi.o(!!handler_zi)
    __rt_lib_init                            0x08000121   Thumb Code     0  libinit.o(.ARM.Collect$$libinit$$00000000)
    __rt_lib_init_alloca_1                   0x08000123   Thumb Code     0  libinit2.o(.ARM.Collect$$libinit$$0000002E)
    __rt_lib_init_argv_1                     0x08000123   Thumb Code     0  libinit2.o(.ARM.Collect$$libinit$$0000002C)
    __rt_lib_init_atexit_1                   0x08000123   Thumb Code     0  libinit2.o(.ARM.Collect$$libinit$$0000001B)
    __rt_lib_init_clock_1                    0x08000123   Thumb Code     0  libinit2.o(.ARM.Collect$$libinit$$00000021)
    __rt_lib_init_cpp_1                      0x08000123   Thumb Code     0  libinit2.o(.ARM.Collect$$libinit$$00000032)
    __rt_lib_init_exceptions_1               0x08000123   Thumb Code     0  libinit2.o(.ARM.Collect$$libinit$$00000030)
    __rt_lib_init_fp_1                       0x08000123   Thumb Code     0  libinit2.o(.ARM.Collect$$libinit$$00000002)
    __rt_lib_init_fp_trap_1                  0x08000123   Thumb Code     0  libinit2.o(.ARM.Collect$$libinit$$0000001F)
    __rt_lib_init_getenv_1                   0x08000123   Thumb Code     0  libinit2.o(.ARM.Collect$$libinit$$00000023)
    __rt_lib_init_heap_1                     0x08000123   Thumb Code     0  libinit2.o(.ARM.Collect$$libinit$$0000000A)
    __rt_lib_init_lc_collate_1               0x08000123   Thumb Code     0  libinit2.o(.ARM.Collect$$libinit$$00000011)
    __rt_lib_init_lc_ctype_1                 0x08000123   Thumb Code     0  libinit2.o(.ARM.Collect$$libinit$$00000013)
    __rt_lib_init_lc_monetary_1              0x08000123   Thumb Code     0  libinit2.o(.ARM.Collect$$libinit$$00000015)
    __rt_lib_init_lc_numeric_1               0x08000123   Thumb Code     0  libinit2.o(.ARM.Collect$$libinit$$00000017)
    __rt_lib_init_lc_time_1                  0x08000123   Thumb Code     0  libinit2.o(.ARM.Collect$$libinit$$00000019)
    __rt_lib_init_preinit_1                  0x08000123   Thumb Code     0  libinit2.o(.ARM.Collect$$libinit$$00000004)
    __rt_lib_init_rand_1                     0x08000123   Thumb Code     0  libinit2.o(.ARM.Collect$$libinit$$0000000E)
    __rt_lib_init_return                     0x08000123   Thumb Code     0  libinit2.o(.ARM.Collect$$libinit$$00000033)
    __rt_lib_init_signal_1                   0x08000123   Thumb Code     0  libinit2.o(.ARM.Collect$$libinit$$0000001D)
    __rt_lib_init_stdio_1                    0x08000123   Thumb Code     0  libinit2.o(.ARM.Collect$$libinit$$00000025)
    __rt_lib_init_user_alloc_1               0x08000123   Thumb Code     0  libinit2.o(.ARM.Collect$$libinit$$0000000C)
    __rt_lib_shutdown                        0x08000125   Thumb Code     0  libshutdown.o(.ARM.Collect$$libshutdown$$00000000)
    __rt_lib_shutdown_cpp_1                  0x08000127   Thumb Code     0  libshutdown2.o(.ARM.Collect$$libshutdown$$00000002)
    __rt_lib_shutdown_fp_trap_1              0x08000127   Thumb Code     0  libshutdown2.o(.ARM.Collect$$libshutdown$$00000007)
    __rt_lib_shutdown_heap_1                 0x08000127   Thumb Code     0  libshutdown2.o(.ARM.Collect$$libshutdown$$0000000F)
    __rt_lib_shutdown_return                 0x08000127   Thumb Code     0  libshutdown2.o(.ARM.Collect$$libshutdown$$00000010)
    __rt_lib_shutdown_signal_1               0x08000127   Thumb Code     0  libshutdown2.o(.ARM.Collect$$libshutdown$$0000000A)
    __rt_lib_shutdown_stdio_1                0x08000127   Thumb Code     0  libshutdown2.o(.ARM.Collect$$libshutdown$$00000004)
    __rt_lib_shutdown_user_alloc_1           0x08000127   Thumb Code     0  libshutdown2.o(.ARM.Collect$$libshutdown$$0000000C)
    __rt_entry                               0x08000129   Thumb Code     0  __rtentry.o(.ARM.Collect$$rtentry$$00000000)
    __rt_entry_presh_1                       0x08000129   Thumb Code     0  __rtentry2.o(.ARM.Collect$$rtentry$$00000002)
    __rt_entry_sh                            0x08000129   Thumb Code     0  __rtentry4.o(.ARM.Collect$$rtentry$$00000004)
    __rt_entry_li                            0x0800012f   Thumb Code     0  __rtentry2.o(.ARM.Collect$$rtentry$$0000000A)
    __rt_entry_postsh_1                      0x0800012f   Thumb Code     0  __rtentry2.o(.ARM.Collect$$rtentry$$00000009)
    __rt_entry_main                          0x08000133   Thumb Code     0  __rtentry2.o(.ARM.Collect$$rtentry$$0000000D)
    __rt_entry_postli_1                      0x08000133   Thumb Code     0  __rtentry2.o(.ARM.Collect$$rtentry$$0000000C)
    __rt_exit                                0x0800013b   Thumb Code     0  rtexit.o(.ARM.Collect$$rtexit$$00000000)
    __rt_exit_ls                             0x0800013d   Thumb Code     0  rtexit2.o(.ARM.Collect$$rtexit$$00000003)
    __rt_exit_prels_1                        0x0800013d   Thumb Code     0  rtexit2.o(.ARM.Collect$$rtexit$$00000002)
    __rt_exit_exit                           0x08000141   Thumb Code     0  rtexit2.o(.ARM.Collect$$rtexit$$00000004)
    __aeabi_memcpy4                          0x08000149   Thumb Code    56  rt_memcpy.o(.emb_text)
    __aeabi_memcpy8                          0x08000149   Thumb Code     0  rt_memcpy.o(.emb_text)
    Reset_Handler                            0x08000181   Thumb Code    62  startup_mm32spin2xx_p_keil.o(.text)
    SysTick_Handler                          0x080001c7   Thumb Code     2  startup_mm32spin2xx_p_keil.o(.text)
    ADC1_IRQHandler                          0x080001c9   Thumb Code     0  startup_mm32spin2xx_p_keil.o(.text)
    ADC2_IRQHandler                          0x080001c9   Thumb Code     0  startup_mm32spin2xx_p_keil.o(.text)
    COMP1_2_3_4_5_IRQHandler                 0x080001c9   Thumb Code     0  startup_mm32spin2xx_p_keil.o(.text)
    FLASH_IRQHandler                         0x080001c9   Thumb Code     0  startup_mm32spin2xx_p_keil.o(.text)
    HWDIV_IRQHandler                         0x080001c9   Thumb Code     0  startup_mm32spin2xx_p_keil.o(.text)
    I2C1_IRQHandler                          0x080001c9   Thumb Code     0  startup_mm32spin2xx_p_keil.o(.text)
    PVD_IRQHandler                           0x080001c9   Thumb Code     0  startup_mm32spin2xx_p_keil.o(.text)
    PWM_IRQHandler                           0x080001c9   Thumb Code     0  startup_mm32spin2xx_p_keil.o(.text)
    RCC_IRQHandler                           0x080001c9   Thumb Code     0  startup_mm32spin2xx_p_keil.o(.text)
    SPI1_IRQHandler                          0x080001c9   Thumb Code     0  startup_mm32spin2xx_p_keil.o(.text)
    SPI2_IRQHandler                          0x080001c9   Thumb Code     0  startup_mm32spin2xx_p_keil.o(.text)
    TIM1_CC_IRQHandler                       0x080001c9   Thumb Code     0  startup_mm32spin2xx_p_keil.o(.text)
    TIM8_CC_IRQHandler                       0x080001c9   Thumb Code     0  startup_mm32spin2xx_p_keil.o(.text)
    WWDG_IRQHandler                          0x080001c9   Thumb Code     0  startup_mm32spin2xx_p_keil.o(.text)
    __user_initial_stackheap                 0x080001cd   Thumb Code     0  startup_mm32spin2xx_p_keil.o(.text)
    __aeabi_memcpy                           0x08000221   Thumb Code   130  rt_memcpy.o(.text)
    __rt_memcpy                              0x08000221   Thumb Code     0  rt_memcpy.o(.text)
    __aeabi_uidiv                            0x080002a3   Thumb Code     0  aeabi_sdiv.o(.text)
    __aeabi_uidivmod                         0x080002a3   Thumb Code    20  aeabi_sdiv.o(.text)
    __aeabi_idiv                             0x080002b7   Thumb Code     0  aeabi_sdiv.o(.text)
    __aeabi_idivmod                          0x080002b7   Thumb Code   326  aeabi_sdiv.o(.text)
    __use_two_region_memory                  0x080003fd   Thumb Code     2  heapauxi.o(.text)
    __rt_heap_escrow$2region                 0x080003ff   Thumb Code     2  heapauxi.o(.text)
    __rt_heap_expand$2region                 0x08000401   Thumb Code     2  heapauxi.o(.text)
    __aeabi_d2f                              0x08000405   Thumb Code     0  d2f.o(.text)
    _d2f                                     0x08000405   Thumb Code   120  d2f.o(.text)
    __aeabi_dadd                             0x08000779   Thumb Code     0  daddsub.o(.text)
    _dadd                                    0x08000779   Thumb Code    26  daddsub.o(.text)
    __aeabi_dsub                             0x08000793   Thumb Code     0  daddsub.o(.text)
    _dsub                                    0x08000793   Thumb Code    22  daddsub.o(.text)
    __aeabi_drsub                            0x080007a9   Thumb Code     0  daddsub.o(.text)
    _drsb                                    0x080007a9   Thumb Code    28  daddsub.o(.text)
    __aeabi_ddiv                             0x080007d9   Thumb Code     0  ddiv.o(.text)
    _ddiv                                    0x080007d9   Thumb Code  1072  ddiv.o(.text)
    _drdiv                                   0x08000c09   Thumb Code    20  ddiv.o(.text)
    __aeabi_d2iz                             0x08000c21   Thumb Code     0  dfixi.o(.text)
    _dfix                                    0x08000c21   Thumb Code    98  dfixi.o(.text)
    __aeabi_d2uiz                            0x08000c8d   Thumb Code     0  dfixui.o(.text)
    _dfixu                                   0x08000c8d   Thumb Code    68  dfixui.o(.text)
    __aeabi_i2d_normalise                    0x08000cd5   Thumb Code    66  dflti.o(.text)
    __aeabi_i2d                              0x08000d17   Thumb Code    16  dflti.o(.text)
    _dflt                                    0x08000d17   Thumb Code     0  dflti.o(.text)
    __aeabi_ui2d                             0x08000d27   Thumb Code     6  dflti.o(.text)
    _dfltu                                   0x08000d27   Thumb Code     0  dflti.o(.text)
    __aeabi_dmul                             0x08000d2d   Thumb Code     0  dmul.o(.text)
    _dmul                                    0x08000d2d   Thumb Code   558  dmul.o(.text)
    __aeabi_f2d                              0x08000f75   Thumb Code     0  f2d.o(.text)
    _f2d                                     0x08000f75   Thumb Code    80  f2d.o(.text)
    __aeabi_fdiv                             0x08000fc9   Thumb Code     0  fdiv.o(.text)
    _fdiv                                    0x08000fc9   Thumb Code   334  fdiv.o(.text)
    _frdiv                                   0x08001117   Thumb Code     8  fdiv.o(.text)
    __aeabi_f2uiz                            0x08001129   Thumb Code     0  ffixui.o(.text)
    _ffixu                                   0x08001129   Thumb Code    48  ffixui.o(.text)
    __aeabi_i2f_normalise                    0x08001159   Thumb Code    72  fflti.o(.text)
    __aeabi_i2f                              0x080011a1   Thumb Code    16  fflti.o(.text)
    _fflt                                    0x080011a1   Thumb Code     0  fflti.o(.text)
    __aeabi_ui2f                             0x080011b1   Thumb Code     6  fflti.o(.text)
    _ffltu                                   0x080011b1   Thumb Code     0  fflti.o(.text)
    __fpl_dcmp_InfNaN                        0x080011b9   Thumb Code   140  dcmpin.o(.text)
    __fpl_fcmp_InfNaN                        0x08001249   Thumb Code    96  fcmpin.o(.text)
    __fpl_cmpreturn                          0x080012ad   Thumb Code    46  cmpret.o(.text)
    __fpl_dcheck_NaN2                        0x080012dd   Thumb Code    14  dnan2.o(.text)
    __fpl_fcheck_NaN2                        0x080012f1   Thumb Code    10  fnan2.o(.text)
    __user_setup_stackheap                   0x08001301   Thumb Code    62  sys_stackheap_outer.o(.text)
    exit                                     0x0800133f   Thumb Code    16  exit.o(.text)
    __fpl_return_NaN                         0x0800134f   Thumb Code    94  retnan.o(.text)
    __user_libspace                          0x080013ad   Thumb Code     8  libspace.o(.text)
    __user_perproc_libspace                  0x080013ad   Thumb Code     0  libspace.o(.text)
    __user_perthread_libspace                0x080013ad   Thumb Code     0  libspace.o(.text)
    _sys_exit                                0x080013b5   Thumb Code     8  sys_exit.o(.text)
    __I$use$semihosting                      0x080013c1   Thumb Code     0  use_no_semi.o(.text)
    __use_no_semihosting_swi                 0x080013c1   Thumb Code     2  use_no_semi.o(.text)
    __decompress                             0x080013c3   Thumb Code     0  __dczerorl2.o(.text)
    __decompress1                            0x080013c3   Thumb Code    86  __dczerorl2.o(.text)
    __semihosting_library_function           0x080013c3   Thumb Code     0  indicate_semi.o(.text)
    ADC_Handle                               0x08001419   Thumb Code    16  adc.o(i.ADC_Handle)
    AutoCalPllFactor                         0x08001429   Thumb Code   106  system_mm32spin2xx_p.o(i.AutoCalPllFactor)
    Circle_Detect                            0x08001495   Thumb Code    56  path.o(i.Circle_Detect)
    DMA1_Channel1_IRQHandler                 0x080014e5   Thumb Code    20  isr.o(i.DMA1_Channel1_IRQHandler)
    DMA1_Channel2_3_IRQHandler               0x080014f9   Thumb Code    38  isr.o(i.DMA1_Channel2_3_IRQHandler)
    DMA1_Channel4_5_IRQHandler               0x08001521   Thumb Code    80  isr.o(i.DMA1_Channel4_5_IRQHandler)
    DMA_ClearFlag                            0x08001575   Thumb Code     6  hal_dma.o(i.DMA_ClearFlag)
    DMA_GetFlagStatus                        0x08001581   Thumb Code    20  hal_dma.o(i.DMA_GetFlagStatus)
    EXTI0_1_IRQHandler                       0x08001599   Thumb Code    36  isr.o(i.EXTI0_1_IRQHandler)
    EXTI2_3_IRQHandler                       0x080015bd   Thumb Code    36  isr.o(i.EXTI2_3_IRQHandler)
    EXTI4_15_IRQHandler                      0x080015e1   Thumb Code   268  isr.o(i.EXTI4_15_IRQHandler)
    EXTI_ClearFlag                           0x080016f1   Thumb Code     6  hal_exti.o(i.EXTI_ClearFlag)
    EXTI_GetITStatus                         0x080016fd   Thumb Code    30  hal_exti.o(i.EXTI_GetITStatus)
    Get_ADC                                  0x08001721   Thumb Code   278  adc.o(i.Get_ADC)
    Get_ADC_Avg_Hist                         0x0800184d   Thumb Code    60  adc.o(i.Get_ADC_Avg_Hist)
    Get_ADC_Symbol                           0x08001891   Thumb Code   256  adc.o(i.Get_ADC_Symbol)
    Get_Dif                                  0x080019a9   Thumb Code   268  adc.o(i.Get_Dif)
    GuiYiHua_ADC                             0x08001ad5   Thumb Code    94  adc.o(i.GuiYiHua_ADC)
    HardFault_Handler                        0x08001b49   Thumb Code     4  common.o(i.HardFault_Handler)
    NMI_Handler                              0x08001b4d   Thumb Code     4  common.o(i.NMI_Handler)
    NVIC_Init                                0x08001b51   Thumb Code   100  hal_misc.o(i.NVIC_Init)
    OLED_Print                               0x08001bb9   Thumb Code   222  oled.o(i.OLED_Print)
    PD                                       0x08001cd9   Thumb Code   368  pd.o(i.PD)
    PD_Control                               0x08001e71   Thumb Code   480  pd.o(i.PD_Control)
    Path_Detect                              0x080020a9   Thumb Code    20  path.o(i.Path_Detect)
    PendSV_Handler                           0x080020bd   Thumb Code     4  common.o(i.PendSV_Handler)
    Roundabout_Detect                        0x080020c1   Thumb Code    34  path.o(i.Roundabout_Detect)
    SVC_Handler                              0x080020f1   Thumb Code     4  common.o(i.SVC_Handler)
    Sancha_Detect                            0x080020f5   Thumb Code    38  path.o(i.Sancha_Detect)
    Straight_Detect                          0x08002295   Thumb Code    86  path.o(i.Straight_Detect)
    SystemInit                               0x08002309   Thumb Code    90  system_mm32spin2xx_p.o(i.SystemInit)
    TIM14_IRQHandler                         0x08002375   Thumb Code    20  isr.o(i.TIM14_IRQHandler)
    TIM16_IRQHandler                         0x0800238d   Thumb Code    14  isr.o(i.TIM16_IRQHandler)
    TIM17_IRQHandler                         0x080023a1   Thumb Code    14  isr.o(i.TIM17_IRQHandler)
    TIM1_BRK_UP_TRG_COM_IRQHandler           0x080023b5   Thumb Code    20  isr.o(i.TIM1_BRK_UP_TRG_COM_IRQHandler)
    TIM2_IRQHandler                          0x080023cd   Thumb Code    18  isr.o(i.TIM2_IRQHandler)
    TIM3_IRQHandler                          0x080023e1   Thumb Code    14  isr.o(i.TIM3_IRQHandler)
    TIM8_BRK_UP_TRG_COM_IRQHandler           0x080023f5   Thumb Code    20  isr.o(i.TIM8_BRK_UP_TRG_COM_IRQHandler)
    Test_Send_User                           0x0800240d   Thumb Code   228  uart.o(i.Test_Send_User)
    UART1_IRQHandler                         0x080024f5   Thumb Code    48  isr.o(i.UART1_IRQHandler)
    UART2_IRQHandler                         0x08002529   Thumb Code    82  isr.o(i.UART2_IRQHandler)
    adc_convert                              0x08002585   Thumb Code   100  zf_adc.o(i.adc_convert)
    adc_init                                 0x080025f1   Thumb Code   156  zf_adc.o(i.adc_init)
    adc_mean_filter                          0x08002699   Thumb Code    42  zf_adc.o(i.adc_mean_filter)
    afio_init                                0x080026dd   Thumb Code   206  zf_gpio.o(i.afio_init)
    board_init                               0x080027b5   Thumb Code    26  board.o(i.board_init)
    gpio_get                                 0x080027d1   Thumb Code    38  zf_gpio.o(i.gpio_get)
    gpio_init                                0x080027fd   Thumb Code   190  zf_gpio.o(i.gpio_init)
    gpio_set                                 0x080028c5   Thumb Code    86  zf_gpio.o(i.gpio_set)
    init_all                                 0x08002921   Thumb Code   138  init.o(i.init_all)
    main                                     0x080029c9   Thumb Code    74  main.o(i.main)
    mt9v03x_dma                              0x08002a25   Thumb Code    20  seekfree_mt9v03x.o(i.mt9v03x_dma)
    mt9v03x_uart_callback                    0x08002a45   Thumb Code    66  seekfree_mt9v03x.o(i.mt9v03x_uart_callback)
    mt9v03x_vsync                            0x08002a99   Thumb Code    20  seekfree_mt9v03x.o(i.mt9v03x_vsync)
    number_conversion_ascii                  0x08002ab5   Thumb Code   144  seekfree_printf.o(i.number_conversion_ascii)
    oled_fill                                0x08002b45   Thumb Code    58  seekfree_oled.o(i.oled_fill)
    oled_init                                0x08002bb1   Thumb Code   306  seekfree_oled.o(i.oled_init)
    oled_p6x8str                             0x08002ce9   Thumb Code    94  seekfree_oled.o(i.oled_p6x8str)
    oled_p8x16str                            0x08002d4d   Thumb Code   134  seekfree_oled.o(i.oled_p8x16str)
    oled_printf_float                        0x08002dd9   Thumb Code   188  seekfree_oled.o(i.oled_printf_float)
    oled_printf_int32                        0x08002e99   Thumb Code   100  seekfree_oled.o(i.oled_printf_int32)
    oled_set_pos                             0x08002f01   Thumb Code    40  seekfree_oled.o(i.oled_set_pos)
    oled_uint16                              0x08002f29   Thumb Code    30  seekfree_oled.o(i.oled_uint16)
    ov7725_cof_uart_interrupt                0x080030a1   Thumb Code    66  seekfree_uart_7725.o(i.ov7725_cof_uart_interrupt)
    ov7725_dma                               0x080030f5   Thumb Code    20  seekfree_7725.o(i.ov7725_dma)
    ov7725_uart_dma                          0x08003115   Thumb Code    20  seekfree_uart_7725.o(i.ov7725_uart_dma)
    ov7725_uart_vsync                        0x08003135   Thumb Code    22  seekfree_uart_7725.o(i.ov7725_uart_vsync)
    ov7725_vsync                             0x08003151   Thumb Code    22  seekfree_7725.o(i.ov7725_vsync)
    printf_reverse_order                     0x0800316d   Thumb Code    34  seekfree_printf.o(i.printf_reverse_order)
    pwm_duty_updata                          0x08003191   Thumb Code   154  zf_pwm.o(i.pwm_duty_updata)
    pwm_init                                 0x08003239   Thumb Code   606  zf_pwm.o(i.pwm_init)
    seekfree_wireless_send_buff              0x080034c9   Thumb Code    68  seekfree_wireless.o(i.seekfree_wireless_send_buff)
    systick_delay                            0x0800350d   Thumb Code    36  zf_systick.o(i.systick_delay)
    systick_delay_ms                         0x08003535   Thumb Code    34  zf_systick.o(i.systick_delay_ms)
    tim14_interrupt_handler                  0x0800355d   Thumb Code    40  main.o(i.tim14_interrupt_handler)
    tim1_interrupt_handler                   0x08003589   Thumb Code     2  main.o(i.tim1_interrupt_handler)
    tim8_interrupt_handler                   0x0800358b   Thumb Code    12  main.o(i.tim8_interrupt_handler)
    tim_interrupt_init                       0x08003599   Thumb Code   208  zf_pit.o(i.tim_interrupt_init)
    uart_init                                0x0800367d   Thumb Code   180  zf_uart.o(i.uart_init)
    uart_putbuff                             0x0800376d   Thumb Code    42  zf_uart.o(i.uart_putbuff)
    zf_sprintf                               0x0800379d   Thumb Code   698  seekfree_printf.o(i.zf_sprintf)
    __aeabi_cdcmpeq                          0x08003a5d   Thumb Code     0  deqf.o(x$fpl$deqf)
    _dcmpeq                                  0x08003a5d   Thumb Code    94  deqf.o(x$fpl$deqf)
    __aeabi_cdcmple                          0x08003ac1   Thumb Code     0  dlef.o(x$fpl$dleqf)
    _dcmple                                  0x08003ac1   Thumb Code    94  dlef.o(x$fpl$dleqf)
    __aeabi_cdrcmple                         0x08003b25   Thumb Code     0  drlef.o(x$fpl$drleqf)
    _drcmple                                 0x08003b25   Thumb Code   100  drlef.o(x$fpl$drleqf)
    __aeabi_fadd                             0x08003b8d   Thumb Code     0  faddsub.o(x$fpl$fadd)
    _fadd                                    0x08003b8d   Thumb Code   134  faddsub.o(x$fpl$fadd)
    __aeabi_cfcmple                          0x08003c19   Thumb Code     0  flef.o(x$fpl$fleqf)
    _fcmple                                  0x08003c19   Thumb Code    78  flef.o(x$fpl$fleqf)
    __aeabi_fmul                             0x08003c6d   Thumb Code     0  fmul.o(x$fpl$fmul)
    _fmul                                    0x08003c6d   Thumb Code   172  fmul.o(x$fpl$fmul)
    __aeabi_cfrcmple                         0x08003d1d   Thumb Code     0  frlef.o(x$fpl$frleqf)
    _frcmple                                 0x08003d1d   Thumb Code    84  frlef.o(x$fpl$frleqf)
    __aeabi_fsub                             0x08003d75   Thumb Code     0  faddsub.o(x$fpl$fsub)
    _fsub                                    0x08003d75   Thumb Code   204  faddsub.o(x$fpl$fsub)
    __I$use$fp                               0x08003e44   Number         0  usenofp.o(x$fpl$usenofp)
    tft_ascii                                0x08003e44   Data        1520  seekfree_font.o(.constdata)
    gImage_qq                                0x08004434   Data        3200  seekfree_font.o(.constdata)
    chinese_test                             0x080050b4   Data         128  seekfree_font.o(.constdata)
    oled_6x8                                 0x08005134   Data         552  seekfree_font.o(.constdata)
    oled_8x16                                0x0800535c   Data        1520  seekfree_font.o(.constdata)
    oled_16x16_chinese                       0x0800594c   Data         128  seekfree_font.o(.constdata)
    Region$$Table$$Base                      0x08005a8c   Number         0  anon$$obj.o(Region$$Table)
    Region$$Table$$Limit                     0x08005aac   Number         0  anon$$obj.o(Region$$Table)
    camera_type                              0x20000000   Data           1  common.o(.data)
    camera_buffer_addr                       0x20000004   Data           4  common.o(.data)
    ov7725_finish_flag                       0x20000008   Data           1  seekfree_7725.o(.data)
    mt9v03x_finish_flag                      0x2000000c   Data           1  seekfree_mt9v03x.o(.data)
    MT9V03X_CFG                              0x20000012   Data          36  seekfree_mt9v03x.o(.data)
    GET_CFG                                  0x20000036   Data          32  seekfree_mt9v03x.o(.data)
    ov7725_uart_finish_flag                  0x20000056   Data           1  seekfree_uart_7725.o(.data)
    OV7725_CFG                               0x20000058   Data          24  seekfree_uart_7725.o(.data)
    OV7725_GET_CFG                           0x20000070   Data          20  seekfree_uart_7725.o(.data)
    adc_index                                0x2000008c   Data           8  zf_adc.o(.data)
    adc_resolution                           0x20000094   Data           2  zf_adc.o(.data)
    gpio_group                               0x20000098   Data          16  zf_gpio.o(.data)
    tim_index                                0x200000a8   Data          28  zf_tim.o(.data)
    uart_index                               0x200000c4   Data           8  zf_uart.o(.data)
    uart_irq                                 0x200000cc   Data           2  zf_uart.o(.data)
    SystemCoreClock                          0x200000d0   Data           4  system_mm32spin2xx_p.o(.data)
    AHBPrescTable                            0x200000d4   Data          16  system_mm32spin2xx_p.o(.data)
    ADC_Avg                                  0x200000e8   Data           6  adc.o(.data)
    ADC_Avg_GuiYi                            0x200000ee   Data           6  adc.o(.data)
    max                                      0x200000f4   Data          12  adc.o(.data)
    dif_sum                                  0x20000100   Data           4  adc.o(.data)
    dif_sum_last1                            0x20000104   Data           4  adc.o(.data)
    dif_sum_last2                            0x20000108   Data           4  adc.o(.data)
    dif_sum_last3                            0x2000010c   Data           4  adc.o(.data)
    dif_sum_last4                            0x20000110   Data           4  adc.o(.data)
    L_Cap                                    0x20000114   Data           4  adc.o(.data)
    M_Cap                                    0x20000118   Data           4  adc.o(.data)
    R_Cap                                    0x2000011c   Data           4  adc.o(.data)
    Left_Defult                              0x20000120   Data           2  pd.o(.data)
    Right_Defult                             0x20000122   Data           2  pd.o(.data)
    Left_Roundabout                          0x20000124   Data           2  pd.o(.data)
    Right_Roundabout                         0x20000126   Data           2  pd.o(.data)
    Left_Sancha                              0x20000128   Data           2  pd.o(.data)
    Right_Sancha                             0x2000012a   Data           2  pd.o(.data)
    sancha                                   0x2000012c   Data           2  pd.o(.data)
    Limit                                    0x2000012e   Data           2  pd.o(.data)
    Kp_S                                     0x20000130   Data           4  pd.o(.data)
    Kd_S                                     0x20000134   Data           4  pd.o(.data)
    Kp_C                                     0x20000138   Data           4  pd.o(.data)
    Kd_C                                     0x2000013c   Data           4  pd.o(.data)
    L_PWM                                    0x20000140   Data           4  pd.o(.data)
    R_PWM                                    0x20000144   Data           4  pd.o(.data)
    DErr_sum                                 0x20000148   Data           4  pd.o(.data)
    Straight_cnt                             0x2000014c   Data           2  path.o(.data)
    Straight_flag                            0x2000014e   Data           1  path.o(.data)
    Circle_flag                              0x2000014f   Data           1  path.o(.data)
    Roundabout_flag                          0x20000150   Data           1  path.o(.data)
    Roundabout_flag_order                    0x20000151   Data           1  path.o(.data)
    Sancha_flag                              0x20000152   Data           1  path.o(.data)
    Sancha_flag_order                        0x20000153   Data           1  path.o(.data)
    pwm_enable_state                         0x20000154   Data          28  zf_pwm.o(.bss)
    ADC_Val                                  0x20000170   Data          42  adc.o(.bss)
    min                                      0x2000019c   Data          12  adc.o(.bss)
    ADC_Avg_Hist                             0x200001a8   Data          48  adc.o(.bss)
    ADC_Symbol_z                             0x200001d8   Data          12  adc.o(.bss)
    ADC_Symbol_f                             0x200001e4   Data          12  adc.o(.bss)
    PDstru                                   0x200001f0   Data          36  pd.o(.bss)
    testdatatosend                           0x20000214   Data          50  uart.o(.bss)
    __libspace_start                         0x20000248   Data          96  libspace.o(.bss)
    __temporary_stack_top$libspace           0x200002a8   Data           0  libspace.o(.bss)



==============================================================================

Memory Map of the image

  Image Entry point : 0x080000c1

  Load Region LR_IROM1 (Base: 0x08000000, Size: 0x00005c00, Max: 0x00020000, ABSOLUTE, COMPRESSED[0x00005b44])

    Execution Region ER_IROM1 (Exec base: 0x08000000, Load base: 0x08000000, Size: 0x00005aac, Max: 0x00020000, ABSOLUTE)

    Exec Addr    Load Addr    Size         Type   Attr      Idx    E Section Name        Object

    0x08000000   0x08000000   0x000000c0   Data   RO         4870    RESET               startup_mm32spin2xx_p_keil.o
    0x080000c0   0x080000c0   0x00000008   Code   RO         5408  * !!!main             c_p.l(__main.o)
    0x080000c8   0x080000c8   0x0000003c   Code   RO         5638    !!!scatter          c_p.l(__scatter.o)
    0x08000104   0x08000104   0x0000001c   Code   RO         5640    !!handler_zi        c_p.l(__scatter_zi.o)
    0x08000120   0x08000120   0x00000002   Code   RO         5503    .ARM.Collect$$libinit$$00000000  c_p.l(libinit.o)
    0x08000122   0x08000122   0x00000000   Code   RO         5519    .ARM.Collect$$libinit$$00000002  c_p.l(libinit2.o)
    0x08000122   0x08000122   0x00000000   Code   RO         5521    .ARM.Collect$$libinit$$00000004  c_p.l(libinit2.o)
    0x08000122   0x08000122   0x00000000   Code   RO         5524    .ARM.Collect$$libinit$$0000000A  c_p.l(libinit2.o)
    0x08000122   0x08000122   0x00000000   Code   RO         5526    .ARM.Collect$$libinit$$0000000C  c_p.l(libinit2.o)
    0x08000122   0x08000122   0x00000000   Code   RO         5528    .ARM.Collect$$libinit$$0000000E  c_p.l(libinit2.o)
    0x08000122   0x08000122   0x00000000   Code   RO         5531    .ARM.Collect$$libinit$$00000011  c_p.l(libinit2.o)
    0x08000122   0x08000122   0x00000000   Code   RO         5533    .ARM.Collect$$libinit$$00000013  c_p.l(libinit2.o)
    0x08000122   0x08000122   0x00000000   Code   RO         5535    .ARM.Collect$$libinit$$00000015  c_p.l(libinit2.o)
    0x08000122   0x08000122   0x00000000   Code   RO         5537    .ARM.Collect$$libinit$$00000017  c_p.l(libinit2.o)
    0x08000122   0x08000122   0x00000000   Code   RO         5539    .ARM.Collect$$libinit$$00000019  c_p.l(libinit2.o)
    0x08000122   0x08000122   0x00000000   Code   RO         5541    .ARM.Collect$$libinit$$0000001B  c_p.l(libinit2.o)
    0x08000122   0x08000122   0x00000000   Code   RO         5543    .ARM.Collect$$libinit$$0000001D  c_p.l(libinit2.o)
    0x08000122   0x08000122   0x00000000   Code   RO         5545    .ARM.Collect$$libinit$$0000001F  c_p.l(libinit2.o)
    0x08000122   0x08000122   0x00000000   Code   RO         5547    .ARM.Collect$$libinit$$00000021  c_p.l(libinit2.o)
    0x08000122   0x08000122   0x00000000   Code   RO         5549    .ARM.Collect$$libinit$$00000023  c_p.l(libinit2.o)
    0x08000122   0x08000122   0x00000000   Code   RO         5551    .ARM.Collect$$libinit$$00000025  c_p.l(libinit2.o)
    0x08000122   0x08000122   0x00000000   Code   RO         5555    .ARM.Collect$$libinit$$0000002C  c_p.l(libinit2.o)
    0x08000122   0x08000122   0x00000000   Code   RO         5557    .ARM.Collect$$libinit$$0000002E  c_p.l(libinit2.o)
    0x08000122   0x08000122   0x00000000   Code   RO         5559    .ARM.Collect$$libinit$$00000030  c_p.l(libinit2.o)
    0x08000122   0x08000122   0x00000000   Code   RO         5561    .ARM.Collect$$libinit$$00000032  c_p.l(libinit2.o)
    0x08000122   0x08000122   0x00000002   Code   RO         5562    .ARM.Collect$$libinit$$00000033  c_p.l(libinit2.o)
    0x08000124   0x08000124   0x00000002   Code   RO         5593    .ARM.Collect$$libshutdown$$00000000  c_p.l(libshutdown.o)
    0x08000126   0x08000126   0x00000000   Code   RO         5619    .ARM.Collect$$libshutdown$$00000002  c_p.l(libshutdown2.o)
    0x08000126   0x08000126   0x00000000   Code   RO         5621    .ARM.Collect$$libshutdown$$00000004  c_p.l(libshutdown2.o)
    0x08000126   0x08000126   0x00000000   Code   RO         5624    .ARM.Collect$$libshutdown$$00000007  c_p.l(libshutdown2.o)
    0x08000126   0x08000126   0x00000000   Code   RO         5627    .ARM.Collect$$libshutdown$$0000000A  c_p.l(libshutdown2.o)
    0x08000126   0x08000126   0x00000000   Code   RO         5629    .ARM.Collect$$libshutdown$$0000000C  c_p.l(libshutdown2.o)
    0x08000126   0x08000126   0x00000000   Code   RO         5632    .ARM.Collect$$libshutdown$$0000000F  c_p.l(libshutdown2.o)
    0x08000126   0x08000126   0x00000002   Code   RO         5633    .ARM.Collect$$libshutdown$$00000010  c_p.l(libshutdown2.o)
    0x08000128   0x08000128   0x00000000   Code   RO         5452    .ARM.Collect$$rtentry$$00000000  c_p.l(__rtentry.o)
    0x08000128   0x08000128   0x00000000   Code   RO         5467    .ARM.Collect$$rtentry$$00000002  c_p.l(__rtentry2.o)
    0x08000128   0x08000128   0x00000006   Code   RO         5479    .ARM.Collect$$rtentry$$00000004  c_p.l(__rtentry4.o)
    0x0800012e   0x0800012e   0x00000000   Code   RO         5469    .ARM.Collect$$rtentry$$00000009  c_p.l(__rtentry2.o)
    0x0800012e   0x0800012e   0x00000004   Code   RO         5470    .ARM.Collect$$rtentry$$0000000A  c_p.l(__rtentry2.o)
    0x08000132   0x08000132   0x00000000   Code   RO         5472    .ARM.Collect$$rtentry$$0000000C  c_p.l(__rtentry2.o)
    0x08000132   0x08000132   0x00000008   Code   RO         5473    .ARM.Collect$$rtentry$$0000000D  c_p.l(__rtentry2.o)
    0x0800013a   0x0800013a   0x00000002   Code   RO         5510    .ARM.Collect$$rtexit$$00000000  c_p.l(rtexit.o)
    0x0800013c   0x0800013c   0x00000000   Code   RO         5566    .ARM.Collect$$rtexit$$00000002  c_p.l(rtexit2.o)
    0x0800013c   0x0800013c   0x00000004   Code   RO         5567    .ARM.Collect$$rtexit$$00000003  c_p.l(rtexit2.o)
    0x08000140   0x08000140   0x00000006   Code   RO         5568    .ARM.Collect$$rtexit$$00000004  c_p.l(rtexit2.o)
    0x08000146   0x08000146   0x00000002   PAD
    0x08000148   0x08000148   0x00000038   Code   RO         5398    .emb_text           c_p.l(rt_memcpy.o)
    0x08000180   0x08000180   0x000000a0   Code   RO         4871    .text               startup_mm32spin2xx_p_keil.o
    0x08000220   0x08000220   0x00000082   Code   RO         5399    .text               c_p.l(rt_memcpy.o)
    0x080002a2   0x080002a2   0x0000015a   Code   RO         5402    .text               c_p.l(aeabi_sdiv.o)
    0x080003fc   0x080003fc   0x00000006   Code   RO         5406    .text               c_p.l(heapauxi.o)
    0x08000402   0x08000402   0x00000002   PAD
    0x08000404   0x08000404   0x0000007c   Code   RO         5410    .text               fz_ps.l(d2f.o)
    0x08000480   0x08000480   0x00000358   Code   RO         5412    .text               fz_ps.l(daddsub.o)
    0x080007d8   0x080007d8   0x00000448   Code   RO         5414    .text               fz_ps.l(ddiv.o)
    0x08000c20   0x08000c20   0x0000006c   Code   RO         5419    .text               fz_ps.l(dfixi.o)
    0x08000c8c   0x08000c8c   0x00000048   Code   RO         5421    .text               fz_ps.l(dfixui.o)
    0x08000cd4   0x08000cd4   0x00000058   Code   RO         5423    .text               fz_ps.l(dflti.o)
    0x08000d2c   0x08000d2c   0x00000248   Code   RO         5427    .text               fz_ps.l(dmul.o)
    0x08000f74   0x08000f74   0x00000054   Code   RO         5431    .text               fz_ps.l(f2d.o)
    0x08000fc8   0x08000fc8   0x00000160   Code   RO         5439    .text               fz_ps.l(fdiv.o)
    0x08001128   0x08001128   0x00000030   Code   RO         5442    .text               fz_ps.l(ffixui.o)
    0x08001158   0x08001158   0x0000005e   Code   RO         5444    .text               fz_ps.l(fflti.o)
    0x080011b6   0x080011b6   0x00000002   PAD
    0x080011b8   0x080011b8   0x00000090   Code   RO         5461    .text               fz_ps.l(dcmpin.o)
    0x08001248   0x08001248   0x00000064   Code   RO         5463    .text               fz_ps.l(fcmpin.o)
    0x080012ac   0x080012ac   0x0000002e   Code   RO         5483    .text               fz_ps.l(cmpret.o)
    0x080012da   0x080012da   0x00000002   PAD
    0x080012dc   0x080012dc   0x00000014   Code   RO         5485    .text               fz_ps.l(dnan2.o)
    0x080012f0   0x080012f0   0x00000010   Code   RO         5487    .text               fz_ps.l(fnan2.o)
    0x08001300   0x08001300   0x0000003e   Code   RO         5489    .text               c_p.l(sys_stackheap_outer.o)
    0x0800133e   0x0800133e   0x00000010   Code   RO         5492    .text               c_p.l(exit.o)
    0x0800134e   0x0800134e   0x0000005e   Code   RO         5504    .text               fz_ps.l(retnan.o)
    0x080013ac   0x080013ac   0x00000008   Code   RO         5506    .text               c_p.l(libspace.o)
    0x080013b4   0x080013b4   0x0000000c   Code   RO         5563    .text               c_p.l(sys_exit.o)
    0x080013c0   0x080013c0   0x00000002   Code   RO         5582    .text               c_p.l(use_no_semi.o)
    0x080013c2   0x080013c2   0x00000000   Code   RO         5584    .text               c_p.l(indicate_semi.o)
    0x080013c2   0x080013c2   0x00000056   Code   RO         5636    .text               c_p.l(__dczerorl2.o)
    0x08001418   0x08001418   0x00000010   Code   RO         5194    i.ADC_Handle        adc.o
    0x08001428   0x08001428   0x0000006a   Code   RO         4877    i.AutoCalPllFactor  system_mm32spin2xx_p.o
    0x08001492   0x08001492   0x00000002   PAD
    0x08001494   0x08001494   0x00000050   Code   RO         5306    i.Circle_Detect     path.o
    0x080014e4   0x080014e4   0x00000014   Code   RO         4916    i.DMA1_Channel1_IRQHandler  isr.o
    0x080014f8   0x080014f8   0x00000026   Code   RO         4917    i.DMA1_Channel2_3_IRQHandler  isr.o
    0x0800151e   0x0800151e   0x00000002   PAD
    0x08001520   0x08001520   0x00000054   Code   RO         4918    i.DMA1_Channel4_5_IRQHandler  isr.o
    0x08001574   0x08001574   0x0000000c   Code   RO         2555    i.DMA_ClearFlag     hal_dma.o
    0x08001580   0x08001580   0x00000018   Code   RO         2560    i.DMA_GetFlagStatus  hal_dma.o
    0x08001598   0x08001598   0x00000024   Code   RO         4919    i.EXTI0_1_IRQHandler  isr.o
    0x080015bc   0x080015bc   0x00000024   Code   RO         4920    i.EXTI2_3_IRQHandler  isr.o
    0x080015e0   0x080015e0   0x00000110   Code   RO         4921    i.EXTI4_15_IRQHandler  isr.o
    0x080016f0   0x080016f0   0x0000000c   Code   RO         2656    i.EXTI_ClearFlag    hal_exti.o
    0x080016fc   0x080016fc   0x00000024   Code   RO         2661    i.EXTI_GetITStatus  hal_exti.o
    0x08001720   0x08001720   0x0000012c   Code   RO         5195    i.Get_ADC           adc.o
    0x0800184c   0x0800184c   0x00000044   Code   RO         5196    i.Get_ADC_Avg_Hist  adc.o
    0x08001890   0x08001890   0x00000118   Code   RO         5197    i.Get_ADC_Symbol    adc.o
    0x080019a8   0x080019a8   0x0000012c   Code   RO         5198    i.Get_Dif           adc.o
    0x08001ad4   0x08001ad4   0x00000074   Code   RO         5199    i.GuiYiHua_ADC      adc.o
    0x08001b48   0x08001b48   0x00000004   Code   RO          104    i.HardFault_Handler  common.o
    0x08001b4c   0x08001b4c   0x00000004   Code   RO          106    i.NMI_Handler       common.o
    0x08001b50   0x08001b50   0x00000068   Code   RO         3332    i.NVIC_Init         hal_misc.o
    0x08001bb8   0x08001bb8   0x00000120   Code   RO         5353    i.OLED_Print        oled.o
    0x08001cd8   0x08001cd8   0x00000198   Code   RO         5268    i.PD                pd.o
    0x08001e70   0x08001e70   0x00000238   Code   RO         5269    i.PD_Control        pd.o
    0x080020a8   0x080020a8   0x00000014   Code   RO         5307    i.Path_Detect       path.o
    0x080020bc   0x080020bc   0x00000004   Code   RO          107    i.PendSV_Handler    common.o
    0x080020c0   0x080020c0   0x00000030   Code   RO         5308    i.Roundabout_Detect  path.o
    0x080020f0   0x080020f0   0x00000004   Code   RO          108    i.SVC_Handler       common.o
    0x080020f4   0x080020f4   0x00000034   Code   RO         5309    i.Sancha_Detect     path.o
    0x08002128   0x08002128   0x00000008   Code   RO         4878    i.SetSysClock       system_mm32spin2xx_p.o
    0x08002130   0x08002130   0x00000164   Code   RO         4879    i.SetSysClockToXX   system_mm32spin2xx_p.o
    0x08002294   0x08002294   0x00000074   Code   RO         5310    i.Straight_Detect   path.o
    0x08002308   0x08002308   0x0000006c   Code   RO         4880    i.SystemInit        system_mm32spin2xx_p.o
    0x08002374   0x08002374   0x00000018   Code   RO         4922    i.TIM14_IRQHandler  isr.o
    0x0800238c   0x0800238c   0x00000014   Code   RO         4923    i.TIM16_IRQHandler  isr.o
    0x080023a0   0x080023a0   0x00000014   Code   RO         4924    i.TIM17_IRQHandler  isr.o
    0x080023b4   0x080023b4   0x00000018   Code   RO         4925    i.TIM1_BRK_UP_TRG_COM_IRQHandler  isr.o
    0x080023cc   0x080023cc   0x00000012   Code   RO         4926    i.TIM2_IRQHandler   isr.o
    0x080023de   0x080023de   0x00000002   PAD
    0x080023e0   0x080023e0   0x00000014   Code   RO         4927    i.TIM3_IRQHandler   isr.o
    0x080023f4   0x080023f4   0x00000018   Code   RO         4928    i.TIM8_BRK_UP_TRG_COM_IRQHandler  isr.o
    0x0800240c   0x0800240c   0x000000e8   Code   RO         5373    i.Test_Send_User    uart.o
    0x080024f4   0x080024f4   0x00000034   Code   RO         4929    i.UART1_IRQHandler  isr.o
    0x08002528   0x08002528   0x0000005c   Code   RO         4930    i.UART2_IRQHandler  isr.o
    0x08002584   0x08002584   0x0000006c   Code   RO         1589    i.adc_convert       zf_adc.o
    0x080025f0   0x080025f0   0x000000a8   Code   RO         1590    i.adc_init          zf_adc.o
    0x08002698   0x08002698   0x0000002a   Code   RO         1591    i.adc_mean_filter   zf_adc.o
    0x080026c2   0x080026c2   0x0000001a   Code   RO         1592    i.adc_pin_init      zf_adc.o
    0x080026dc   0x080026dc   0x000000d8   Code   RO         1747    i.afio_init         zf_gpio.o
    0x080027b4   0x080027b4   0x0000001a   Code   RO            3    i.board_init        board.o
    0x080027ce   0x080027ce   0x00000002   PAD
    0x080027d0   0x080027d0   0x0000002c   Code   RO         1749    i.gpio_get          zf_gpio.o
    0x080027fc   0x080027fc   0x000000c8   Code   RO         1750    i.gpio_init         zf_gpio.o
    0x080028c4   0x080028c4   0x0000005c   Code   RO         1751    i.gpio_set          zf_gpio.o
    0x08002920   0x08002920   0x000000a8   Code   RO         5248    i.init_all          init.o
    0x080029c8   0x080029c8   0x0000005c   Code   RO         5134    i.main              main.o
    0x08002a24   0x08002a24   0x00000020   Code   RO         1093    i.mt9v03x_dma       seekfree_mt9v03x.o
    0x08002a44   0x08002a44   0x00000054   Code   RO         1098    i.mt9v03x_uart_callback  seekfree_mt9v03x.o
    0x08002a98   0x08002a98   0x0000001c   Code   RO         1099    i.mt9v03x_vsync     seekfree_mt9v03x.o
    0x08002ab4   0x08002ab4   0x00000090   Code   RO         1297    i.number_conversion_ascii  seekfree_printf.o
    0x08002b44   0x08002b44   0x0000003a   Code   RO         1192    i.oled_fill         seekfree_oled.o
    0x08002b7e   0x08002b7e   0x00000032   Code   RO         1193    i.oled_hexascii     seekfree_oled.o
    0x08002bb0   0x08002bb0   0x00000138   Code   RO         1194    i.oled_init         seekfree_oled.o
    0x08002ce8   0x08002ce8   0x00000064   Code   RO         1196    i.oled_p6x8str      seekfree_oled.o
    0x08002d4c   0x08002d4c   0x0000008c   Code   RO         1197    i.oled_p8x16str     seekfree_oled.o
    0x08002dd8   0x08002dd8   0x000000c0   Code   RO         1199    i.oled_printf_float  seekfree_oled.o
    0x08002e98   0x08002e98   0x00000068   Code   RO         1200    i.oled_printf_int32  seekfree_oled.o
    0x08002f00   0x08002f00   0x00000028   Code   RO         1202    i.oled_set_pos      seekfree_oled.o
    0x08002f28   0x08002f28   0x0000001e   Code   RO         1203    i.oled_uint16       seekfree_oled.o
    0x08002f46   0x08002f46   0x00000002   PAD
    0x08002f48   0x08002f48   0x000000ac   Code   RO         1204    i.oled_wrcmd        seekfree_oled.o
    0x08002ff4   0x08002ff4   0x000000ac   Code   RO         1205    i.oled_wrdat        seekfree_oled.o
    0x080030a0   0x080030a0   0x00000054   Code   RO         1420    i.ov7725_cof_uart_interrupt  seekfree_uart_7725.o
    0x080030f4   0x080030f4   0x00000020   Code   RO          361    i.ov7725_dma        seekfree_7725.o
    0x08003114   0x08003114   0x00000020   Code   RO         1424    i.ov7725_uart_dma   seekfree_uart_7725.o
    0x08003134   0x08003134   0x0000001c   Code   RO         1430    i.ov7725_uart_vsync  seekfree_uart_7725.o
    0x08003150   0x08003150   0x0000001c   Code   RO          374    i.ov7725_vsync      seekfree_7725.o
    0x0800316c   0x0800316c   0x00000022   Code   RO         1298    i.printf_reverse_order  seekfree_printf.o
    0x0800318e   0x0800318e   0x00000002   PAD
    0x08003190   0x08003190   0x000000a8   Code   RO         1848    i.pwm_duty_updata   zf_pwm.o
    0x08003238   0x08003238   0x00000278   Code   RO         1850    i.pwm_init          zf_pwm.o
    0x080034b0   0x080034b0   0x00000018   Code   RO         1851    i.pwm_pin_init      zf_pwm.o
    0x080034c8   0x080034c8   0x00000044   Code   RO         1551    i.seekfree_wireless_send_buff  seekfree_wireless.o
    0x0800350c   0x0800350c   0x00000028   Code   RO         1931    i.systick_delay     zf_systick.o
    0x08003534   0x08003534   0x00000028   Code   RO         1932    i.systick_delay_ms  zf_systick.o
    0x0800355c   0x0800355c   0x0000002c   Code   RO         5135    i.tim14_interrupt_handler  main.o
    0x08003588   0x08003588   0x00000002   Code   RO         5136    i.tim1_interrupt_handler  main.o
    0x0800358a   0x0800358a   0x0000000c   Code   RO         5137    i.tim8_interrupt_handler  main.o
    0x08003596   0x08003596   0x00000002   PAD
    0x08003598   0x08003598   0x000000e4   Code   RO         1805    i.tim_interrupt_init  zf_pit.o
    0x0800367c   0x0800367c   0x000000c4   Code   RO         2050    i.uart_init         zf_uart.o
    0x08003740   0x08003740   0x0000002c   Code   RO         2051    i.uart_pin_init     zf_uart.o
    0x0800376c   0x0800376c   0x00000030   Code   RO         2052    i.uart_putbuff      zf_uart.o
    0x0800379c   0x0800379c   0x000002c0   Code   RO         1299    i.zf_sprintf        seekfree_printf.o
    0x08003a5c   0x08003a5c   0x00000064   Code   RO         5417    x$fpl$deqf          fz_ps.l(deqf.o)
    0x08003ac0   0x08003ac0   0x00000064   Code   RO         5425    x$fpl$dleqf         fz_ps.l(dlef.o)
    0x08003b24   0x08003b24   0x00000068   Code   RO         5429    x$fpl$drleqf        fz_ps.l(drlef.o)
    0x08003b8c   0x08003b8c   0x0000008c   Code   RO         5433    x$fpl$fadd          fz_ps.l(faddsub.o)
    0x08003c18   0x08003c18   0x00000054   Code   RO         5446    x$fpl$fleqf         fz_ps.l(flef.o)
    0x08003c6c   0x08003c6c   0x000000b0   Code   RO         5448    x$fpl$fmul          fz_ps.l(fmul.o)
    0x08003d1c   0x08003d1c   0x00000058   Code   RO         5450    x$fpl$frleqf        fz_ps.l(frlef.o)
    0x08003d74   0x08003d74   0x000000d0   Code   RO         5435    x$fpl$fsub          fz_ps.l(faddsub.o)
    0x08003e44   0x08003e44   0x00000000   Code   RO         5465    x$fpl$usenofp       fz_ps.l(usenofp.o)
    0x08003e44   0x08003e44   0x00001b88   Data   RO          652    .constdata          seekfree_font.o
    0x080059cc   0x080059cc   0x00000080   Data   RO         5415    .constdata          fz_ps.l(ddiv.o)
    0x08005a4c   0x08005a4c   0x00000040   Data   RO         5440    .constdata          fz_ps.l(fdiv.o)
    0x08005a8c   0x08005a8c   0x00000020   Data   RO         5634    Region$$Table       anon$$obj.o


    Execution Region RW_IRAM1 (Exec base: 0x20000000, Load base: 0x08005aac, Size: 0x000008a8, Max: 0x00003000, ABSOLUTE, COMPRESSED[0x00000098])

    Exec Addr    Load Addr    Size         Type   Attr      Idx    E Section Name        Object

    0x20000000   COMPRESSED   0x00000008   Data   RW          113    .data               common.o
    0x20000008   COMPRESSED   0x00000004   Data   RW          376    .data               seekfree_7725.o
    0x2000000c   COMPRESSED   0x0000004a   Data   RW         1105    .data               seekfree_mt9v03x.o
    0x20000056   COMPRESSED   0x00000033   Data   RW         1433    .data               seekfree_uart_7725.o
    0x20000089   COMPRESSED   0x00000003   PAD
    0x2000008c   COMPRESSED   0x0000000a   Data   RW         1593    .data               zf_adc.o
    0x20000096   COMPRESSED   0x00000002   PAD
    0x20000098   COMPRESSED   0x00000010   Data   RW         1753    .data               zf_gpio.o
    0x200000a8   COMPRESSED   0x0000001c   Data   RW         1990    .data               zf_tim.o
    0x200000c4   COMPRESSED   0x0000000a   Data   RW         2058    .data               zf_uart.o
    0x200000ce   COMPRESSED   0x00000002   PAD
    0x200000d0   COMPRESSED   0x00000014   Data   RW         4881    .data               system_mm32spin2xx_p.o
    0x200000e4   COMPRESSED   0x00000001   Data   RW         5138    .data               main.o
    0x200000e5   COMPRESSED   0x00000003   PAD
    0x200000e8   COMPRESSED   0x00000038   Data   RW         5201    .data               adc.o
    0x20000120   COMPRESSED   0x0000002c   Data   RW         5271    .data               pd.o
    0x2000014c   COMPRESSED   0x00000008   Data   RW         5311    .data               path.o
    0x20000154        -       0x0000001c   Zero   RW         1852    .bss                zf_pwm.o
    0x20000170        -       0x00000080   Zero   RW         5200    .bss                adc.o
    0x200001f0        -       0x00000024   Zero   RW         5270    .bss                pd.o
    0x20000214        -       0x00000032   Zero   RW         5374    .bss                uart.o
    0x20000246   COMPRESSED   0x00000002   PAD
    0x20000248        -       0x00000060   Zero   RW         5507    .bss                c_p.l(libspace.o)
    0x200002a8        -       0x00000200   Zero   RW         4869    HEAP                startup_mm32spin2xx_p_keil.o
    0x200004a8        -       0x00000400   Zero   RW         4868    STACK               startup_mm32spin2xx_p_keil.o


==============================================================================

Image component sizes


      Code (inc. data)   RO Data    RW Data    ZI Data      Debug   Object Name

      1080        108          0         56        128       4105   adc.o
        26          0          0          0          0      65786   board.o
        16          0          0          8          0       4888   common.o
        36         10          0          0          0        932   hal_dma.o
        48         12          0          0          0        944   hal_exti.o
       104          4          0          0          0       1788   hal_misc.o
       168         30          0          0          0        439   init.o
       780         52          0          0          0       8339   isr.o
       150         22          0          1          0       1695   main.o
       288         66          0          0          0        469   oled.o
       316         82          0          8          0       2593   path.o
       976        128          0         44         36       2592   pd.o
        60         18          0          4          0       2706   seekfree_7725.o
         0          0          0          0          0       1576   seekfree_absolute_encoder.o
         0          0       7048          0          0        805   seekfree_font.o
       144         38          0         74          0       2154   seekfree_mt9v03x.o
      1370         34          0          0          0       7592   seekfree_oled.o
       882          6          0          0          0      12831   seekfree_printf.o
       144         36          0         51          0       2272   seekfree_uart_7725.o
        68          0          0          0          0        650   seekfree_wireless.o
       160         76        192          0       1536        656   startup_mm32spin2xx_p_keil.o
       578         44          0         20          0       3116   system_mm32spin2xx_p.o
       232          4          0          0         50       1202   uart.o
       344         20          0         10          0       3586   zf_adc.o
       552         32          0         16          0       3831   zf_gpio.o
       228         20          0          0          0        761   zf_pit.o
       824         40          0          0         28       2572   zf_pwm.o
        80         10          0          0          0        939   zf_systick.o
         0          0          0         28          0        480   zf_tim.o
       288         22          0         10          0       2989   zf_uart.o

    ----------------------------------------------------------------------
      9956        914       7272        340       1780     145288   Object Totals
         0          0         32          0          0          0   (incl. Generated)
        14          0          0         10          2          0   (incl. Padding)

    ----------------------------------------------------------------------

      Code (inc. data)   RO Data    RW Data    ZI Data      Debug   Library Member Name

        86          0          0          0          0          0   __dczerorl2.o
         8          0          0          0          0         68   __main.o
         0          0          0          0          0          0   __rtentry.o
        12          0          0          0          0          0   __rtentry2.o
         6          0          0          0          0          0   __rtentry4.o
        60          8          0          0          0          0   __scatter.o
        28          0          0          0          0          0   __scatter_zi.o
       346          0          0          0          0         92   aeabi_sdiv.o
        16          0          0          0          0         68   exit.o
         6          0          0          0          0        136   heapauxi.o
         0          0          0          0          0          0   indicate_semi.o
         2          0          0          0          0          0   libinit.o
         2          0          0          0          0          0   libinit2.o
         2          0          0          0          0          0   libshutdown.o
         2          0          0          0          0          0   libshutdown2.o
         8          4          0          0         96         68   libspace.o
       186          0          0          0          0        144   rt_memcpy.o
         2          0          0          0          0          0   rtexit.o
        10          0          0          0          0          0   rtexit2.o
        12          4          0          0          0         60   sys_exit.o
        62          0          0          0          0         80   sys_stackheap_outer.o
         2          0          0          0          0         68   use_no_semi.o
        46          0          0          0          0         60   cmpret.o
       124          4          0          0          0         72   d2f.o
       856         20          0          0          0        208   daddsub.o
       144          4          0          0          0         76   dcmpin.o
      1096         26        128          0          0        112   ddiv.o
       100          4          0          0          0         92   deqf.o
       108         10          0          0          0         72   dfixi.o
        72          4          0          0          0         68   dfixui.o
        88          0          0          0          0         92   dflti.o
       100          4          0          0          0         92   dlef.o
       584         26          0          0          0         84   dmul.o
        20          6          0          0          0         68   dnan2.o
       104          4          0          0          0        104   drlef.o
        84          4          0          0          0         60   f2d.o
       348          8          0          0          0        160   faddsub.o
       100          4          0          0          0         68   fcmpin.o
       352         10         64          0          0         92   fdiv.o
        48          0          0          0          0         60   ffixui.o
        94          0          0          0          0         92   fflti.o
        84          4          0          0          0         76   flef.o
       176          4          0          0          0         80   fmul.o
        16          6          0          0          0         68   fnan2.o
        88          4          0          0          0         76   frlef.o
        94          0          0          0          0         68   retnan.o
         0          0          0          0          0          0   usenofp.o

    ----------------------------------------------------------------------
      5792        172        192          0         96       2884   Library Totals
         8          0          0          0          0          0   (incl. Padding)

    ----------------------------------------------------------------------

      Code (inc. data)   RO Data    RW Data    ZI Data      Debug   Library Name

       858         16          0          0         96        784   c_p.l
      4926        156        192          0          0       2100   fz_ps.l

    ----------------------------------------------------------------------
      5792        172        192          0         96       2884   Library Totals

    ----------------------------------------------------------------------

==============================================================================


      Code (inc. data)   RO Data    RW Data    ZI Data      Debug   

     15748       1086       7464        340       1876     142988   Grand Totals
     15748       1086       7464        152       1876     142988   ELF Image Totals (compressed)
     15748       1086       7464        152          0          0   ROM Totals

==============================================================================

    Total RO  Size (Code + RO Data)                23212 (  22.67kB)
    Total RW  Size (RW Data + ZI Data)              2216 (   2.16kB)
    Total ROM Size (Code + RO Data + RW Data)      23364 (  22.82kB)

==============================================================================

